Archive member included to satisfy reference by file (symbol)

/home/hardik/Project/TFA9879/buildroot-2018.02.3/output/host/lib/gcc/arm-buildroot-linux-uclibcgnueabihf/6.4.0/libgcc.a(_udivsi3.o)
                              cmd/built-in.o (__aeabi_uidiv)
/home/hardik/Project/TFA9879/buildroot-2018.02.3/output/host/lib/gcc/arm-buildroot-linux-uclibcgnueabihf/6.4.0/libgcc.a(_divsi3.o)
                              arch/arm/mach-sunxi/built-in.o (__aeabi_idiv)
/home/hardik/Project/TFA9879/buildroot-2018.02.3/output/host/lib/gcc/arm-buildroot-linux-uclibcgnueabihf/6.4.0/libgcc.a(_lshrdi3.o)
                              fs/built-in.o (__aeabi_llsr)
/home/hardik/Project/TFA9879/buildroot-2018.02.3/output/host/lib/gcc/arm-buildroot-linux-uclibcgnueabihf/6.4.0/libgcc.a(_ashldi3.o)
                              drivers/mmc/built-in.o (__aeabi_llsl)
/home/hardik/Project/TFA9879/buildroot-2018.02.3/output/host/lib/gcc/arm-buildroot-linux-uclibcgnueabihf/6.4.0/libgcc.a(_dvmd_lnx.o)
                              /home/hardik/Project/TFA9879/buildroot-2018.02.3/output/host/lib/gcc/arm-buildroot-linux-uclibcgnueabihf/6.4.0/libgcc.a(_udivsi3.o) (__aeabi_idiv0)

Discarded input sections

 .data          0x0000000000000000        0x0 arch/arm/cpu/armv7/start.o
 .bss           0x0000000000000000        0x0 arch/arm/cpu/armv7/start.o
 .text.mmu_page_table_flush
                0x0000000000000000       0x24 arch/arm/cpu/armv7/built-in.o
 .text.v7_arch_cp15_set_l2aux_ctrl
                0x0000000000000000        0x8 arch/arm/cpu/armv7/built-in.o
 .text.v7_arch_cp15_set_acr
                0x0000000000000000        0x8 arch/arm/cpu/armv7/built-in.o
 .text.sdelay   0x0000000000000000        0xc arch/arm/cpu/armv7/built-in.o
 .text.wait_on_value
                0x0000000000000000       0x34 arch/arm/cpu/armv7/built-in.o
 .text.smp_kick_all_cpus
                0x0000000000000000       0x1c arch/arm/cpu/armv7/built-in.o
 .data          0x0000000000000000        0x0 arch/arm/cpu/armv7/built-in.o
 .bss           0x0000000000000000        0x0 arch/arm/cpu/armv7/built-in.o
 .text.enable_caches
                0x0000000000000000        0xc arch/arm/lib/built-in.o
 .text.invalidate_dcache_range
                0x0000000000000000        0x4 arch/arm/lib/built-in.o
 .text.flush_dcache_range
                0x0000000000000000        0x4 arch/arm/lib/built-in.o
 .text.flush_dcache_all
                0x0000000000000000        0xc arch/arm/lib/built-in.o
 .text.arm_init_before_mmu
                0x0000000000000000        0x4 arch/arm/lib/built-in.o
 .text.mmu_page_table_flush
                0x0000000000000000        0x4 arch/arm/lib/built-in.o
 .text.mmu_set_region_dcache_behaviour
                0x0000000000000000       0x4c arch/arm/lib/built-in.o
 .text.icache_status
                0x0000000000000000        0xc arch/arm/lib/built-in.o
 .rodata.enable_caches.str1.1
                0x0000000000000000       0x1d arch/arm/lib/built-in.o
 .data          0x0000000000000000        0x0 arch/arm/lib/built-in.o
 .bss           0x0000000000000000        0x0 arch/arm/lib/built-in.o
 .text          0x0000000000000000        0x0 arch/arm/mach-sunxi/built-in.o
 .text.spl_board_load_image
                0x0000000000000000       0x1c arch/arm/mach-sunxi/built-in.o
 .text.mctl_await_completion
                0x0000000000000000       0x48 arch/arm/mach-sunxi/built-in.o
 .text.mctl_mem_matches
                0x0000000000000000       0x38 arch/arm/mach-sunxi/built-in.o
 .text.sunxi_gpio_get_cfgpin
                0x0000000000000000       0x30 arch/arm/mach-sunxi/built-in.o
 .text.sunxi_usb_phy_enable_squelch_detect
                0x0000000000000000       0x28 arch/arm/mach-sunxi/built-in.o
 .text.sunxi_usb_phy_power_off
                0x0000000000000000       0x30 arch/arm/mach-sunxi/built-in.o
 .text.sunxi_usb_phy_power_is_on
                0x0000000000000000       0x20 arch/arm/mach-sunxi/built-in.o
 .text.sunxi_usb_phy_vbus_detect
                0x0000000000000000       0x4c arch/arm/mach-sunxi/built-in.o
 .text.sunxi_usb_phy_id_detect
                0x0000000000000000       0x1c arch/arm/mach-sunxi/built-in.o
 .text.sunxi_usb_phy_remove
                0x0000000000000000       0x68 arch/arm/mach-sunxi/built-in.o
 .text.clock_get_pll3
                0x0000000000000000       0x20 arch/arm/mach-sunxi/built-in.o
 .text.pmic_bus_init
                0x0000000000000000       0x20 arch/arm/mach-sunxi/built-in.o
 .text.pmic_bus_read
                0x0000000000000000       0x24 arch/arm/mach-sunxi/built-in.o
 .text.pmic_bus_setbits
                0x0000000000000000       0x38 arch/arm/mach-sunxi/built-in.o
 .text.pmic_bus_clrbits
                0x0000000000000000       0x38 arch/arm/mach-sunxi/built-in.o
 .rodata.mctl_await_completion.str1.1
                0x0000000000000000       0x1b arch/arm/mach-sunxi/built-in.o
 .data          0x0000000000000000       0x18 arch/arm/mach-sunxi/built-in.o
 .data.needs_init.7198
[...]
Memory Configuration

Name             Origin             Length             Attributes
*default*        0x0000000000000000 0xffffffffffffffff

Linker script and memory map

Address of section .text set to 0x4a000000

/DISCARD/
 *(.rel._secure*)
                0x0000000000000000                . = 0x0
                0x0000000000000000                . = ALIGN (0x4)

.text           0x000000004a000000    0x41f28
 *(.__image_copy_start)
 .__image_copy_start
                0x000000004a000000        0x0 arch/arm/lib/built-in.o
                0x000000004a000000                __image_copy_start
 *(.vectors)
 .vectors       0x000000004a000000      0x2e8 arch/arm/lib/built-in.o
                0x000000004a000000                _start
                0x000000004a000020                _undefined_instruction
                0x000000004a000024                _software_interrupt
                0x000000004a000028                _prefetch_abort
                0x000000004a00002c                _data_abort
                0x000000004a000030                _not_used
                0x000000004a000034                _irq
                0x000000004a000038                _fiq
                0x000000004a000040                IRQ_STACK_START_IN
 arch/arm/cpu/armv7/start.o(.text*)
 .text          0x000000004a0002e8       0xb0 arch/arm/cpu/armv7/start.o
                0x000000004a0002e8                reset
                0x000000004a0002ec                save_boot_params_ret
                0x000000004a000328                c_runtime_cpu_setup
                0x000000004a000338                save_boot_params
                0x000000004a00033c                cpu_init_cp15
                0x000000004a000390                cpu_init_crit
 *(.text*)
 .text          0x000000004a000398      0x16c arch/arm/cpu/armv7/built-in.o
                0x000000004a000398                __v7_flush_dcache_all
                0x000000004a00042c                v7_flush_dcache_all
                0x000000004a00043c                __v7_invalidate_dcache_all
                0x000000004a0004d0                v7_invalidate_dcache_all
                0x000000004a0004e0                lowlevel_init
 .text.invalidate_icache_all
                0x000000004a000504       0x18 arch/arm/cpu/armv7/built-in.o
                0x000000004a000504                invalidate_icache_all
 .text.v7_outer_cache_enable
                0x000000004a00051c        0x4 arch/arm/cpu/armv7/built-in.o
                0x000000004a00051c                v7_outer_cache_enable
 .text.v7_outer_cache_disable
                0x000000004a000520        0x4 arch/arm/cpu/armv7/built-in.o
                0x000000004a000520                v7_outer_cache_disable
 .text.v7_outer_cache_flush_all
                0x000000004a000524        0x4 arch/arm/cpu/armv7/built-in.o
                0x000000004a000524                v7_outer_cache_flush_all
 .text.flush_dcache_all
                0x000000004a000528       0x10 arch/arm/cpu/armv7/built-in.o
                0x000000004a000528                flush_dcache_all
 .text.v7_outer_cache_inval_all
                0x000000004a000538        0x4 arch/arm/cpu/armv7/built-in.o
                0x000000004a000538                v7_outer_cache_inval_all
 .text.invalidate_dcache_all
                0x000000004a00053c       0x10 arch/arm/cpu/armv7/built-in.o
                0x000000004a00053c                invalidate_dcache_all
 .text.arm_init_before_mmu
                0x000000004a00054c       0x28 arch/arm/cpu/armv7/built-in.o
                0x000000004a00054c                arm_init_before_mmu
 .text.v7_outer_cache_flush_range
                0x000000004a000574        0x4 arch/arm/cpu/armv7/built-in.o
                0x000000004a000574                v7_outer_cache_flush_range
 .text.flush_dcache_range
                0x000000004a000578       0x38 arch/arm/cpu/armv7/built-in.o
                0x000000004a000578                flush_dcache_range
 .text.v7_outer_cache_inval_range
                0x000000004a0005b0        0x4 arch/arm/cpu/armv7/built-in.o
                0x000000004a0005b0                v7_outer_cache_inval_range
 .text.invalidate_dcache_range
                0x000000004a0005b4       0xa8 arch/arm/cpu/armv7/built-in.o
                0x000000004a0005b4                invalidate_dcache_range
 .text.cpu_cache_initialization
                0x000000004a00065c        0x4 arch/arm/cpu/armv7/built-in.o
                0x000000004a00065c                cpu_cache_initialization
 .text.cleanup_before_linux_select
                0x000000004a000660       0x4c arch/arm/cpu/armv7/built-in.o
                0x000000004a000660                cleanup_before_linux_select
 .text.cleanup_before_linux
                0x000000004a0006ac        0x8 arch/arm/cpu/armv7/built-in.o
                0x000000004a0006ac                cleanup_before_linux
 .text.get_gicd_base_address
                0x000000004a0006b4       0x34 arch/arm/cpu/armv7/built-in.o
 .text.protect_secure_section
                0x000000004a0006e8        0x4 arch/arm/cpu/armv7/built-in.o
                0x000000004a0006e8                protect_secure_section
 .text.psci_board_init
                0x000000004a0006ec        0x4 arch/arm/cpu/armv7/built-in.o
                0x000000004a0006ec                psci_board_init
 .text.armv7_init_nonsec
                0x000000004a0006f0       0xbc arch/arm/cpu/armv7/built-in.o
                0x000000004a0006f0                armv7_init_nonsec
 .text.armv7_apply_memory_carveout
                0x000000004a0007ac        0x8 arch/arm/cpu/armv7/built-in.o
                0x000000004a0007ac                armv7_apply_memory_carveout
 .text.psci_update_dt
                0x000000004a0007b4      0x264 arch/arm/cpu/armv7/built-in.o
                0x000000004a0007b4                psci_update_dt
 .text.timer_init
                0x000000004a000a18       0x20 arch/arm/cpu/armv7/built-in.o
                0x000000004a000a18                timer_init
 .text.get_timer_masked
                0x000000004a000a38       0x64 arch/arm/cpu/armv7/built-in.o
                0x000000004a000a38                get_timer_masked
 .text.get_timer
                0x000000004a000a9c       0x14 arch/arm/cpu/armv7/built-in.o
                0x000000004a000a9c                get_timer
 .text.__udelay
                0x000000004a000ab0       0x4c arch/arm/cpu/armv7/built-in.o
                0x000000004a000ab0                __udelay
 .text.get_ticks
                0x000000004a000afc       0x10 arch/arm/cpu/armv7/built-in.o
                0x000000004a000afc                get_ticks
 .text.get_tbclk
                0x000000004a000b0c        0x8 arch/arm/cpu/armv7/built-in.o
                0x000000004a000b0c                get_tbclk
 .text          0x000000004a000b14       0x90 arch/arm/lib/built-in.o
                0x000000004a000b14                _main
 .text.relocate_vectors
                0x000000004a000ba4       0x70 arch/arm/lib/built-in.o
                0x000000004a000ba4                relocate_vectors
                0x000000004a000bb0                relocate_code
 .text.arch_fixup_fdt
                0x000000004a000c14       0x64 arch/arm/lib/built-in.o
                0x000000004a000c14                arch_fixup_fdt
 .text.arch_lmb_reserve
                0x000000004a000c78       0x24 arch/arm/lib/built-in.o
                0x000000004a000c78                arch_lmb_reserve
 .text.setup_board_tags
                0x000000004a000c9c        0x4 arch/arm/lib/built-in.o
                0x000000004a000c9c                setup_board_tags
 .text.boot_prep_linux
                0x000000004a000ca0      0x1e8 arch/arm/lib/built-in.o
 .text.armv7_boot_nonsec
                0x000000004a000e88       0x54 arch/arm/lib/built-in.o
                0x000000004a000e88                armv7_boot_nonsec
 .text.boot_jump_linux
                0x000000004a000edc       0xfc arch/arm/lib/built-in.o
 .text.do_bootm_linux
                0x000000004a000fd8       0x58 arch/arm/lib/built-in.o
                0x000000004a000fd8                do_bootm_linux
 .text.bootz_setup
                0x000000004a001030       0x58 arch/arm/lib/built-in.o
                0x000000004a001030                bootz_setup
 .text.boot_prep_vxworks
                0x000000004a001088       0x50 arch/arm/lib/built-in.o
                0x000000004a001088                boot_prep_vxworks
 .text.boot_jump_vxworks
                0x000000004a0010d8        0xc arch/arm/lib/built-in.o
                0x000000004a0010d8                boot_jump_vxworks
 .text.arch_reserve_stacks
                0x000000004a0010e4       0x1c arch/arm/lib/built-in.o
                0x000000004a0010e4                arch_reserve_stacks
 .text.interrupt_init
                0x000000004a001100       0x1c arch/arm/lib/built-in.o
                0x000000004a001100                interrupt_init
 .text.enable_interrupts
                0x000000004a00111c        0x4 arch/arm/lib/built-in.o
                0x000000004a00111c                enable_interrupts
 .text.disable_interrupts
                0x000000004a001120        0x8 arch/arm/lib/built-in.o
                0x000000004a001120                disable_interrupts
 .text.bad_mode
                0x000000004a001128       0x10 arch/arm/lib/built-in.o
                0x000000004a001128                bad_mode
 .text.show_regs
                0x000000004a001138      0x174 arch/arm/lib/built-in.o
                0x000000004a001138                show_regs
 .text.do_undefined_instruction
                0x000000004a0012ac       0x24 arch/arm/lib/built-in.o
                0x000000004a0012ac                do_undefined_instruction
 .text.do_software_interrupt
                0x000000004a0012d0       0x24 arch/arm/lib/built-in.o
                0x000000004a0012d0                do_software_interrupt
 .text.do_prefetch_abort
                0x000000004a0012f4       0x24 arch/arm/lib/built-in.o
                0x000000004a0012f4                do_prefetch_abort
 .text.do_data_abort
                0x000000004a001318       0x24 arch/arm/lib/built-in.o
                0x000000004a001318                do_data_abort
 .text.do_not_used
                0x000000004a00133c       0x24 arch/arm/lib/built-in.o
                0x000000004a00133c                do_not_used
 .text.do_fiq   0x000000004a001360       0x24 arch/arm/lib/built-in.o
                0x000000004a001360                do_fiq
 .text.do_irq   0x000000004a001384       0x24 arch/arm/lib/built-in.o
                0x000000004a001384                do_irq
 .text.reset_misc
                0x000000004a0013a8        0x4 arch/arm/lib/built-in.o
                0x000000004a0013a8                reset_misc
 .text.do_reset
                0x000000004a0013ac       0x30 arch/arm/lib/built-in.o
                0x000000004a0013ac                do_reset
 .text.flush_cache
                0x000000004a0013dc        0x8 arch/arm/lib/built-in.o
                0x000000004a0013dc                flush_cache
 .text.cp_delay
                0x000000004a0013e4       0x30 arch/arm/lib/built-in.o
 .text.arm_init_domains
                0x000000004a001414        0x4 arch/arm/lib/built-in.o
                0x000000004a001414                arm_init_domains
 .text.set_section_dcache
                0x000000004a001418       0x14 arch/arm/lib/built-in.o
                0x000000004a001418                set_section_dcache
 .text.dram_bank_mmu_setup
                0x000000004a00142c       0x44 arch/arm/lib/built-in.o
                0x000000004a00142c                dram_bank_mmu_setup
 .text.icache_enable
                0x000000004a001470       0x18 arch/arm/lib/built-in.o
                0x000000004a001470                icache_enable
 .text.icache_disable
                0x000000004a001488       0x20 arch/arm/lib/built-in.o
                0x000000004a001488                icache_disable
 .text.dcache_enable
                0x000000004a0014a8       0x78 arch/arm/lib/built-in.o
                0x000000004a0014a8                dcache_enable
 .text.dcache_disable
                0x000000004a001520       0x2c arch/arm/lib/built-in.o
                0x000000004a001520                dcache_disable
 .text.dcache_status
                0x000000004a00154c        0xc arch/arm/lib/built-in.o
                0x000000004a00154c                dcache_status
 .text.s_init   0x000000004a001558       0x48 arch/arm/mach-sunxi/built-in.o
                0x000000004a001558                s_init
 .text.reset_cpu
                0x000000004a0015a0       0x20 arch/arm/mach-sunxi/built-in.o
                0x000000004a0015a0                reset_cpu
 .text.enable_caches
                0x000000004a0015c0        0x4 arch/arm/mach-sunxi/built-in.o
                0x000000004a0015c0                enable_caches
 .text.clock_init_sec
                0x000000004a0015c4        0x4 arch/arm/mach-sunxi/built-in.o
                0x000000004a0015c4                clock_init_sec
 .text.clock_init
                0x000000004a0015c8       0x14 arch/arm/mach-sunxi/built-in.o
                0x000000004a0015c8                clock_init
 .text.print_cpuinfo
                0x000000004a0015dc       0x18 arch/arm/mach-sunxi/built-in.o
                0x000000004a0015dc                print_cpuinfo
 .text.sunxi_get_sid
                0x000000004a0015f4       0x30 arch/arm/mach-sunxi/built-in.o
                0x000000004a0015f4                sunxi_get_sid
 .text.sunxi_gpio_set_cfgbank
                0x000000004a001624       0x28 arch/arm/mach-sunxi/built-in.o
                0x000000004a001624                sunxi_gpio_set_cfgbank
 .text.sunxi_gpio_set_cfgpin
                0x000000004a00164c       0x38 arch/arm/mach-sunxi/built-in.o
                0x000000004a00164c                sunxi_gpio_set_cfgpin
 .text.sunxi_gpio_get_cfgbank
                0x000000004a001684       0x1c arch/arm/mach-sunxi/built-in.o
                0x000000004a001684                sunxi_gpio_get_cfgbank
 .text.sunxi_gpio_set_drv
                0x000000004a0016a0       0x58 arch/arm/mach-sunxi/built-in.o
                0x000000004a0016a0                sunxi_gpio_set_drv
 .text.sunxi_gpio_set_pull
                0x000000004a0016f8       0x58 arch/arm/mach-sunxi/built-in.o
                0x000000004a0016f8                sunxi_gpio_set_pull
 .text.usb_phy_write.isra.0
                0x000000004a001750       0x8c arch/arm/mach-sunxi/built-in.o
 .text.sunxi_usb_phy_init
                0x000000004a0017dc       0xa4 arch/arm/mach-sunxi/built-in.o
                0x000000004a0017dc                sunxi_usb_phy_init
 .text.sunxi_usb_phy_exit
                0x000000004a001880       0x5c arch/arm/mach-sunxi/built-in.o
                0x000000004a001880                sunxi_usb_phy_exit
 .text.sunxi_usb_phy_power_on
                0x000000004a0018dc       0x5c arch/arm/mach-sunxi/built-in.o
                0x000000004a0018dc                sunxi_usb_phy_power_on
 .text.sunxi_usb_phy_probe
                0x000000004a001938      0x138 arch/arm/mach-sunxi/built-in.o
                0x000000004a001938                sunxi_usb_phy_probe
 .text.clock_init_uart
                0x000000004a001a70       0x20 arch/arm/mach-sunxi/built-in.o
                0x000000004a001a70                clock_init_uart
 .text.clock_twi_onoff
                0x000000004a001a90       0x28 arch/arm/mach-sunxi/built-in.o
                0x000000004a001a90                clock_twi_onoff
 .text.clock_set_pll3
                0x000000004a001ab8       0x38 arch/arm/mach-sunxi/built-in.o
                0x000000004a001ab8                clock_set_pll3
 .text.clock_get_pll5p
                0x000000004a001af0       0x30 arch/arm/mach-sunxi/built-in.o
                0x000000004a001af0                clock_get_pll5p
 .text.clock_get_pll6
                0x000000004a001b20       0x2c arch/arm/mach-sunxi/built-in.o
                0x000000004a001b20                clock_get_pll6
 .text.clock_set_de_mod_clock
                0x000000004a001b4c       0x48 arch/arm/mach-sunxi/built-in.o
                0x000000004a001b4c                clock_set_de_mod_clock
 .text.pmic_bus_write
                0x000000004a001b94       0x28 arch/arm/mach-sunxi/built-in.o
                0x000000004a001b94                pmic_bus_write
 .text.board_init
                0x000000004a001bbc       0x5c board/sunxi/built-in.o
                0x000000004a001bbc                board_init
 .text.dram_init
                0x000000004a001c18       0x20 board/sunxi/built-in.o
                0x000000004a001c18                dram_init
 .text.board_mmc_init
                0x000000004a001c38       0x50 board/sunxi/built-in.o
                0x000000004a001c38                board_mmc_init
 .text.i2c_init_board
                0x000000004a001c88       0x2c board/sunxi/built-in.o
                0x000000004a001c88                i2c_init_board
 .text.get_board_serial
                0x000000004a001cb4       0x3c board/sunxi/built-in.o
                0x000000004a001cb4                get_board_serial
 .text.misc_init_r
                0x000000004a001cf0      0x178 board/sunxi/built-in.o
                0x000000004a001cf0                misc_init_r
 .text.ft_board_setup
                0x000000004a001e68        0x4 board/sunxi/built-in.o
                0x000000004a001e68                ft_board_setup
 .text.eth_init_board
                0x000000004a001e6c       0x4c board/sunxi/built-in.o
                0x000000004a001e6c                eth_init_board
 .text.scsi_init
                0x000000004a001eb8      0x138 board/sunxi/built-in.o
                0x000000004a001eb8                scsi_init
 .text.do_go_exec
                0x000000004a001ff0       0x10 cmd/built-in.o
                0x000000004a001ff0                do_go_exec
 .text.do_go    0x000000004a002000       0x6c cmd/built-in.o
 .text.do_bootm
                0x000000004a00206c      0x108 cmd/built-in.o
                0x000000004a00206c                do_bootm
 .text.do_bootd
                0x000000004a002174       0x20 cmd/built-in.o
                0x000000004a002174                do_bootd
 .text.image_info
                0x000000004a002194       0xcc cmd/built-in.o
 .text.do_iminfo
                0x000000004a002260       0x5c cmd/built-in.o
 .text.bootm_maybe_autostart
                0x000000004a0022bc       0x78 cmd/built-in.o
                0x000000004a0022bc                bootm_maybe_autostart
 .text.do_bootz
                0x000000004a002334       0xfc cmd/built-in.o
                0x000000004a002334                do_bootz
 .text.do_help  0x000000004a002430       0x44 cmd/built-in.o
 .text.do_version
                0x000000004a002474       0x38 cmd/built-in.o
 .text.source   0x000000004a0024ac       0xd4 cmd/built-in.o
                0x000000004a0024ac                source
 .text.do_source
                0x000000004a002580       0x44 cmd/built-in.o
 .text.print_num
                0x000000004a0025c4       0x14 cmd/built-in.o
 .text.do_bdinfo
                0x000000004a0025d8       0xd0 cmd/built-in.o
 .text.bootefi_open_dp
                0x000000004a0026a8       0x14 cmd/built-in.o
 .text.do_bootefi_exec
                0x000000004a0026bc      0x214 cmd/built-in.o
 .text.do_bootefi
                0x000000004a0028d0       0x8c cmd/built-in.o
 .text.efi_set_bootdev
                0x000000004a00295c      0x13c cmd/built-in.o
                0x000000004a00295c                efi_set_bootdev
 .text.do_coninfo
                0x000000004a002a98       0xb0 cmd/built-in.o
 .text.do_echo  0x000000004a002b48       0xb4 cmd/built-in.o
 .text.load_elf_image_shdr
                0x000000004a002bfc       0x8c cmd/built-in.o
 .text.valid_elf_image
                0x000000004a002c88       0x4c cmd/built-in.o
                0x000000004a002c88                valid_elf_image
 .text.do_bootelf
                0x000000004a002cd4      0x1ac cmd/built-in.o
                0x000000004a002cd4                do_bootelf
 .text.do_bootvx
                0x000000004a002e80      0x330 cmd/built-in.o
                0x000000004a002e80                do_bootvx
 .text.do_exit  0x000000004a0031b0       0x48 cmd/built-in.o
 .text.do_ext4_size
                0x000000004a0031f8       0x18 cmd/built-in.o
                0x000000004a0031f8                do_ext4_size
 .text.do_ext4_load
                0x000000004a003210       0x18 cmd/built-in.o
                0x000000004a003210                do_ext4_load
 .text.do_ext4_ls
                0x000000004a003228       0x18 cmd/built-in.o
                0x000000004a003228                do_ext4_ls
 .text.do_ext2load
                0x000000004a003240       0x18 cmd/built-in.o
                0x000000004a003240                do_ext2load
 .text.do_ext2ls
                0x000000004a003258       0x18 cmd/built-in.o
 .text.do_fat_size
                0x000000004a003270       0x18 cmd/built-in.o
                0x000000004a003270                do_fat_size
 .text.do_fat_fsload
                0x000000004a003288       0x18 cmd/built-in.o
                0x000000004a003288                do_fat_fsload
 .text.do_fat_ls
                0x000000004a0032a0       0x18 cmd/built-in.o
 .text.do_fat_fsinfo
                0x000000004a0032b8       0x8c cmd/built-in.o
 .text.do_fat_fswrite
                0x000000004a003344      0x108 cmd/built-in.o
 .text.fdt_valid
                0x000000004a00344c       0xbc cmd/built-in.o
 .text.is_printable_string
                0x000000004a003508       0x88 cmd/built-in.o
 .text.print_data
                0x000000004a003590      0x170 cmd/built-in.o
 .text.set_working_fdt_addr
                0x000000004a003700       0x1c cmd/built-in.o
                0x000000004a003700                set_working_fdt_addr
 .text.do_fdt   0x000000004a00371c      0xec0 cmd/built-in.o
 .text.do_size_wrapper
                0x000000004a0045dc       0x18 cmd/built-in.o
 .text.do_load_wrapper
                0x000000004a0045f4       0x64 cmd/built-in.o
 .text.do_save_wrapper
                0x000000004a004658       0x18 cmd/built-in.o
 .text.do_ls_wrapper
                0x000000004a004670       0x18 cmd/built-in.o
 .text.do_fstype_wrapper
                0x000000004a004688        0x4 cmd/built-in.o
 .text.gpio_get_description
                0x000000004a00468c       0xcc cmd/built-in.o
 .text.do_gpio  0x000000004a004758      0x360 cmd/built-in.o
 .text.do_edid  0x000000004a004ab8       0x9c cmd/built-in.o
                0x000000004a004ab8                do_edid
 .text.do_i2c   0x000000004a004b54       0x68 cmd/built-in.o
 .text.do_i2c_bus_speed
                0x000000004a004bbc       0x78 cmd/built-in.o
 .text.do_i2c_reset
                0x000000004a004c34       0x2c cmd/built-in.o
 .text.do_i2c_probe
                0x000000004a004c60       0xa0 cmd/built-in.o
 .text.do_i2c_bus_num
                0x000000004a004d00       0xb8 cmd/built-in.o
 .text.do_i2c_show_bus
                0x000000004a004db8       0xdc cmd/built-in.o
 .text.get_alen.constprop.5
                0x000000004a004e94       0x3c cmd/built-in.o
 .text.do_i2c_crc
                0x000000004a004ed0      0x120 cmd/built-in.o
 .text.mod_i2c_mem.isra.3
                0x000000004a004ff0      0x1ec cmd/built-in.o
 .text.do_i2c_nm
                0x000000004a0051dc        0x8 cmd/built-in.o
 .text.do_i2c_mm
                0x000000004a0051e4        0x8 cmd/built-in.o
 .text.do_i2c_md
                0x000000004a0051ec      0x1e8 cmd/built-in.o
 .text.do_i2c_mw
                0x000000004a0053d4       0xf8 cmd/built-in.o
 .text.do_i2c_write
                0x000000004a0054cc      0x144 cmd/built-in.o
 .text.do_i2c_read
                0x000000004a005610       0xbc cmd/built-in.o
 .text.do_i2c_loop
                0x000000004a0056cc       0xec cmd/built-in.o
 .text.evalexp  0x000000004a0057b8       0x78 cmd/built-in.o
 .text.evalstr  0x000000004a005830       0x64 cmd/built-in.o
 .text.binary_test
                0x000000004a005894      0x1c0 cmd/built-in.o
 .text.do_itest
                0x000000004a005a54       0x88 cmd/built-in.o
 .text.bin_data_init
                0x000000004a005adc       0x2c cmd/built-in.o
 .text.k_data_save
                0x000000004a005b08       0x4c cmd/built-in.o
 .text.k_data_restore
                0x000000004a005b54       0x4c cmd/built-in.o
 .text.getcxmodem
                0x000000004a005ba0       0x20 cmd/built-in.o
 .text.load_serial_ymodem
                0x000000004a005bc0       0xc8 cmd/built-in.o
 .text.bin_data_char
                0x000000004a005c88       0x2c cmd/built-in.o
 .text.chk1.constprop.1
                0x000000004a005cb4       0x30 cmd/built-in.o
 .text.s1_sendpacket.constprop.2
                0x000000004a005ce4       0x50 cmd/built-in.o
 .text.load_serial
                0x000000004a005d34      0x1e4 cmd/built-in.o
 .text.do_load_serial
                0x000000004a005f18       0xdc cmd/built-in.o
 .text.do_load_serial_bin
                0x000000004a005ff4      0x79c cmd/built-in.o
 .text.do_mem_mw
                0x000000004a006790       0xc0 cmd/built-in.o
 .text.do_mem_loop
                0x000000004a006850       0xec cmd/built-in.o
 .text.do_mem_md
                0x000000004a00693c       0xe8 cmd/built-in.o
 .text.do_mem_cmp
                0x000000004a006a24      0x154 cmd/built-in.o
 .text.do_mem_base
                0x000000004a006b78       0x40 cmd/built-in.o
 .text.do_mem_cp
                0x000000004a006bb8       0xd4 cmd/built-in.o
 .text.do_mem_crc
                0x000000004a006c8c       0x48 cmd/built-in.o
 .text.mod_mem.isra.0
                0x000000004a006cd4      0x170 cmd/built-in.o
 .text.do_mem_mm
                0x000000004a006e44        0x8 cmd/built-in.o
 .text.do_mem_nm
                0x000000004a006e4c        0x8 cmd/built-in.o
 .text.extract_range
                0x000000004a006e54       0xe4 cmd/built-in.o
 .text.do_mii   0x000000004a006f38      0x90c cmd/built-in.o
 .text.do_mdio  0x000000004a007844      0x4e4 cmd/built-in.o
 .text.do_sleep
                0x000000004a007d28       0x70 cmd/built-in.o
 .text.do_mmcops
                0x000000004a007d98       0xb8 cmd/built-in.o
 .text.init_mmc_device
                0x000000004a007e50       0x50 cmd/built-in.o
 .text.do_mmc_rescan
                0x000000004a007ea0       0x24 cmd/built-in.o
 .text.do_mmc_hwpartition
                0x000000004a007ec4      0x510 cmd/built-in.o
 .text.do_mmc_list
                0x000000004a0083d4       0x14 cmd/built-in.o
 .text.do_mmc_dev
                0x000000004a0083e8      0x128 cmd/built-in.o
 .text.do_mmc_part
                0x000000004a008510       0x5c cmd/built-in.o
 .text.do_mmc_erase
                0x000000004a00856c       0xf4 cmd/built-in.o
 .text.do_mmc_write
                0x000000004a008660      0x10c cmd/built-in.o
 .text.do_mmc_read
                0x000000004a00876c       0xf0 cmd/built-in.o
 .text.do_mmcinfo
                0x000000004a00885c      0x370 cmd/built-in.o
 .text.do_mmc_setdsr
                0x000000004a008bcc       0xa8 cmd/built-in.o
 .text.netboot_common
                0x000000004a008c74      0x298 cmd/built-in.o
 .text.do_bootp
                0x000000004a008f0c        0xc cmd/built-in.o
 .text.do_dhcp  0x000000004a008f18        0xc cmd/built-in.o
 .text.do_nfs   0x000000004a008f24        0xc cmd/built-in.o
 .text.do_tftpb
                0x000000004a008f30       0x40 cmd/built-in.o
                0x000000004a008f30                do_tftpb
 .text.do_ping  0x000000004a008f70       0x78 cmd/built-in.o
 .text.do_part_list
                0x000000004a008fe8      0x17c cmd/built-in.o
 .text.do_part_start
                0x000000004a009164       0xc4 cmd/built-in.o
 .text.do_part_size
                0x000000004a009228       0xc4 cmd/built-in.o
 .text.do_part  0x000000004a0092ec      0x118 cmd/built-in.o
 .text.eol_or_eof
                0x000000004a009404       0x24 cmd/built-in.o
 .text.do_pxe   0x000000004a009428       0x7c cmd/built-in.o
 .text.label_print
                0x000000004a0094a4       0x1c cmd/built-in.o
 .text.do_get_tftp
                0x000000004a0094c0       0x44 cmd/built-in.o
 .text.from_env
                0x000000004a009504       0x2c cmd/built-in.o
 .text.get_string
                0x000000004a009530       0xd0 cmd/built-in.o
 .text.label_destroy
                0x000000004a009600       0x74 cmd/built-in.o
 .text.destroy_pxe_menu
                0x000000004a009674       0x5c cmd/built-in.o
 .text.get_token
                0x000000004a0096d0      0x11c cmd/built-in.o
 .text.parse_sliteral
                0x000000004a0097ec       0x54 cmd/built-in.o
 .text.parse_integer
                0x000000004a009840       0x70 cmd/built-in.o
 .text.do_get_any
                0x000000004a0098b0       0x44 cmd/built-in.o
 .text.do_get_fat
                0x000000004a0098f4       0x3c cmd/built-in.o
 .text.do_get_ext2
                0x000000004a009930       0x3c cmd/built-in.o
 .text.format_mac_pxe.constprop.6
                0x000000004a00996c       0x74 cmd/built-in.o
 .text.get_relfile
                0x000000004a0099e0      0x138 cmd/built-in.o
 .text.get_pxe_file
                0x000000004a009b18       0x58 cmd/built-in.o
 .text.handle_include
                0x000000004a009b70       0xa4 cmd/built-in.o
 .text.parse_pxefile_top
                0x000000004a009c14      0x458 cmd/built-in.o
 .text.parse_pxefile
                0x000000004a00a06c       0x70 cmd/built-in.o
 .text.get_pxelinux_path
                0x000000004a00a0dc       0x7c cmd/built-in.o
 .text.do_pxe_get
                0x000000004a00a158      0x160 cmd/built-in.o
 .text.get_relfile_envaddr
                0x000000004a00a2b8       0x50 cmd/built-in.o
 .text.label_boot
                0x000000004a00a308      0x5a4 cmd/built-in.o
 .text.handle_pxe_menu
                0x000000004a00a8ac      0x15c cmd/built-in.o
 .text.do_pxe_boot
                0x000000004a00aa08       0xe0 cmd/built-in.o
 .text.do_sysboot
                0x000000004a00aae8      0x1e0 cmd/built-in.o
 .text.do_scsiboot
                0x000000004a00acc8        0xc cmd/built-in.o
                0x000000004a00acc8                do_scsiboot
 .text.scsi_write
                0x000000004a00acd4      0x1ac cmd/built-in.o
 .text.scsi_get_dev
                0x000000004a00ae80       0x1c cmd/built-in.o
                0x000000004a00ae80                scsi_get_dev
 .text.scsi_ident_cpy
                0x000000004a00ae9c       0x64 cmd/built-in.o
                0x000000004a00ae9c                scsi_ident_cpy
 .text.scsi_setup_test_unit_ready
                0x000000004a00af00       0x38 cmd/built-in.o
                0x000000004a00af00                scsi_setup_test_unit_ready
 .text.scsi_setup_read16
                0x000000004a00af38       0x8c cmd/built-in.o
                0x000000004a00af38                scsi_setup_read16
 .text.scsi_setup_read_ext
                0x000000004a00afc4       0x5c cmd/built-in.o
                0x000000004a00afc4                scsi_setup_read_ext
 .text.scsi_read
                0x000000004a00b020      0x1c4 cmd/built-in.o
 .text.scsi_setup_inquiry
                0x000000004a00b1e4       0x48 cmd/built-in.o
                0x000000004a00b1e4                scsi_setup_inquiry
 .text.scsi_scan
                0x000000004a00b22c      0x478 cmd/built-in.o
                0x000000004a00b22c                scsi_scan
 .text.do_scsi  0x000000004a00b6a4      0x3cc cmd/built-in.o
                0x000000004a00b6a4                do_scsi
 .text.substitute
                0x000000004a00ba70       0xf0 cmd/built-in.o
 .text.get_arg  0x000000004a00bb60       0x58 cmd/built-in.o
 .text.regex_sub
                0x000000004a00bbb8      0x454 cmd/built-in.o
 .text.do_setexpr
                0x000000004a00c00c      0x180 cmd/built-in.o
 .text.do_false
                0x000000004a00c18c        0x8 cmd/built-in.o
 .text.do_true  0x000000004a00c194        0x8 cmd/built-in.o
 .text.do_test  0x000000004a00c19c      0x32c cmd/built-in.o
 .text.usb_get_class_desc
                0x000000004a00c4c8       0xbc cmd/built-in.o
 .text.usb_display_class_sub
                0x000000004a00c584      0x170 cmd/built-in.o
 .text.usb_show_tree_graph
                0x000000004a00c6f4      0x1dc cmd/built-in.o
 .text.usb_display_string
                0x000000004a00c8d0       0x44 cmd/built-in.o
 .text.usb_display_config
                0x000000004a00c914      0x228 cmd/built-in.o
 .text.usb_find_device
                0x000000004a00cb3c       0xb4 cmd/built-in.o
 .text.do_usbboot
                0x000000004a00cbf0        0xc cmd/built-in.o
 .text.usb_display_desc.part.1
                0x000000004a00cbfc      0x12c cmd/built-in.o
 .text.show_info
                0x000000004a00cd28       0x64 cmd/built-in.o
 .text.usb_show_tree
                0x000000004a00cd8c       0x88 cmd/built-in.o
                0x000000004a00cd8c                usb_show_tree
 .text.do_usb   0x000000004a00ce14      0x754 cmd/built-in.o
 .text.do_imgextract
                0x000000004a00d568      0x280 cmd/built-in.o
 .text.do_env_delete
                0x000000004a00d7e8       0x9c cmd/built-in.o
 .text.do_env_exists
                0x000000004a00d884       0x64 cmd/built-in.o
 .text.do_env_save
                0x000000004a00d8e8       0x2c cmd/built-in.o
 .text.do_env   0x000000004a00d914       0x68 cmd/built-in.o
 .text.env_print
                0x000000004a00d97c       0xc4 cmd/built-in.o
 .text.do_env_print
                0x000000004a00da40       0xc4 cmd/built-in.o
 .text.do_env_import
                0x000000004a00db04      0x288 cmd/built-in.o
 .text.do_env_default
                0x000000004a00dd8c       0x9c cmd/built-in.o
 .text._do_env_set.isra.0
                0x000000004a00de28      0x1ac cmd/built-in.o
 .text.do_env_set
                0x000000004a00dfd4       0x20 cmd/built-in.o
 .text.get_env_id
                0x000000004a00dff4       0x10 cmd/built-in.o
                0x000000004a00dff4                get_env_id
 .text.setenv   0x000000004a00e004       0x60 cmd/built-in.o
                0x000000004a00e004                setenv
 .text.setenv_ulong
                0x000000004a00e064       0x20 cmd/built-in.o
                0x000000004a00e064                setenv_ulong
 .text.setenv_hex
                0x000000004a00e084       0x34 cmd/built-in.o
                0x000000004a00e084                setenv_hex
 .text.do_env_export
                0x000000004a00e0b8      0x250 cmd/built-in.o
 .text.envmatch
                0x000000004a00e308       0x64 cmd/built-in.o
                0x000000004a00e308                envmatch
 .text.getenv_f
                0x000000004a00e36c       0xcc cmd/built-in.o
                0x000000004a00e36c                getenv_f
 .text.getenv   0x000000004a00e438       0x78 cmd/built-in.o
                0x000000004a00e438                getenv
 .text.getenv_hex
                0x000000004a00e4b0       0x3c cmd/built-in.o
                0x000000004a00e4b0                getenv_hex
 .text.getenv_ulong
                0x000000004a00e4ec       0x30 cmd/built-in.o
                0x000000004a00e4ec                getenv_ulong
 .text.do_env_edit.part.2
                0x000000004a00e51c       0xac cmd/built-in.o
 .text.do_env_edit
                0x000000004a00e5c8       0x2c cmd/built-in.o
 .text.common_diskboot
                0x000000004a00e5f4      0x248 cmd/built-in.o
                0x000000004a00e5f4                common_diskboot
 .text.board_init_f_alloc_reserve
                0x000000004a00e83c        0xc common/built-in.o
                0x000000004a00e83c                board_init_f_alloc_reserve
 .text.board_init_f_init_reserve
                0x000000004a00e848       0x20 common/built-in.o
                0x000000004a00e848                board_init_f_init_reserve
 .text.show_boot_progress
                0x000000004a00e868        0x4 common/built-in.o
                0x000000004a00e868                show_boot_progress
 .text.main_loop
                0x000000004a00e86c       0x6c common/built-in.o
                0x000000004a00e86c                main_loop
 .text.dummy    0x000000004a00e8d8        0x4 common/built-in.o
 .text.get_version
                0x000000004a00e8dc        0x8 common/built-in.o
                0x000000004a00e8dc                get_version
 .text.jumptable_init
                0x000000004a00e8e4      0x1e0 common/built-in.o
                0x000000004a00e8e4                jumptable_init
 .text.hash_command
                0x000000004a00eac4       0xb0 common/built-in.o
                0x000000004a00eac4                hash_command
 .text.b_reset  0x000000004a00eb74       0x1c common/built-in.o
 .text.static_get
                0x000000004a00eb90       0x1c common/built-in.o
 .text.file_peek
                0x000000004a00ebac        0xc common/built-in.o
 .text.mapset   0x000000004a00ebb8       0x24 common/built-in.o
 .text.syntax_err
                0x000000004a00ebdc        0xc common/built-in.o
 .text.free_pipe_list
                0x000000004a00ebe8       0xf0 common/built-in.o
 .text.xmalloc  0x000000004a00ecd8       0x20 common/built-in.o
 .text.new_pipe
                0x000000004a00ecf8       0x28 common/built-in.o
 .text.xrealloc
                0x000000004a00ed20       0x20 common/built-in.o
 .text.done_command
                0x000000004a00ed40       0x88 common/built-in.o
 .text.done_pipe
                0x000000004a00edc8       0x48 common/built-in.o
 .text.done_word
                0x000000004a00ee10      0x2d4 common/built-in.o
 .text.do_showvar
                0x000000004a00f0e4      0x100 common/built-in.o
 .text.is_assignment
                0x000000004a00f1e4       0x5c common/built-in.o
 .text.file_get
                0x000000004a00f240      0x1ec common/built-in.o
 .text.b_addchr
                0x000000004a00f42c       0x80 common/built-in.o
 .text.b_addqchr
                0x000000004a00f4ac       0x50 common/built-in.o
 .text.static_peek
                0x000000004a00f4fc        0xc common/built-in.o
 .text.get_local_var
                0x000000004a00f508       0x94 common/built-in.o
                0x000000004a00f508                get_local_var
 .text.set_local_var
                0x000000004a00f59c      0x1a8 common/built-in.o
                0x000000004a00f59c                set_local_var
 .text.insert_var_value_sub
                0x000000004a00f744      0x2bc common/built-in.o
 .text.parse_string_outer
                0x000000004a00fa00       0xe8 common/built-in.o
                0x000000004a00fa00                parse_string_outer
 .text.run_list_real
                0x000000004a00fae8      0x7a8 common/built-in.o
 .text.parse_stream_outer
                0x000000004a010290      0x6b0 common/built-in.o
 .text.parse_file_outer
                0x000000004a010940       0x44 common/built-in.o
                0x000000004a010940                parse_file_outer
 .text.u_boot_hush_start
                0x000000004a010984       0x54 common/built-in.o
                0x000000004a010984                u_boot_hush_start
 .text.bootdelay_process
                0x000000004a0109d8       0xbc common/built-in.o
                0x000000004a0109d8                bootdelay_process
 .text.autoboot_command
                0x000000004a010a94       0xd4 common/built-in.o
                0x000000004a010a94                autoboot_command
 .text.setup_mon_len
                0x000000004a010b68       0x20 common/built-in.o
 .text.reserve_round_4k
                0x000000004a010b88       0x18 common/built-in.o
 .text.reserve_mmu
                0x000000004a010ba0       0x38 common/built-in.o
 .text.reserve_uboot
                0x000000004a010bd8       0x30 common/built-in.o
 .text.reserve_malloc
                0x000000004a010c08       0x18 common/built-in.o
 .text.setup_machine
                0x000000004a010c20       0x18 common/built-in.o
 .text.reserve_global_data
                0x000000004a010c38       0x1c common/built-in.o
 .text.reserve_fdt
                0x000000004a010c54       0x4c common/built-in.o
 .text.initf_console_record
                0x000000004a010ca0        0x8 common/built-in.o
 .text.arch_cpu_init_dm
                0x000000004a010ca8        0x8 common/built-in.o
                0x000000004a010ca8                arch_cpu_init_dm
 .text.announce_dram_init
                0x000000004a010cb0       0x18 common/built-in.o
 .text.init_func_i2c
                0x000000004a010cc8       0x28 common/built-in.o
 .text.init_baud_rate
                0x000000004a010cf0       0x2c common/built-in.o
 .text.mark_bootstage
                0x000000004a010d1c       0x14 common/built-in.o
 .text.initf_dm
                0x000000004a010d30        0x8 common/built-in.o
 .text.setup_reloc
                0x000000004a010d38       0x3c common/built-in.o
 .text.reloc_fdt
                0x000000004a010d74       0x44 common/built-in.o
 .text.reserve_board
                0x000000004a010db8       0x40 common/built-in.o
 .text.reserve_arch
                0x000000004a010df8        0x8 common/built-in.o
                0x000000004a010df8                reserve_arch
 .text.display_text_info
                0x000000004a010e00        0x8 common/built-in.o
 .text.arch_cpu_init
                0x000000004a010e08        0x8 common/built-in.o
                0x000000004a010e08                arch_cpu_init
 .text.reserve_trace
                0x000000004a010e10        0x8 common/built-in.o
 .text.display_new_sp
                0x000000004a010e18        0x8 common/built-in.o
 .text.coloured_LED_init
                0x000000004a010e20        0x4 common/built-in.o
                0x000000004a010e20                coloured_LED_init
 .text.red_led_on
                0x000000004a010e24        0x4 common/built-in.o
                0x000000004a010e24                red_led_on
 .text.board_add_ram_info
                0x000000004a010e28        0x4 common/built-in.o
                0x000000004a010e28                board_add_ram_info
 .text.show_dram_config
                0x000000004a010e2c       0x38 common/built-in.o
 .text.dram_init_banksize
                0x000000004a010e64       0x20 common/built-in.o
                0x000000004a010e64                dram_init_banksize
 .text.setup_dram_config
                0x000000004a010e84       0x10 common/built-in.o
 .text.board_reserve_ram_top
                0x000000004a010e94        0x4 common/built-in.o
                0x000000004a010e94                board_reserve_ram_top
 .text.setup_dest_addr
                0x000000004a010e98       0x4c common/built-in.o
 .text.reserve_stacks
                0x000000004a010ee4       0x1c common/built-in.o
 .text.board_init_f
                0x000000004a010f00       0x28 common/built-in.o
                0x000000004a010f00                board_init_f
 .text.bootstage_relocate
                0x000000004a010f28        0x8 common/built-in.o
 .text.initr_reloc
                0x000000004a010f30       0x18 common/built-in.o
 .text.power_init_board
                0x000000004a010f48        0x8 common/built-in.o
                0x000000004a010f48                power_init_board
 .text.initr_announce
                0x000000004a010f50        0x8 common/built-in.o
 .text.run_main_loop
                0x000000004a010f58        0xc common/built-in.o
 .text.initr_net
                0x000000004a010f64       0x1c common/built-in.o
 .text.initr_scsi
                0x000000004a010f80       0x1c common/built-in.o
 .text.initr_ethaddr
                0x000000004a010f9c       0x20 common/built-in.o
 .text.initr_enable_interrupts
                0x000000004a010fbc       0x10 common/built-in.o
 .text.initr_jumptable
                0x000000004a010fcc       0x10 common/built-in.o
 .text.initr_env
                0x000000004a010fdc       0x64 common/built-in.o
 .text.initr_mmc
                0x000000004a011040       0x20 common/built-in.o
 .text.initr_serial
                0x000000004a011060       0x10 common/built-in.o
 .text.initr_bootstage
                0x000000004a011070       0x14 common/built-in.o
 .text.initr_dm
                0x000000004a011084       0x14 common/built-in.o
 .text.initr_malloc
                0x000000004a011098       0x24 common/built-in.o
 .text.initr_reloc_global_data
                0x000000004a0110bc       0x38 common/built-in.o
 .text.initr_caches
                0x000000004a0110f4       0x10 common/built-in.o
 .text.initr_console_record
                0x000000004a011104        0x8 common/built-in.o
 .text.initr_trace
                0x000000004a01110c        0x8 common/built-in.o
 .text.initr_barrier
                0x000000004a011114        0x8 common/built-in.o
 .text.cpu_secondary_init_r
                0x000000004a01111c        0x4 common/built-in.o
                0x000000004a01111c                cpu_secondary_init_r
 .text.initr_secondary_cpu
                0x000000004a011120       0x10 common/built-in.o
 .text.board_init_r
                0x000000004a011130       0x14 common/built-in.o
                0x000000004a011130                board_init_r
 .text.checkboard
                0x000000004a011144        0x8 common/built-in.o
                0x000000004a011144                checkboard
 .text.show_board_info
                0x000000004a01114c       0x38 common/built-in.o
                0x000000004a01114c                show_board_info
 .text.bootm_find_images
                0x000000004a011184       0xa8 common/built-in.o
                0x000000004a011184                bootm_find_images
 .text.bootm_decomp_image
                0x000000004a01122c      0x140 common/built-in.o
                0x000000004a01122c                bootm_decomp_image
 .text.bootm_disable_interrupts
                0x000000004a01136c       0x18 common/built-in.o
                0x000000004a01136c                bootm_disable_interrupts
 .text.do_bootm_states
                0x000000004a011384      0x71c common/built-in.o
                0x000000004a011384                do_bootm_states
 .text.copy_args
                0x000000004a011aa0       0x50 common/built-in.o
 .text.do_bootm_rtems
                0x000000004a011af0       0x40 common/built-in.o
 .text.do_bootm_plan9
                0x000000004a011b30       0xa4 common/built-in.o
 .text.do_bootm_standalone
                0x000000004a011bd4       0x64 common/built-in.o
 .text.do_bootm_qnxelf
                0x000000004a011c38       0x5c common/built-in.o
 .text.do_bootm_netbsd
                0x000000004a011c94       0xf8 common/built-in.o
 .text.do_bootvx_fdt
                0x000000004a011d8c      0x118 common/built-in.o
                0x000000004a011d8c                do_bootvx_fdt
 .text.do_bootm_vxworks
                0x000000004a011ea4       0x24 common/built-in.o
 .text.arch_preboot_os
                0x000000004a011ec8        0x4 common/built-in.o
                0x000000004a011ec8                arch_preboot_os
 .text.boot_selected_os
                0x000000004a011ecc       0x58 common/built-in.o
                0x000000004a011ecc                boot_selected_os
 .text.bootm_os_get_boot_func
                0x000000004a011f24       0x10 common/built-in.o
                0x000000004a011f24                bootm_os_get_boot_func
 .text.regex_callback
                0x000000004a011f34      0x12c common/built-in.o
 .text.env_attr_walk
                0x000000004a012060      0x120 common/built-in.o
                0x000000004a012060                env_attr_walk
 .text.env_attr_lookup
                0x000000004a012180       0x7c common/built-in.o
                0x000000004a012180                env_attr_lookup
 .text.clear_callback
                0x000000004a0121fc       0x10 common/built-in.o
 .text.find_env_callback
                0x000000004a01220c       0x60 common/built-in.o
 .text.on_callbacks
                0x000000004a01226c       0x50 common/built-in.o
 .text.set_callback
                0x000000004a0122bc       0x98 common/built-in.o
 .text.env_callback_init
                0x000000004a012354       0xc4 common/built-in.o
                0x000000004a012354                env_callback_init
 .text.skip_num
                0x000000004a012418       0x94 common/built-in.o
 .text.clear_flags
                0x000000004a0124ac       0x10 common/built-in.o
 .text.on_flags
                0x000000004a0124bc       0x50 common/built-in.o
 .text.env_flags_parse_vartype
                0x000000004a01250c       0x50 common/built-in.o
                0x000000004a01250c                env_flags_parse_vartype
 .text.env_flags_parse_varaccess
                0x000000004a01255c       0x50 common/built-in.o
                0x000000004a01255c                env_flags_parse_varaccess
 .text.set_flags
                0x000000004a0125ac       0xb0 common/built-in.o
 .text.eth_validate_ethaddr_str
                0x000000004a01265c       0x94 common/built-in.o
                0x000000004a01265c                eth_validate_ethaddr_str
 .text.env_flags_init
                0x000000004a0126f0       0xd8 common/built-in.o
                0x000000004a0126f0                env_flags_init
 .text.env_flags_validate
                0x000000004a0127c8      0x288 common/built-in.o
                0x000000004a0127c8                env_flags_validate
 .text.mmc_get_env_addr
                0x000000004a012a50       0x10 common/built-in.o
                0x000000004a012a50                mmc_get_env_addr
 .text.mmc_get_env_dev
                0x000000004a012a60        0x8 common/built-in.o
                0x000000004a012a60                mmc_get_env_dev
 .text.env_init
                0x000000004a012a68       0x1c common/built-in.o
                0x000000004a012a68                env_init
 .text.saveenv  0x000000004a012a84      0x128 common/built-in.o
                0x000000004a012a84                saveenv
 .text.env_relocate_spec
                0x000000004a012bac       0xe8 common/built-in.o
                0x000000004a012bac                env_relocate_spec
 .text.of_bus_default_map
                0x000000004a012c94       0xdc common/built-in.o
 .text.of_bus_default_count_cells
                0x000000004a012d70       0x58 common/built-in.o
                0x000000004a012d70                of_bus_default_count_cells
 .text.of_bus_default_translate
                0x000000004a012dc8       0xa8 common/built-in.o
 .text.fdt_find_and_setprop
                0x000000004a012e70       0x70 common/built-in.o
                0x000000004a012e70                fdt_find_and_setprop
 .text.fdt_find_or_add_subnode
                0x000000004a012ee0       0x60 common/built-in.o
                0x000000004a012ee0                fdt_find_or_add_subnode
 .text.fdt_root
                0x000000004a012f40       0x90 common/built-in.o
                0x000000004a012f40                fdt_root
 .text.fdt_initrd
                0x000000004a012fd0      0x1c8 common/built-in.o
                0x000000004a012fd0                fdt_initrd
 .text.fdt_chosen
                0x000000004a013198       0xdc common/built-in.o
                0x000000004a013198                fdt_chosen
 .text.do_fixup_by_path
                0x000000004a013274       0x54 common/built-in.o
                0x000000004a013274                do_fixup_by_path
 .text.fdt_fixup_memory_banks
                0x000000004a0132c8      0x1b0 common/built-in.o
                0x000000004a0132c8                fdt_fixup_memory_banks
 .text.fdt_fixup_memory
                0x000000004a013478       0x20 common/built-in.o
                0x000000004a013478                fdt_fixup_memory
 .text.fdt_fixup_ethernet
                0x000000004a013498      0x1a8 common/built-in.o
                0x000000004a013498                fdt_fixup_ethernet
 .text.fdt_shrink_to_minimum
                0x000000004a013640       0xc8 common/built-in.o
                0x000000004a013640                fdt_shrink_to_minimum
 .text.fdt_translate_address
                0x000000004a013708      0x298 common/built-in.o
                0x000000004a013708                fdt_translate_address
 .text.fdt_setup_simplefb_node
                0x000000004a0139a0      0x208 common/built-in.o
                0x000000004a0139a0                fdt_setup_simplefb_node
 .text.miiphy_get_dev_by_name
                0x000000004a013ba8       0x58 common/built-in.o
                0x000000004a013ba8                miiphy_get_dev_by_name
 .text.miiphy_init
                0x000000004a013c00       0x24 common/built-in.o
                0x000000004a013c00                miiphy_init
 .text.mdio_alloc
                0x000000004a013c24       0x30 common/built-in.o
                0x000000004a013c24                mdio_alloc
 .text.mdio_free
                0x000000004a013c54        0x4 common/built-in.o
                0x000000004a013c54                mdio_free
 .text.mdio_register
                0x000000004a013c58       0x88 common/built-in.o
                0x000000004a013c58                mdio_register
 .text.mdio_unregister
                0x000000004a013ce0       0x3c common/built-in.o
                0x000000004a013ce0                mdio_unregister
 .text.mdio_list_devices
                0x000000004a013d1c       0xb0 common/built-in.o
                0x000000004a013d1c                mdio_list_devices
 .text.miiphy_set_current_dev
                0x000000004a013dcc       0x40 common/built-in.o
                0x000000004a013dcc                miiphy_set_current_dev
 .text.miiphy_get_active_dev
                0x000000004a013e0c       0x54 common/built-in.o
 .text.mdio_get_current_dev
                0x000000004a013e60       0x10 common/built-in.o
                0x000000004a013e60                mdio_get_current_dev
 .text.mdio_phydev_for_ethname
                0x000000004a013e70       0x8c common/built-in.o
                0x000000004a013e70                mdio_phydev_for_ethname
 .text.miiphy_get_current_dev
                0x000000004a013efc       0x18 common/built-in.o
                0x000000004a013efc                miiphy_get_current_dev
 .text.miiphy_read
                0x000000004a013f14       0x4c common/built-in.o
                0x000000004a013f14                miiphy_read
 .text.miiphy_write
                0x000000004a013f60       0x40 common/built-in.o
                0x000000004a013f60                miiphy_write
 .text.miiphy_listdev
                0x000000004a013fa0       0x78 common/built-in.o
                0x000000004a013fa0                miiphy_listdev
 .text.miiphy_info
                0x000000004a014018       0x88 common/built-in.o
                0x000000004a014018                miiphy_info
 .text.miiphy_is_1000base_x
                0x000000004a0140a0       0x44 common/built-in.o
                0x000000004a0140a0                miiphy_is_1000base_x
 .text.miiphy_speed
                0x000000004a0140e4       0xe8 common/built-in.o
                0x000000004a0140e4                miiphy_speed
 .text.miiphy_duplex
                0x000000004a0141cc      0x118 common/built-in.o
                0x000000004a0141cc                miiphy_duplex
 .text.usb_set_maxpacket_ep
                0x000000004a0142e4       0x78 common/built-in.o
 .text.usb_control_msg
                0x000000004a01435c       0x9c common/built-in.o
                0x000000004a01435c                usb_control_msg
 .text.usb_get_descriptor
                0x000000004a0143f8       0x58 common/built-in.o
 .text.get_descriptor_len
                0x000000004a014450       0x90 common/built-in.o
 .text.usb_get_string
                0x000000004a0144e0       0x74 common/built-in.o
 .text.usb_string_sub
                0x000000004a014554      0x104 common/built-in.o
 .text.usb_bulk_msg
                0x000000004a014658       0x70 common/built-in.o
                0x000000004a014658                usb_bulk_msg
 .text.usb_maxpacket
                0x000000004a0146c8       0x1c common/built-in.o
                0x000000004a0146c8                usb_maxpacket
 .text.usb_clear_halt
                0x000000004a0146e4       0x90 common/built-in.o
                0x000000004a0146e4                usb_clear_halt
 .text.usb_get_configuration_len
                0x000000004a014774       0x74 common/built-in.o
                0x000000004a014774                usb_get_configuration_len
 .text.usb_get_configuration_no
                0x000000004a0147e8       0x34 common/built-in.o
                0x000000004a0147e8                usb_get_configuration_no
 .text.usb_set_interface
                0x000000004a01481c       0xb4 common/built-in.o
                0x000000004a01481c                usb_set_interface
 .text.usb_set_protocol
                0x000000004a0148d0       0x4c common/built-in.o
                0x000000004a0148d0                usb_set_protocol
 .text.usb_set_idle
                0x000000004a01491c       0x54 common/built-in.o
                0x000000004a01491c                usb_set_idle
 .text.usb_string
                0x000000004a014970      0x100 common/built-in.o
                0x000000004a014970                usb_string
 .text.usb_select_config
                0x000000004a014a70      0x464 common/built-in.o
                0x000000004a014a70                usb_select_config
 .text.usb_setup_device
                0x000000004a014ed4      0x178 common/built-in.o
                0x000000004a014ed4                usb_setup_device
 .text.usb_device_has_child_on_port
                0x000000004a01504c        0x8 common/built-in.o
                0x000000004a01504c                usb_device_has_child_on_port
 .text.usb_find_usb2_hub_address_port
                0x000000004a015054       0x74 common/built-in.o
                0x000000004a015054                usb_find_usb2_hub_address_port
 .text.usb_set_port_feature
                0x000000004a0150c8       0x4c common/built-in.o
 .text.usb_clear_port_feature
                0x000000004a015114       0x4c common/built-in.o
 .text.usb_get_hub_descriptor
                0x000000004a015160       0x4c common/built-in.o
 .text.usb_hub_post_bind
                0x000000004a0151ac       0x10 common/built-in.o
 .text.usb_hub_reset_devices
                0x000000004a0151bc        0x4 common/built-in.o
                0x000000004a0151bc                usb_hub_reset_devices
 .text.usb_get_port_status
                0x000000004a0151c0       0x4c common/built-in.o
                0x000000004a0151c0                usb_get_port_status
 .text.usb_hub_reset
                0x000000004a01520c       0x20 common/built-in.o
                0x000000004a01520c                usb_hub_reset
 .text.legacy_hub_port_reset
                0x000000004a01522c       0x9c common/built-in.o
                0x000000004a01522c                legacy_hub_port_reset
 .text.usb_hub_port_connect_change
                0x000000004a0152c8      0x110 common/built-in.o
                0x000000004a0152c8                usb_hub_port_connect_change
 .text.usb_hub_configure
                0x000000004a0153d8      0x4c0 common/built-in.o
 .text.usb_hub_scan
                0x000000004a015898       0x10 common/built-in.o
                0x000000004a015898                usb_hub_scan
 .text.usb_hub_post_probe
                0x000000004a0158a8        0x4 common/built-in.o
 .text.usb_stor_irq
                0x000000004a0158ac       0x1c common/built-in.o
 .text.usb_stor_BBB_reset
                0x000000004a0158c8       0xd8 common/built-in.o
 .text.usb_stor_CB_reset
                0x000000004a0159a0       0xd8 common/built-in.o
 .text.usb_stor_BBB_clear_endpt_stall.isra.0
                0x000000004a015a78       0x40 common/built-in.o
 .text.usb_stor_BBB_transport
                0x000000004a015ab8      0x264 common/built-in.o
 .text.usb_stor_CB_comdat
                0x000000004a015d1c      0x218 common/built-in.o
 .text.usb_stor_CBI_get_status.isra.2
                0x000000004a015f34       0xc8 common/built-in.o
 .text.usb_stor_CB_transport
                0x000000004a015ffc      0x218 common/built-in.o
 .text.usb_request_sense.constprop.10
                0x000000004a016214       0x70 common/built-in.o
 .text.usb_stor_read
                0x000000004a016284      0x1b4 common/built-in.o
 .text.usb_stor_write
                0x000000004a016438      0x1b4 common/built-in.o
 .text.usb_stor_get_dev
                0x000000004a0165ec       0x28 common/built-in.o
                0x000000004a0165ec                usb_stor_get_dev
 .text.usb_stor_info
                0x000000004a016614       0x78 common/built-in.o
                0x000000004a016614                usb_stor_info
 .text.usb_stor_reset
                0x000000004a01668c       0x14 common/built-in.o
                0x000000004a01668c                usb_stor_reset
 .text.usb_storage_probe
                0x000000004a0166a0      0x210 common/built-in.o
                0x000000004a0166a0                usb_storage_probe
 .text.usb_stor_get_info
                0x000000004a0168b0      0x320 common/built-in.o
                0x000000004a0168b0                usb_stor_get_info
 .text.usb_mass_storage_probe
                0x000000004a016bd0      0x1b0 common/built-in.o
 .text.iomux_doenv
                0x000000004a016d80      0x1ac common/built-in.o
                0x000000004a016d80                iomux_doenv
 .text.snip     0x000000004a016f2c       0x68 common/built-in.o
 .text.edid_check_info
                0x000000004a016f94       0x54 common/built-in.o
                0x000000004a016f94                edid_check_info
 .text.edid_check_checksum
                0x000000004a016fe8       0x30 common/built-in.o
                0x000000004a016fe8                edid_check_checksum
 .text.edid_print_info
                0x000000004a017018      0x620 common/built-in.o
                0x000000004a017018                edid_print_info
 .text.menu_display_statusline
                0x000000004a017638        0x4 common/built-in.o
                0x000000004a017638                menu_display_statusline
 .text.menu_default_set
                0x000000004a01763c       0x80 common/built-in.o
                0x000000004a01763c                menu_default_set
 .text.menu_get_choice
                0x000000004a0176bc      0x1f8 common/built-in.o
                0x000000004a0176bc                menu_get_choice
 .text.menu_item_add
                0x000000004a0178b4       0xd0 common/built-in.o
                0x000000004a0178b4                menu_item_add
 .text.menu_create
                0x000000004a017984       0x90 common/built-in.o
                0x000000004a017984                menu_create
 .text.menu_destroy
                0x000000004a017a14       0x6c common/built-in.o
                0x000000004a017a14                menu_destroy
 .text.usb_kbd_remove
                0x000000004a017a80       0xa0 common/built-in.o
 .text.usb_kbd_translate.part.0
                0x000000004a017b20      0x12c common/built-in.o
 .text.usb_kbd_probe
                0x000000004a017c4c      0x1e0 common/built-in.o
 .text.usb_kbd_irq_worker
                0x000000004a017e2c      0x1a8 common/built-in.o
 .text.usb_kbd_getc
                0x000000004a017fd4       0xd8 common/built-in.o
 .text.usb_kbd_testc
                0x000000004a0180ac       0xf4 common/built-in.o
 .text.usb_kbd_irq
                0x000000004a0181a0       0x24 common/built-in.o
 .text.env_get_char_spec
                0x000000004a0181c4        0xc common/built-in.o
                0x000000004a0181c4                env_get_char_spec
 .text.env_get_addr
                0x000000004a0181d0       0x20 common/built-in.o
                0x000000004a0181d0                env_get_addr
 .text.env_get_char_memory
                0x000000004a0181f0       0x10 common/built-in.o
                0x000000004a0181f0                env_get_char_memory
 .text.env_get_char
                0x000000004a018200       0x30 common/built-in.o
                0x000000004a018200                env_get_char
 .text.getenv_yesno
                0x000000004a018230       0x3c common/built-in.o
                0x000000004a018230                getenv_yesno
 .text.getenv_default
                0x000000004a01826c       0x30 common/built-in.o
                0x000000004a01826c                getenv_default
 .text.set_default_env
                0x000000004a01829c       0xc0 common/built-in.o
                0x000000004a01829c                set_default_env
 .text.set_default_vars
                0x000000004a01835c       0x38 common/built-in.o
                0x000000004a01835c                set_default_vars
 .text.env_import
                0x000000004a018394       0xe0 common/built-in.o
                0x000000004a018394                env_import
 .text.env_export
                0x000000004a018474       0xa4 common/built-in.o
                0x000000004a018474                env_export
 .text.env_relocate
                0x000000004a018518       0x2c common/built-in.o
                0x000000004a018518                env_relocate
 .text.env_complete
                0x000000004a018544       0xf0 common/built-in.o
                0x000000004a018544                env_complete
 .text.console_tstc
                0x000000004a018634       0x88 common/built-in.o
 .text.console_putc
                0x000000004a0186bc       0x54 common/built-in.o
 .text.console_puts
                0x000000004a018710       0x54 common/built-in.o
 .text.pre_console_putc
                0x000000004a018764       0x1c common/built-in.o
 .text.on_console
                0x000000004a018780       0xbc common/built-in.o
 .text.serial_printf
                0x000000004a01883c       0x50 common/built-in.o
                0x000000004a01883c                serial_printf
 .text.console_getc.isra.0
                0x000000004a01888c       0x28 common/built-in.o
 .text.putc     0x000000004a0188b4       0x38 common/built-in.o
                0x000000004a0188b4                putc
 .text.tstc     0x000000004a0188ec       0x24 common/built-in.o
                0x000000004a0188ec                tstc
 .text.getc     0x000000004a018910       0x44 common/built-in.o
                0x000000004a018910                getc
 .text.puts     0x000000004a018954       0x68 common/built-in.o
                0x000000004a018954                puts
 .text.print_pre_console_buffer
                0x000000004a0189bc       0xe8 common/built-in.o
 .text.fputs    0x000000004a018aa4        0xc common/built-in.o
                0x000000004a018aa4                fputs
 .text.fprintf  0x000000004a018ab0       0x58 common/built-in.o
                0x000000004a018ab0                fprintf
 .text.ctrlc    0x000000004a018b08       0x58 common/built-in.o
                0x000000004a018b08                ctrlc
 .text.disable_ctrlc
                0x000000004a018b60       0x18 common/built-in.o
                0x000000004a018b60                disable_ctrlc
 .text.had_ctrlc
                0x000000004a018b78       0x10 common/built-in.o
                0x000000004a018b78                had_ctrlc
 .text.clear_ctrlc
                0x000000004a018b88       0x14 common/built-in.o
                0x000000004a018b88                clear_ctrlc
 .text.search_device
                0x000000004a018b9c       0x28 common/built-in.o
                0x000000004a018b9c                search_device
 .text.console_assign
                0x000000004a018bc4       0xd4 common/built-in.o
                0x000000004a018bc4                console_assign
 .text.console_init_f
                0x000000004a018c98       0x1c common/built-in.o
                0x000000004a018c98                console_init_f
 .text.stdio_print_current_devices
                0x000000004a018cb4       0xb0 common/built-in.o
                0x000000004a018cb4                stdio_print_current_devices
 .text.console_init_r
                0x000000004a018d64      0x1b8 common/built-in.o
                0x000000004a018d64                console_init_r
 .text.sbrk     0x000000004a018f1c       0x6c common/built-in.o
                0x000000004a018f1c                sbrk
 .text.mem_malloc_init
                0x000000004a018f88       0x2c common/built-in.o
                0x000000004a018f88                mem_malloc_init
 .text.malloc_trim
                0x000000004a018fb4       0xd0 common/built-in.o
                0x000000004a018fb4                malloc_trim
 .text.free     0x000000004a019084      0x240 common/built-in.o
                0x000000004a019084                free
 .text.malloc   0x000000004a0192c4      0x610 common/built-in.o
                0x000000004a0192c4                malloc
 .text.calloc   0x000000004a0198d4      0x10c common/built-in.o
                0x000000004a0198d4                calloc
 .text.realloc  0x000000004a0199e0      0x43c common/built-in.o
                0x000000004a0199e0                realloc
 .text.memalign
                0x000000004a019e1c      0x138 common/built-in.o
                0x000000004a019e1c                memalign
 .text.initf_malloc
                0x000000004a019f54       0x18 common/built-in.o
                0x000000004a019f54                initf_malloc
 .text.malloc_simple
                0x000000004a019f6c       0x30 common/built-in.o
                0x000000004a019f6c                malloc_simple
 .text.on_loadaddr
                0x000000004a019f9c       0x40 common/built-in.o
 .text.image_check_hcrc
                0x000000004a019fdc       0x4c common/built-in.o
                0x000000004a019fdc                image_check_hcrc
 .text.image_check_dcrc
                0x000000004a01a028       0x38 common/built-in.o
                0x000000004a01a028                image_check_dcrc
 .text.image_multi_count
                0x000000004a01a060       0x20 common/built-in.o
                0x000000004a01a060                image_multi_count
 .text.image_multi_getimg
                0x000000004a01a080       0x80 common/built-in.o
                0x000000004a01a080                image_multi_getimg
 .text.getenv_bootm_low
                0x000000004a01a100       0x30 common/built-in.o
                0x000000004a01a100                getenv_bootm_low
 .text.getenv_bootm_size
                0x000000004a01a130       0x68 common/built-in.o
                0x000000004a01a130                getenv_bootm_size
 .text.getenv_bootm_mapsize
                0x000000004a01a198       0x30 common/built-in.o
                0x000000004a01a198                getenv_bootm_mapsize
 .text.memmove_wd
                0x000000004a01a1c8        0xc common/built-in.o
                0x000000004a01a1c8                memmove_wd
 .text.genimg_print_size
                0x000000004a01a1d4       0x30 common/built-in.o
                0x000000004a01a1d4                genimg_print_size
 .text.get_table_entry
                0x000000004a01a204       0x24 common/built-in.o
                0x000000004a01a204                get_table_entry
 .text.get_table_entry_name
                0x000000004a01a228       0x20 common/built-in.o
                0x000000004a01a228                get_table_entry_name
 .text.genimg_get_os_name
                0x000000004a01a248       0x18 common/built-in.o
                0x000000004a01a248                genimg_get_os_name
 .text.genimg_get_arch_name
                0x000000004a01a260       0x18 common/built-in.o
                0x000000004a01a260                genimg_get_arch_name
 .text.genimg_get_type_name
                0x000000004a01a278       0x18 common/built-in.o
                0x000000004a01a278                genimg_get_type_name
 .text.genimg_get_comp_name
                0x000000004a01a290       0x18 common/built-in.o
                0x000000004a01a290                genimg_get_comp_name
 .text.image_print_contents
                0x000000004a01a2a8      0x17c common/built-in.o
                0x000000004a01a2a8                image_print_contents
 .text.genimg_get_kernel_addr_fit
                0x000000004a01a424       0x24 common/built-in.o
                0x000000004a01a424                genimg_get_kernel_addr_fit
 .text.genimg_get_kernel_addr
                0x000000004a01a448       0x24 common/built-in.o
                0x000000004a01a448                genimg_get_kernel_addr
 .text.genimg_get_format
                0x000000004a01a46c       0x34 common/built-in.o
                0x000000004a01a46c                genimg_get_format
 .text.genimg_get_image
                0x000000004a01a4a0        0x4 common/built-in.o
                0x000000004a01a4a0                genimg_get_image
 .text.genimg_has_config
                0x000000004a01a4a4        0x8 common/built-in.o
                0x000000004a01a4a4                genimg_has_config
 .text.boot_get_ramdisk
                0x000000004a01a4ac      0x270 common/built-in.o
                0x000000004a01a4ac                boot_get_ramdisk
 .text.boot_ramdisk_high
                0x000000004a01a71c      0x130 common/built-in.o
                0x000000004a01a71c                boot_ramdisk_high
 .text.boot_get_setup
                0x000000004a01a84c        0x8 common/built-in.o
                0x000000004a01a84c                boot_get_setup
 .text.image_setup_linux
                0x000000004a01a854       0x88 common/built-in.o
                0x000000004a01a854                image_setup_linux
 .text.fdt_error
                0x000000004a01a8dc       0x2c common/built-in.o
 .text.boot_fdt_add_mem_rsv_regions
                0x000000004a01a908       0x8c common/built-in.o
                0x000000004a01a908                boot_fdt_add_mem_rsv_regions
 .text.boot_relocate_fdt
                0x000000004a01a994      0x194 common/built-in.o
                0x000000004a01a994                boot_relocate_fdt
 .text.boot_get_fdt
                0x000000004a01ab28      0x28c common/built-in.o
                0x000000004a01ab28                boot_get_fdt
 .text.ft_verify_fdt
                0x000000004a01adb4        0x8 common/built-in.o
                0x000000004a01adb4                ft_verify_fdt
 .text.image_setup_libfdt
                0x000000004a01adbc      0x138 common/built-in.o
                0x000000004a01adbc                image_setup_libfdt
 .text.get_ram_size
                0x000000004a01aef4       0xdc common/built-in.o
                0x000000004a01aef4                get_ram_size
 .text.get_effective_memsize
                0x000000004a01afd0        0x8 common/built-in.o
                0x000000004a01afd0                get_effective_memsize
 .text.nulldev_putc
                0x000000004a01afd8        0x4 common/built-in.o
 .text.nulldev_puts
                0x000000004a01afdc        0x4 common/built-in.o
 .text.nulldev_input
                0x000000004a01afe0        0x8 common/built-in.o
 .text.stdio_serial_tstc
                0x000000004a01afe8        0x4 common/built-in.o
 .text.stdio_serial_getc
                0x000000004a01afec        0x4 common/built-in.o
 .text.stdio_serial_puts
                0x000000004a01aff0        0x8 common/built-in.o
 .text.stdio_serial_putc
                0x000000004a01aff8        0x8 common/built-in.o
 .text.stdio_get_list
                0x000000004a01b000        0xc common/built-in.o
                0x000000004a01b000                stdio_get_list
 .text.stdio_get_by_name
                0x000000004a01b00c       0x4c common/built-in.o
                0x000000004a01b00c                stdio_get_by_name
 .text.stdio_clone
                0x000000004a01b058       0x38 common/built-in.o
                0x000000004a01b058                stdio_clone
 .text.stdio_register_dev
                0x000000004a01b090       0x50 common/built-in.o
                0x000000004a01b090                stdio_register_dev
 .text.stdio_register
                0x000000004a01b0e0        0x8 common/built-in.o
                0x000000004a01b0e0                stdio_register
 .text.stdio_deregister_dev
                0x000000004a01b0e8       0xf0 common/built-in.o
                0x000000004a01b0e8                stdio_deregister_dev
 .text.stdio_init_tables
                0x000000004a01b1d8       0x1c common/built-in.o
                0x000000004a01b1d8                stdio_init_tables
 .text.stdio_add_devices
                0x000000004a01b1f4      0x138 common/built-in.o
                0x000000004a01b1f4                stdio_add_devices
 .text.cli_simple_process_macros
                0x000000004a01b32c      0x218 common/built-in.o
                0x000000004a01b32c                cli_simple_process_macros
 .text.run_command
                0x000000004a01b544       0x10 common/built-in.o
                0x000000004a01b544                run_command
 .text.run_command_list
                0x000000004a01b554       0x7c common/built-in.o
                0x000000004a01b554                run_command_list
 .text.do_run   0x000000004a01b5d0       0x74 common/built-in.o
                0x000000004a01b5d0                do_run
 .text.cli_process_fdt
                0x000000004a01b644       0x40 common/built-in.o
                0x000000004a01b644                cli_process_fdt
 .text.cli_secure_boot_cmd
                0x000000004a01b684       0x78 common/built-in.o
                0x000000004a01b684                cli_secure_boot_cmd
 .text.cli_loop
                0x000000004a01b6fc        0xc common/built-in.o
                0x000000004a01b6fc                cli_loop
 .text.cli_init
                0x000000004a01b708        0x4 common/built-in.o
                0x000000004a01b708                cli_init
 .text.delete_char.part.0
                0x000000004a01b70c       0xd4 common/built-in.o
 .text.cread_add_char
                0x000000004a01b7e0       0xe8 common/built-in.o
 .text.cli_readline_into_buffer
                0x000000004a01b8c8      0x998 common/built-in.o
                0x000000004a01b8c8                cli_readline_into_buffer
 .text.cli_readline
                0x000000004a01c260       0x14 common/built-in.o
                0x000000004a01c260                cli_readline
 .text.find_cmd_tbl
                0x000000004a01c274       0xa0 common/built-in.o
                0x000000004a01c274                find_cmd_tbl
 .text.find_cmd
                0x000000004a01c314       0x28 common/built-in.o
                0x000000004a01c314                find_cmd
 .text.cmd_usage
                0x000000004a01c33c       0x5c common/built-in.o
                0x000000004a01c33c                cmd_usage
 .text._do_help
                0x000000004a01c398      0x188 common/built-in.o
                0x000000004a01c398                _do_help
 .text.var_complete
                0x000000004a01c520       0x94 common/built-in.o
                0x000000004a01c520                var_complete
 .text.cmd_auto_complete
                0x000000004a01c5b4      0x4cc common/built-in.o
                0x000000004a01c5b4                cmd_auto_complete
 .text.cmd_get_data_size
                0x000000004a01ca80       0x50 common/built-in.o
                0x000000004a01ca80                cmd_get_data_size
 .text.cmd_process
                0x000000004a01cad0       0xec common/built-in.o
                0x000000004a01cad0                cmd_process
 .text.cmd_process_error
                0x000000004a01cbbc       0x30 common/built-in.o
                0x000000004a01cbbc                cmd_process_error
 .text.hex1_bin
                0x000000004a01cbec       0x40 common/built-in.o
 .text.hex2_bin
                0x000000004a01cc2c       0x38 common/built-in.o
 .text.srec_decode
                0x000000004a01cc64      0x24c common/built-in.o
                0x000000004a01cc64                srec_decode
 .text.CYGACC_COMM_IF_GETC_TIMEOUT.isra.0
                0x000000004a01ceb0       0x5c common/built-in.o
 .text.xyzModem_flush
                0x000000004a01cf0c       0x1c common/built-in.o
 .text.xyzModem_get_hdr
                0x000000004a01cf28      0x220 common/built-in.o
 .text.xyzModem_stream_open
                0x000000004a01d148      0x228 common/built-in.o
                0x000000004a01d148                xyzModem_stream_open
 .text.xyzModem_stream_read
                0x000000004a01d370      0x24c common/built-in.o
                0x000000004a01d370                xyzModem_stream_read
 .text.xyzModem_stream_close
                0x000000004a01d5bc       0x54 common/built-in.o
                0x000000004a01d5bc                xyzModem_stream_close
 .text.xyzModem_stream_terminate
                0x000000004a01d610       0x94 common/built-in.o
                0x000000004a01d610                xyzModem_stream_terminate
 .text.xyzModem_error
                0x000000004a01d6a4       0x20 common/built-in.o
                0x000000004a01d6a4                xyzModem_error
 .text.get_dev_hwpart
                0x000000004a01d6c4       0x98 disk/built-in.o
 .text.blk_get_dev
                0x000000004a01d75c        0x8 disk/built-in.o
                0x000000004a01d75c                blk_get_dev
 .text.dev_print
                0x000000004a01d764      0x248 disk/built-in.o
                0x000000004a01d764                dev_print
 .text.part_init
                0x000000004a01d9ac       0x54 disk/built-in.o
                0x000000004a01d9ac                part_init
 .text.part_print
                0x000000004a01da00      0x128 disk/built-in.o
                0x000000004a01da00                part_print
 .text.part_get_info
                0x000000004a01db28       0x6c disk/built-in.o
                0x000000004a01db28                part_get_info
 .text.blk_get_device_by_str
                0x000000004a01db94      0x12c disk/built-in.o
                0x000000004a01db94                blk_get_device_by_str
 .text.blk_get_device_part_str
                0x000000004a01dcc0      0x400 disk/built-in.o
                0x000000004a01dcc0                blk_get_device_part_str
 .text.test_block_type
                0x000000004a01e0c0       0x84 disk/built-in.o
 .text.print_partition_extended
                0x000000004a01e144      0x2b0 disk/built-in.o
 .text.part_print_dos
                0x000000004a01e3f4       0x40 disk/built-in.o
                0x000000004a01e3f4                part_print_dos
 .text.part_test_dos
                0x000000004a01e434       0x70 disk/built-in.o
 .text.part_get_info_extended
                0x000000004a01e4a4      0x354 disk/built-in.o
 .text.part_get_info_dos
                0x000000004a01e7f8       0x34 disk/built-in.o
                0x000000004a01e7f8                part_get_info_dos
 .text.iso_dread
                0x000000004a01e82c       0x58 disk/built-in.o
                0x000000004a01e82c                iso_dread
 .text.part_get_info_iso_verb
                0x000000004a01e884      0x4bc disk/built-in.o
                0x000000004a01e884                part_get_info_iso_verb
 .text.part_test_iso
                0x000000004a01ed40       0x20 disk/built-in.o
 .text.part_print_iso
                0x000000004a01ed60       0xa0 disk/built-in.o
 .text.part_get_info_iso
                0x000000004a01ee00        0x8 disk/built-in.o
 .text.print_efiname
                0x000000004a01ee08       0x88 disk/built-in.o
 .text.part_test_efi
                0x000000004a01ee90       0xe0 disk/built-in.o
 .text.validate_gpt_entries
                0x000000004a01ef70       0x98 disk/built-in.o
 .text.validate_gpt_header
                0x000000004a01f008      0x238 disk/built-in.o
 .text.is_gpt_valid
                0x000000004a01f240      0x1f0 disk/built-in.o
 .text.is_pte_valid
                0x000000004a01f430       0x58 disk/built-in.o
 .text.part_print_efi
                0x000000004a01f488      0x284 disk/built-in.o
                0x000000004a01f488                part_print_efi
 .text.part_get_info_efi
                0x000000004a01f70c      0x234 disk/built-in.o
                0x000000004a01f70c                part_get_info_efi
 .text.alloc_priv
                0x000000004a01f940       0x44 drivers/built-in.o
 .text.device_bind
                0x000000004a01f984      0x340 drivers/built-in.o
                0x000000004a01f984                device_bind
 .text.device_bind_by_name
                0x000000004a01fcc4       0x60 drivers/built-in.o
                0x000000004a01fcc4                device_bind_by_name
 .text.device_probe
                0x000000004a01fd24      0x21c drivers/built-in.o
                0x000000004a01fd24                device_probe
 .text.dev_get_platdata
                0x000000004a01ff40       0x30 drivers/built-in.o
                0x000000004a01ff40                dev_get_platdata
 .text.dev_get_parent_platdata
                0x000000004a01ff70       0x30 drivers/built-in.o
                0x000000004a01ff70                dev_get_parent_platdata
 .text.dev_get_uclass_platdata
                0x000000004a01ffa0       0x30 drivers/built-in.o
                0x000000004a01ffa0                dev_get_uclass_platdata
 .text.dev_get_priv
                0x000000004a01ffd0       0x30 drivers/built-in.o
                0x000000004a01ffd0                dev_get_priv
 .text.dev_get_uclass_priv
                0x000000004a020000       0x30 drivers/built-in.o
                0x000000004a020000                dev_get_uclass_priv
 .text.dev_get_parent_priv
                0x000000004a020030       0x30 drivers/built-in.o
                0x000000004a020030                dev_get_parent_priv
 .text.device_find_first_child
                0x000000004a020060       0x1c drivers/built-in.o
                0x000000004a020060                device_find_first_child
 .text.device_find_next_child
                0x000000004a02007c       0x28 drivers/built-in.o
                0x000000004a02007c                device_find_next_child
 .text.device_get_uclass_id
                0x000000004a0200a4       0x10 drivers/built-in.o
                0x000000004a0200a4                device_get_uclass_id
 .text.dev_get_addr_index
                0x000000004a0200b4       0xac drivers/built-in.o
                0x000000004a0200b4                dev_get_addr_index
 .text.dev_get_addr
                0x000000004a020160        0x8 drivers/built-in.o
                0x000000004a020160                dev_get_addr
 .text.device_has_active_children
                0x000000004a020168       0x40 drivers/built-in.o
                0x000000004a020168                device_has_active_children
 .text.device_is_last_sibling
                0x000000004a0201a8       0x24 drivers/built-in.o
                0x000000004a0201a8                device_is_last_sibling
 .text.lists_driver_lookup_name
                0x000000004a0201cc       0x48 drivers/built-in.o
                0x000000004a0201cc                lists_driver_lookup_name
 .text.lists_uclass_lookup
                0x000000004a020214       0x38 drivers/built-in.o
                0x000000004a020214                lists_uclass_lookup
 .text.lists_bind_drivers
                0x000000004a02024c       0x8c drivers/built-in.o
                0x000000004a02024c                lists_bind_drivers
 .text.device_bind_driver_to_node
                0x000000004a0202d8       0x48 drivers/built-in.o
                0x000000004a0202d8                device_bind_driver_to_node
 .text.device_bind_driver
                0x000000004a020320       0x18 drivers/built-in.o
                0x000000004a020320                device_bind_driver
 .text.lists_bind_fdt
                0x000000004a020338      0x1b8 drivers/built-in.o
                0x000000004a020338                lists_bind_fdt
 .text.dm_root  0x000000004a0204f0       0x2c drivers/built-in.o
                0x000000004a0204f0                dm_root
 .text.dm_get_translation_offset
                0x000000004a02051c       0x14 drivers/built-in.o
                0x000000004a02051c                dm_get_translation_offset
 .text.dm_init  0x000000004a020530       0x60 drivers/built-in.o
                0x000000004a020530                dm_init
 .text.dm_scan_platdata
                0x000000004a020590       0x2c drivers/built-in.o
                0x000000004a020590                dm_scan_platdata
 .text.dm_scan_fdt_node
                0x000000004a0205bc       0xcc drivers/built-in.o
                0x000000004a0205bc                dm_scan_fdt_node
 .text.dm_scan_fdt
                0x000000004a020688       0x18 drivers/built-in.o
                0x000000004a020688                dm_scan_fdt
 .text.dm_scan_other
                0x000000004a0206a0        0x8 drivers/built-in.o
                0x000000004a0206a0                dm_scan_other
 .text.dm_init_and_scan
                0x000000004a0206a8       0x44 drivers/built-in.o
                0x000000004a0206a8                dm_init_and_scan
 .text.uclass_find
                0x000000004a0206ec       0x4c drivers/built-in.o
                0x000000004a0206ec                uclass_find
 .text.uclass_get
                0x000000004a020738      0x118 drivers/built-in.o
                0x000000004a020738                uclass_get
 .text.uclass_find_device
                0x000000004a020850       0x74 drivers/built-in.o
                0x000000004a020850                uclass_find_device
 .text.uclass_find_first_device
                0x000000004a0208c4       0x3c drivers/built-in.o
                0x000000004a0208c4                uclass_find_first_device
 .text.uclass_find_next_device
                0x000000004a020900       0x2c drivers/built-in.o
                0x000000004a020900                uclass_find_next_device
 .text.uclass_find_device_by_seq
                0x000000004a02092c       0x7c drivers/built-in.o
                0x000000004a02092c                uclass_find_device_by_seq
 .text.uclass_find_device_by_of_offset
                0x000000004a0209a8       0x68 drivers/built-in.o
                0x000000004a0209a8                uclass_find_device_by_of_offset
 .text.uclass_get_device_tail
                0x000000004a020a10       0x30 drivers/built-in.o
                0x000000004a020a10                uclass_get_device_tail
 .text.uclass_get_device
                0x000000004a020a40       0x30 drivers/built-in.o
                0x000000004a020a40                uclass_get_device
 .text.uclass_get_device_by_seq
                0x000000004a020a70       0x54 drivers/built-in.o
                0x000000004a020a70                uclass_get_device_by_seq
 .text.uclass_get_device_by_of_offset
                0x000000004a020ac4       0x30 drivers/built-in.o
                0x000000004a020ac4                uclass_get_device_by_of_offset
 .text.uclass_first_device
                0x000000004a020af4       0x38 drivers/built-in.o
                0x000000004a020af4                uclass_first_device
 .text.uclass_next_device
                0x000000004a020b2c       0x40 drivers/built-in.o
                0x000000004a020b2c                uclass_next_device
 .text.uclass_bind_device
                0x000000004a020b6c       0x7c drivers/built-in.o
                0x000000004a020b6c                uclass_bind_device
 .text.uclass_unbind_device
                0x000000004a020be8       0x4c drivers/built-in.o
                0x000000004a020be8                uclass_unbind_device
 .text.uclass_resolve_seq
                0x000000004a020c34       0xb4 drivers/built-in.o
                0x000000004a020c34                uclass_resolve_seq
 .text.uclass_pre_probe_device
                0x000000004a020ce8       0x64 drivers/built-in.o
                0x000000004a020ce8                uclass_pre_probe_device
 .text.uclass_post_probe_device
                0x000000004a020d4c       0x20 drivers/built-in.o
                0x000000004a020d4c                uclass_post_probe_device
 .text.uclass_pre_remove_device
                0x000000004a020d6c       0x20 drivers/built-in.o
                0x000000004a020d6c                uclass_pre_remove_device
 .text.dm_warn  0x000000004a020d8c       0x28 drivers/built-in.o
                0x000000004a020d8c                dm_warn
 .text.device_unbind
                0x000000004a020db4      0x130 drivers/built-in.o
                0x000000004a020db4                device_unbind
 .text.device_free
                0x000000004a020ee4       0x90 drivers/built-in.o
                0x000000004a020ee4                device_free
 .text.device_remove
                0x000000004a020f74      0x128 drivers/built-in.o
                0x000000004a020f74                device_remove
 .text.simple_bus_post_bind
                0x000000004a02109c       0x70 drivers/built-in.o
 .text.show_devices
                0x000000004a02110c      0x100 drivers/built-in.o
 .text.dm_dump_all
                0x000000004a02120c       0x3c drivers/built-in.o
                0x000000004a02120c                dm_dump_all
 .text.dm_dump_uclass
                0x000000004a021248       0xec drivers/built-in.o
                0x000000004a021248                dm_dump_uclass
 .text.ata_id_strcpy
                0x000000004a021334       0x3c drivers/built-in.o
 .text.ahci_device_data_io.constprop.3
                0x000000004a021370      0x1c0 drivers/built-in.o
 .text.ata_scsiop_inquiry
                0x000000004a021530      0x150 drivers/built-in.o
 .text.ahci_port_start
                0x000000004a021680      0x11c drivers/built-in.o
 .text.ata_scsiop_read_write
                0x000000004a02179c      0x290 drivers/built-in.o
 .text.ahci_link_up
                0x000000004a021a2c       0x44 drivers/built-in.o
                0x000000004a021a2c                ahci_link_up
 .text.ahci_reset
                0x000000004a021a70       0x58 drivers/built-in.o
                0x000000004a021a70                ahci_reset
 .text.scsi_exec
                0x000000004a021ac8      0x174 drivers/built-in.o
                0x000000004a021ac8                scsi_exec
 .text.ahci_init
                0x000000004a021c3c      0x4c0 drivers/built-in.o
                0x000000004a021c3c                ahci_init
 .text.scsi_bus_reset
                0x000000004a0220fc        0x4 drivers/built-in.o
                0x000000004a0220fc                scsi_bus_reset
 .text.scsi_print_error
                0x000000004a022100        0x4 drivers/built-in.o
                0x000000004a022100                scsi_print_error
 .text.ata_id_n_sectors
                0x000000004a022104       0x78 drivers/built-in.o
                0x000000004a022104                ata_id_n_sectors
 .text.ata_swap_buf_le16
                0x000000004a02217c        0x4 drivers/built-in.o
                0x000000004a02217c                ata_swap_buf_le16
 .text.video_drawchars
                0x000000004a022180      0x418 drivers/built-in.o
 .text.video_invertchar
                0x000000004a022598       0x70 drivers/built-in.o
 .text.video_putc.part.1