Archive member included to satisfy reference by file (symbol)

libbb/lib.a(appletlib.o)      /home/hardik/Project/TFA9879/buildroot-2018.02.3/output/host/arm-buildroot-linux-uclibcgnueabihf/sysroot/usr/lib/crt1.o (main)
libbb/lib.a(compare_string_array.o)
                              libbb/lib.a(appletlib.o) (is_prefixed_with)
libbb/lib.a(concat_path_file.o)
                              libbb/lib.a(appletlib.o) (concat_path_file)
libbb/lib.a(default_error_retval.o)
                              libbb/lib.a(appletlib.o) (xfunc_error_retval)
libbb/lib.a(get_last_path_component.o)
                              libbb/lib.a(appletlib.o) (bb_basename)
libbb/lib.a(last_char_is.o)   libbb/lib.a(concat_path_file.o) (last_char_is)
libbb/lib.a(messages.o)       libbb/lib.a(appletlib.o) (bb_busybox_exec_path)
libbb/lib.a(perror_msg.o)     libbb/lib.a(appletlib.o) (bb_simple_perror_msg)
libbb/lib.a(ptr_to_globals.o)
                              libbb/lib.a(appletlib.o) (bb_errno)
libbb/lib.a(verror_msg.o)     libbb/lib.a(perror_msg.o) (bb_verror_msg)
libbb/lib.a(xfunc_die.o)      libbb/lib.a(appletlib.o) (xfunc_die)
libbb/lib.a(xfuncs.o)         libbb/lib.a(appletlib.o) (full_write2_str)
libbb/lib.a(xfuncs_printf.o)  libbb/lib.a(verror_msg.o) (fflush_all)
libbb/lib.a(xreadlink.o)      libbb/lib.a(appletlib.o) (xmalloc_readlink)
libbb/lib.a(copyfd.o)         libbb/lib.a(xfuncs_printf.o) (bb_copyfd_eof)
libbb/lib.a(full_write.o)     libbb/lib.a(verror_msg.o) (full_write)
libbb/lib.a(read.o)           libbb/lib.a(copyfd.o) (safe_read)
libbb/lib.a(safe_write.o)     libbb/lib.a(full_write.o) (safe_write)
libbb/lib.a(signals.o)        libbb/lib.a(xfuncs_printf.o) (kill_myself_with_sig)
libbb/lib.a(time.o)           libbb/lib.a(xfuncs_printf.o) (monotonic_us)
libbb/lib.a(bb_strtonum.o)    libbb/lib.a(time.o) (bb_strtol)
loginutils/lib.a(addgroup.o)  libbb/lib.a(appletlib.o) (addgroup_main)
loginutils/lib.a(adduser.o)   libbb/lib.a(appletlib.o) (adduser_main)
loginutils/lib.a(cryptpw.o)   libbb/lib.a(appletlib.o) (cryptpw_main)
loginutils/lib.a(deluser.o)   libbb/lib.a(appletlib.o) (deluser_main)
loginutils/lib.a(getty.o)     libbb/lib.a(appletlib.o) (getty_main)
loginutils/lib.a(login.o)     libbb/lib.a(appletlib.o) (login_main)
loginutils/lib.a(passwd.o)    libbb/lib.a(appletlib.o) (passwd_main)
loginutils/lib.a(su.o)        libbb/lib.a(appletlib.o) (su_main)
loginutils/lib.a(sulogin.o)   libbb/lib.a(appletlib.o) (sulogin_main)
loginutils/lib.a(vlock.o)     libbb/lib.a(appletlib.o) (vlock_main)
miscutils/lib.a(crond.o)      libbb/lib.a(appletlib.o) (crond_main)
miscutils/lib.a(crontab.o)    libbb/lib.a(appletlib.o) (crontab_main)
miscutils/lib.a(dc.o)         libbb/lib.a(appletlib.o) (dc_main)
miscutils/lib.a(devmem.o)     libbb/lib.a(appletlib.o) (devmem_main)
miscutils/lib.a(hdparm.o)     libbb/lib.a(appletlib.o) (hdparm_main)
miscutils/lib.a(i2c_tools.o)  libbb/lib.a(appletlib.o) (i2cget_main)
miscutils/lib.a(less.o)       libbb/lib.a(appletlib.o) (less_main)
miscutils/lib.a(lsscsi.o)     libbb/lib.a(appletlib.o) (lsscsi_main)
miscutils/lib.a(makedevs.o)   libbb/lib.a(appletlib.o) (makedevs_main)
miscutils/lib.a(microcom.o)   libbb/lib.a(appletlib.o) (microcom_main)
miscutils/lib.a(mt.o)         libbb/lib.a(appletlib.o) (mt_main)
miscutils/lib.a(partprobe.o)  libbb/lib.a(appletlib.o) (partprobe_main)
miscutils/lib.a(runlevel.o)   libbb/lib.a(appletlib.o) (runlevel_main)
miscutils/lib.a(setserial.o)  libbb/lib.a(appletlib.o) (setserial_main)
miscutils/lib.a(strings.o)    libbb/lib.a(appletlib.o) (strings_main)
miscutils/lib.a(time.o)       libbb/lib.a(appletlib.o) (time_main)
miscutils/lib.a(ubirename.o)  libbb/lib.a(appletlib.o) (ubirename_main)
miscutils/lib.a(watchdog.o)   libbb/lib.a(appletlib.o) (watchdog_main)
modutils/lib.a(insmod.o)      libbb/lib.a(appletlib.o) (insmod_main)
modutils/lib.a(lsmod.o)       libbb/lib.a(appletlib.o) (lsmod_main)
modutils/lib.a(modprobe.o)    libbb/lib.a(appletlib.o) (modprobe_main)
modutils/lib.a(modutils.o)    modutils/lib.a(modprobe.o) (replace)
modutils/lib.a(rmmod.o)       libbb/lib.a(appletlib.o) (rmmod_main)
networking/lib.a(arp.o)       libbb/lib.a(appletlib.o) (arp_main)
networking/lib.a(arping.o)    libbb/lib.a(appletlib.o) (arping_main)
networking/lib.a(dnsd.o)      libbb/lib.a(appletlib.o) (dnsd_main)
networking/lib.a(ether-wake.o)
                              libbb/lib.a(appletlib.o) (ether_wake_main)
networking/lib.a(hostname.o)  libbb/lib.a(appletlib.o) (hostname_main)
networking/lib.a(ifconfig.o)  libbb/lib.a(appletlib.o) (ifconfig_main)
networking/lib.a(ifupdown.o)  libbb/lib.a(appletlib.o) (ifupdown_main)
networking/lib.a(inetd.o)     libbb/lib.a(appletlib.o) (inetd_main)
networking/lib.a(interface.o)
                              networking/lib.a(ifconfig.o) (in_ib)
networking/lib.a(ip.o)        libbb/lib.a(appletlib.o) (ipaddr_main)
networking/lib.a(nameif.o)    libbb/lib.a(appletlib.o) (nameif_main)
[...]
Memory Configuration

Name             Origin             Length             Attributes
*default*        0x0000000000000000 0xffffffffffffffff

Linker script and memory map

LOAD /home/hardik/Project/TFA9879/buildroot-2018.02.3/output/host/arm-buildroot-linux-uclibcgnueabihf/sysroot/usr/lib/crt1.o
LOAD /home/hardik/Project/TFA9879/buildroot-2018.02.3/output/host/arm-buildroot-linux-uclibcgnueabihf/sysroot/usr/lib/crti.o
LOAD /home/hardik/Project/TFA9879/buildroot-2018.02.3/output/host/lib/gcc/arm-buildroot-linux-uclibcgnueabihf/6.4.0/crtbegin.o
START GROUP
LOAD applets/built-in.o
LOAD archival/lib.a
LOAD archival/libarchive/lib.a
LOAD console-tools/lib.a
LOAD coreutils/lib.a
LOAD coreutils/libcoreutils/lib.a
LOAD debianutils/lib.a
LOAD e2fsprogs/lib.a
LOAD editors/lib.a
LOAD findutils/lib.a
LOAD init/lib.a
LOAD libbb/lib.a
LOAD libpwdgrp/lib.a
LOAD loginutils/lib.a
LOAD mailutils/lib.a
LOAD miscutils/lib.a
LOAD modutils/lib.a
LOAD networking/lib.a
LOAD networking/libiproute/lib.a
LOAD networking/udhcp/lib.a
LOAD printutils/lib.a
LOAD procps/lib.a
LOAD runit/lib.a
LOAD selinux/lib.a
LOAD shell/lib.a
LOAD sysklogd/lib.a
LOAD util-linux/lib.a
LOAD util-linux/volume_id/lib.a
LOAD archival/built-in.o
LOAD archival/libarchive/built-in.o
LOAD console-tools/built-in.o
LOAD coreutils/built-in.o
LOAD coreutils/libcoreutils/built-in.o
LOAD debianutils/built-in.o
LOAD e2fsprogs/built-in.o
LOAD editors/built-in.o
LOAD findutils/built-in.o
LOAD init/built-in.o
LOAD libbb/built-in.o
LOAD libpwdgrp/built-in.o
LOAD loginutils/built-in.o
LOAD mailutils/built-in.o
LOAD miscutils/built-in.o
LOAD modutils/built-in.o
LOAD networking/built-in.o
LOAD networking/libiproute/built-in.o
LOAD networking/udhcp/built-in.o
LOAD printutils/built-in.o
LOAD procps/built-in.o
LOAD runit/built-in.o
LOAD selinux/built-in.o
LOAD shell/built-in.o
LOAD sysklogd/built-in.o
LOAD util-linux/built-in.o
LOAD util-linux/volume_id/built-in.o
END GROUP
START GROUP
END GROUP
LOAD /home/hardik/Project/TFA9879/buildroot-2018.02.3/output/host/lib/gcc/arm-buildroot-linux-uclibcgnueabihf/6.4.0/libgcc.a
LOAD /home/hardik/Project/TFA9879/buildroot-2018.02.3/output/host/lib/gcc/arm-buildroot-linux-uclibcgnueabihf/6.4.0/libgcc_eh.a
LOAD /home/hardik/Project/TFA9879/buildroot-2018.02.3/output/host/arm-buildroot-linux-uclibcgnueabihf/sysroot/usr/lib/libc.so
START GROUP
LOAD /home/hardik/Project/TFA9879/buildroot-2018.02.3/output/host/arm-buildroot-linux-uclibcgnueabihf/sysroot/lib/libc.so.1
LOAD /home/hardik/Project/TFA9879/buildroot-2018.02.3/output/host/arm-buildroot-linux-uclibcgnueabihf/sysroot/usr/lib/uclibc_nonshared.a
LOAD /home/hardik/Project/TFA9879/buildroot-2018.02.3/output/host/arm-buildroot-linux-uclibcgnueabihf/sysroot/usr/lib/libpthread_nonshared.a
LOAD /home/hardik/Project/TFA9879/buildroot-2018.02.3/output/host/arm-buildroot-linux-uclibcgnueabihf/sysroot/lib/ld-uClibc.so.1
END GROUP
LOAD /home/hardik/Project/TFA9879/buildroot-2018.02.3/output/host/lib/gcc/arm-buildroot-linux-uclibcgnueabihf/6.4.0/libgcc.a
LOAD /home/hardik/Project/TFA9879/buildroot-2018.02.3/output/host/lib/gcc/arm-buildroot-linux-uclibcgnueabihf/6.4.0/libgcc_eh.a
LOAD /home/hardik/Project/TFA9879/buildroot-2018.02.3/output/host/lib/gcc/arm-buildroot-linux-uclibcgnueabihf/6.4.0/crtend.o
LOAD /home/hardik/Project/TFA9879/buildroot-2018.02.3/output/host/arm-buildroot-linux-uclibcgnueabihf/sysroot/usr/lib/crtn.o
                [!provide]                        PROVIDE (__executable_start, SEGMENT_START ("text-segment", 0x10000))
                0x0000000000010134                . = (SEGMENT_START ("text-segment", 0x10000) + SIZEOF_HEADERS)

.interp         0x0000000000010134       0x14
 *(SORT(.interp))
 .interp        0x0000000000010134       0x14 /home/hardik/Project/TFA9879/buildroot-2018.02.3/output/host/arm-buildroot-linux-uclibcgnueabihf/sysroot/usr/lib/crt1.o

.note.gnu.build-id
 *(SORT(.note.gnu.build-id))

.hash           0x0000000000010148      0x994
 *(SORT(.hash))
 .hash          0x0000000000010148      0x994 /home/hardik/Project/TFA9879/buildroot-2018.02.3/output/host/arm-buildroot-linux-uclibcgnueabihf/sysroot/usr/lib/crt1.o

.gnu.hash
 *(SORT(.gnu.hash))

.dynsym         0x0000000000010adc     0x15c0
 *(SORT(.dynsym))
 .dynsym        0x0000000000010adc     0x15c0 /home/hardik/Project/TFA9879/buildroot-2018.02.3/output/host/arm-buildroot-linux-uclibcgnueabihf/sysroot/usr/lib/crt1.o

.dynstr         0x000000000001209c      0xb3c
 *(SORT(.dynstr))
 .dynstr        0x000000000001209c      0xb3c /home/hardik/Project/TFA9879/buildroot-2018.02.3/output/host/arm-buildroot-linux-uclibcgnueabihf/sysroot/usr/lib/crt1.o

.gnu.version    0x0000000000012bd8        0x0
 *(SORT(.gnu.version))
 .gnu.version   0x0000000000012bd8        0x0 /home/hardik/Project/TFA9879/buildroot-2018.02.3/output/host/arm-buildroot-linux-uclibcgnueabihf/sysroot/usr/lib/crt1.o

.gnu.version_d  0x0000000000012bd8        0x0
 *(SORT(.gnu.version_d))
 .gnu.version_d
                0x0000000000012bd8        0x0 /home/hardik/Project/TFA9879/buildroot-2018.02.3/output/host/arm-buildroot-linux-uclibcgnueabihf/sysroot/usr/lib/crt1.o

.gnu.version_r  0x0000000000012bd8        0x0
 *(SORT(.gnu.version_r))
 .gnu.version_r
                0x0000000000012bd8        0x0 /home/hardik/Project/TFA9879/buildroot-2018.02.3/output/host/arm-buildroot-linux-uclibcgnueabihf/sysroot/usr/lib/crt1.o

.rel.dyn        0x0000000000012bd8       0x50
 *(SORT(.rel.init))
 *(SORT(.rel.text) SORT(.rel.text.*) SORT(.rel.gnu.linkonce.t.*))
 *(SORT(.rel.fini))
 *(SORT(.rel.rodata) SORT(.rel.rodata.*) SORT(.rel.gnu.linkonce.r.*))
 *(SORT(.rel.data.rel.ro) SORT(.rel.data.rel.ro.*) SORT(.rel.gnu.linkonce.d.rel.ro.*))
 .rel.data.rel.ro
                0x0000000000012bd8        0x0 /home/hardik/Project/TFA9879/buildroot-2018.02.3/output/host/arm-buildroot-linux-uclibcgnueabihf/sysroot/usr/lib/crt1.o
 *(SORT(.rel.data) SORT(.rel.data.*) SORT(.rel.gnu.linkonce.d.*))
 *(SORT(.rel.tdata) SORT(.rel.tdata.*) SORT(.rel.gnu.linkonce.td.*))
 *(SORT(.rel.tbss) SORT(.rel.tbss.*) SORT(.rel.gnu.linkonce.tb.*))
 *(SORT(.rel.ctors))
 *(SORT(.rel.dtors))
 *(SORT(.rel.got))
 .rel.got       0x0000000000012bd8        0x0 /home/hardik/Project/TFA9879/buildroot-2018.02.3/output/host/arm-buildroot-linux-uclibcgnueabihf/sysroot/usr/lib/crt1.o
 *(SORT(.rel.bss) SORT(.rel.bss.*) SORT(.rel.gnu.linkonce.b.*))
 .rel.bss       0x0000000000012bd8       0x50 /home/hardik/Project/TFA9879/buildroot-2018.02.3/output/host/arm-buildroot-linux-uclibcgnueabihf/sysroot/usr/lib/crt1.o
                [!provide]                        PROVIDE (__rel_iplt_start, .)
 *(SORT(.rel.iplt))
 .rel.iplt      0x0000000000012c28        0x0 /home/hardik/Project/TFA9879/buildroot-2018.02.3/output/host/arm-buildroot-linux-uclibcgnueabihf/sysroot/usr/lib/crt1.o
                [!provide]                        PROVIDE (__rel_iplt_end, .)

.rela.dyn       0x0000000000012c28        0x0
 *(SORT(.rela.init))
 *(SORT(.rela.text) SORT(.rela.text.*) SORT(.rela.gnu.linkonce.t.*))
 *(SORT(.rela.fini))
 *(SORT(.rela.rodata) SORT(.rela.rodata.*) SORT(.rela.gnu.linkonce.r.*))
 *(SORT(.rela.data) SORT(.rela.data.*) SORT(.rela.gnu.linkonce.d.*))
 *(SORT(.rela.tdata) SORT(.rela.tdata.*) SORT(.rela.gnu.linkonce.td.*))
 *(SORT(.rela.tbss) SORT(.rela.tbss.*) SORT(.rela.gnu.linkonce.tb.*))
 *(SORT(.rela.ctors))
 *(SORT(.rela.dtors))
 *(SORT(.rela.got))
 *(SORT(.rela.bss) SORT(.rela.bss.*) SORT(.rela.gnu.linkonce.b.*))
                [!provide]                        PROVIDE (__rela_iplt_start, .)
 *(SORT(.rela.iplt))
                [!provide]                        PROVIDE (__rela_iplt_end, .)

.rel.plt        0x0000000000012c28      0xa48
 *(SORT(.rel.plt))
 .rel.plt       0x0000000000012c28      0xa48 /home/hardik/Project/TFA9879/buildroot-2018.02.3/output/host/arm-buildroot-linux-uclibcgnueabihf/sysroot/usr/lib/crt1.o

.rela.plt
 *(SORT(.rela.plt))

.init           0x0000000000013670       0x10
 *(SORT(.init))
 .init          0x0000000000013670        0xc /home/hardik/Project/TFA9879/buildroot-2018.02.3/output/host/arm-buildroot-linux-uclibcgnueabihf/sysroot/usr/lib/crti.o
                0x0000000000013670                _init
 .init          0x000000000001367c        0x4 /home/hardik/Project/TFA9879/buildroot-2018.02.3/output/host/arm-buildroot-linux-uclibcgnueabihf/sysroot/usr/lib/crtn.o

.plt            0x0000000000013680      0xf80
 *(SORT(.plt))
 .plt           0x0000000000013680      0xf80 /home/hardik/Project/TFA9879/buildroot-2018.02.3/output/host/arm-buildroot-linux-uclibcgnueabihf/sysroot/usr/lib/crt1.o
                0x0000000000013694                longjmp
                0x00000000000136a0                stpcpy
                0x00000000000136ac                chroot
                0x00000000000136b8                strcpy
                0x00000000000136c4                setrlimit64
                0x00000000000136d0                unsetenv
                0x00000000000136dc                mkstemp64
                0x00000000000136e8                waitpid
                0x00000000000136f4                ioctl
                0x0000000000013700                pututxline
                0x000000000001370c                getgid
                0x0000000000013718                popen
                0x0000000000013724                sysconf
                0x0000000000013730                printf
                0x000000000001373c                vsprintf
                0x0000000000013748                getspnam_r
                0x0000000000013754                cfgetospeed
                0x0000000000013760                recv
                0x000000000001376c                connect
                0x0000000000013778                ungetc
                0x0000000000013784                tcgetsid
                0x0000000000013790                utimes
                0x000000000001379c                shmctl
                0x00000000000137a8                strerror
                0x00000000000137b4                memrchr
                0x00000000000137c0                geteuid
                0x00000000000137cc                inet_pton
                0x00000000000137d8                stat64
                0x00000000000137e4                memmove
                0x00000000000137f0                pclose
                0x00000000000137fc                getopt_long
                0x0000000000013808                snprintf
                0x0000000000013814                syscall
                0x0000000000013820                munmap
                0x000000000001382c                fileno_unlocked
                0x0000000000013838                sched_getparam
                0x0000000000013844                mknod
                0x0000000000013850                ftello64
                0x000000000001385c                posix_fallocate64
                0x0000000000013868                getgrgid
                0x0000000000013874                times
                0x0000000000013880                statfs64
                0x000000000001388c                getenv
                0x0000000000013898                fchmod
                0x00000000000138a4                getegid
                0x00000000000138b0                setutxent
                0x00000000000138bc                setlinebuf
                0x00000000000138c8                setpriority
                0x00000000000138d4                getpriority
                0x00000000000138e0                personality
                0x00000000000138ec                bsearch
                0x00000000000138f8                usleep
                0x0000000000013904                execve
                0x0000000000013910                semget
                0x000000000001391c                getpagesize
                0x0000000000013928                getpid
                0x0000000000013934                updwtmpx
                0x0000000000013940                qsort
                0x000000000001394c                fchown
                0x0000000000013958                fscanf
                0x0000000000013964                dirname
                0x0000000000013970                fcntl64
                0x000000000001397c                getrlimit64
                0x0000000000013988                prctl
                0x0000000000013994                fchdir
                0x00000000000139a0                gnu_dev_major
                0x00000000000139ac                memcpy
                0x00000000000139b8                execl
                0x00000000000139c4                readlink
                0x00000000000139d0                puts
                0x00000000000139dc                dup2
                0x00000000000139e8                tcflush
                0x00000000000139f4                execle
                0x0000000000013a00                getuid
                0x0000000000013a0c                tcsendbreak
                0x0000000000013a18                semctl
                0x0000000000013a24                system
                0x0000000000013a30                hasmntopt
                0x0000000000013a3c                malloc
                0x0000000000013a48                isatty
                0x0000000000013a54                cfgetispeed
                0x0000000000013a60                siglongjmp
                0x0000000000013a6c                sleep
                0x0000000000013a78                sched_setscheduler
                0x0000000000013a84                sysinfo
                0x0000000000013a90                strtoll
                0x0000000000013a9c                vsnprintf
                0x0000000000013aa8                recvfrom
                0x0000000000013ab4                tcdrain
                0x0000000000013ac0                pivot_root
                0x0000000000013acc                strtoul
                0x0000000000013ad8                sched_getscheduler
                0x0000000000013ae4                endutxent
                0x0000000000013af0                mktemp
                0x0000000000013afc                settimeofday
                0x0000000000013b08                rmdir
                0x0000000000013b14                socket
                0x0000000000013b20                select
                0x0000000000013b2c                lchown
                0x0000000000013b38                setgroups
                0x0000000000013b44                mempcpy
                0x0000000000013b50                fflush
                0x0000000000013b5c                realpath
                0x0000000000013b68                putenv
                0x0000000000013b74                sigaddset
                0x0000000000013b80                gnu_dev_minor
                0x0000000000013b8c                clearenv
                0x0000000000013b98                chown
                0x0000000000013ba4                strncasecmp
                0x0000000000013bb0                setpgid
                0x0000000000013bbc                freeaddrinfo
                0x0000000000013bc8                __fgetc_unlocked
                0x0000000000013bd4                abort
                0x0000000000013be0                utmpxname
                0x0000000000013bec                gmtime_r
                0x0000000000013bf8                chmod
                0x0000000000013c04                getnameinfo
                0x0000000000013c10                fstat64
                0x0000000000013c1c                alarm
                0x0000000000013c28                mlock
                0x0000000000013c34                strtol
                0x0000000000013c40                __sigsetjmp
                0x0000000000013c4c                pipe
                0x0000000000013c58                ether_hostton
                0x0000000000013c64                getpgrp
                0x0000000000013c70                strnlen
                0x0000000000013c7c                uname
                0x0000000000013c88                accept
                0x0000000000013c94                cfsetispeed
                0x0000000000013ca0                rename
                0x0000000000013cac                strrchr
                0x0000000000013cb8                nanosleep
                0x0000000000013cc4                strtod
                0x0000000000013cd0                write
                0x0000000000013cdc                atof
                0x0000000000013ce8                fdatasync
                0x0000000000013cf4                fprintf
                0x0000000000013d00                kill
                0x0000000000013d0c                fputs_unlocked
                0x0000000000013d18                ctime
                0x0000000000013d24                strcat
                0x0000000000013d30                bind
                0x0000000000013d3c                getmntent_r
                0x0000000000013d48                inet_addr
                0x0000000000013d54                vprintf
                0x0000000000013d60                umount2
                0x0000000000013d6c                mkfifo
                0x0000000000013d78                if_nametoindex
                0x0000000000013d90                reboot
                0x0000000000013d9c                chdir
                0x0000000000013da8                initgroups
                0x0000000000013db4                endgrent
                0x0000000000013dc0                setsockopt
                0x0000000000013dcc                wait3
                0x0000000000013dd8                shmget
                0x0000000000013de4                cfsetospeed
                0x0000000000013df0                memchr
                0x0000000000013dfc                swapoff
                0x0000000000013e08                wait
                0x0000000000013e14                umask
                0x0000000000013e20                dprintf
                0x0000000000013e2c                mktime
                0x0000000000013e38                strcasestr
                0x0000000000013e44                strstr
                0x0000000000013e50                getutxent
                0x0000000000013e5c                rand
                0x0000000000013e68                flock
                0x0000000000013e74                setgid
                0x0000000000013e80                signal
                0x0000000000013e8c                read
                0x0000000000013e98                openlog
                0x0000000000013ea4                pread64
                0x0000000000013eb0                sendmsg
                0x0000000000013ebc                closelog
                0x0000000000013ec8                strncmp
                0x0000000000013ed4                getusershell
                0x0000000000013ee0                sethostname
                0x0000000000013eec                __cmsg_nxthdr
                0x0000000000013ef8                setpgrp
                0x0000000000013f04                strncpy
                0x0000000000013f10                unlink
                0x0000000000013f1c                sync
                0x0000000000013f28                setenv
                0x0000000000013f34                freopen64
                0x0000000000013f40                strcasecmp
                0x0000000000013f4c                sendto
                0x0000000000013f58                sched_get_priority_max
                0x0000000000013f64                realloc
                0x0000000000013f70                __cxa_atexit
                0x0000000000013f7c                readdir64
                0x0000000000013f88                strtok
                0x0000000000013f94                memcmp
                0x0000000000013fa0                listen
                0x0000000000013fac                sched_get_priority_min
                0x0000000000013fb8                fdopen
                0x0000000000013fc4                fork
                0x0000000000013fd0                sscanf
                0x0000000000013fdc                execv
                0x0000000000013fe8                setmntent
                0x0000000000013ff4                lstat64
                0x0000000000014000                execlp
                0x000000000001400c                sigaction
                0x0000000000014018                endmntent
                0x0000000000014024                __res_init
                0x0000000000014030                killpg
                0x000000000001403c                fread
                0x0000000000014048                ttyname_r
                0x0000000000014054                __uClibc_main
                0x0000000000014060                getlogin_r
                0x000000000001406c                strdup
                0x0000000000014078                inet_aton
                0x0000000000014084                strtoull
                0x0000000000014090                regcomp
                0x000000000001409c                symlink
                0x00000000000140a8                gettimeofday
                0x00000000000140b4                getopt
                0x00000000000140c0                localtime
                0x00000000000140cc                memset
                0x00000000000140d8                fnmatch
                0x00000000000140e4                cfmakeraw
                0x00000000000140f0                getsid
                0x00000000000140fc                srand
                0x0000000000014108                clearerr
                0x0000000000014114                mallopt
                0x0000000000014120                fclose
                0x000000000001412c                open64
                0x0000000000014138                inet_ntoa
                0x0000000000014144                getppid
                0x0000000000014150                tcgetattr
                0x000000000001415c                getservbyport
                0x0000000000014168                regexec
                0x0000000000014174                time
                0x0000000000014180                opendir
                0x000000000001418c                getgroups
                0x0000000000014198                msgctl
                0x00000000000141a4                poll
                0x00000000000141b0                sigtimedwait
                0x00000000000141bc                getgrouplist
                0x00000000000141c8                syslog
                0x00000000000141d4                seteuid
                0x00000000000141e0                getopt_long_only
                0x00000000000141ec                mount
                0x00000000000141f8                strcmp
                0x0000000000014204                getpwuid
                0x0000000000014210                __h_errno_location
                0x000000000001421c                dup
                0x0000000000014228                swapon
                0x0000000000014234                getcwd
                0x0000000000014240                __res_state
                0x000000000001424c                gethostbyname
                0x0000000000014258                strsignal
                0x0000000000014264                getpwnam
                0x0000000000014270                getservbyname
                0x000000000001427c                sprintf
                0x0000000000014288                ether_aton_r
                0x0000000000014294                strcspn
                0x00000000000142a0                cfsetspeed
                0x00000000000142ac                scanf
                0x00000000000142b8                regerror
                0x00000000000142c4                mmap64
                0x00000000000142d0                vfork
                0x00000000000142dc                sched_getaffinity
                0x00000000000142e8                strsep
                0x00000000000142f4                fsync
                0x0000000000014300                hstrerror
                0x000000000001430c                localtime_r
                0x0000000000014318                getaddrinfo
                0x0000000000014324                strftime
                0x0000000000014330                sendfile64
                0x000000000001433c                mkdtemp
                0x0000000000014348                getmntent
                0x0000000000014354                fwrite
                0x0000000000014360                access
                0x000000000001436c                strptime
                0x0000000000014378                tcgetpgrp
                0x0000000000014384                __errno_location
                0x0000000000014390                link
                0x000000000001439c                exit
                0x00000000000143a8                stime
                0x00000000000143b4                klogctl
                0x00000000000143c0                sigdelset
                0x00000000000143cc                setbuf
                0x00000000000143d8                inet_ntop
                0x00000000000143e4                getgrnam
                0x00000000000143f0                gnu_dev_makedev
                0x00000000000143fc                atoi
                0x0000000000014408                _setjmp
                0x0000000000014414                fgets_unlocked
                0x0000000000014420                getline
                0x000000000001442c                _exit
                0x0000000000014438                strverscmp
                0x0000000000014444                getpwent
                0x0000000000014450                strspn
                0x000000000001445c                munlock
                0x0000000000014468                strlen
                0x0000000000014474                lseek64
                0x0000000000014480                atoll
                0x000000000001448c                regfree
                0x0000000000014498                strchr
                0x00000000000144a4                fputs
                0x00000000000144b0                execvp
                0x00000000000144bc                setsid
                0x00000000000144c8                setegid
                0x00000000000144d4                closedir
                0x00000000000144e0                vasprintf
                0x00000000000144ec                recvmsg
                0x00000000000144f8                strchrnul
                0x0000000000014504                tzset
                0x0000000000014510                sched_yield
                0x000000000001451c                setuid
                0x0000000000014528                gethostid
                0x0000000000014534                fseeko64
                0x0000000000014540                tcsetattr
                0x000000000001454c                mkdir
                0x0000000000014564                msgget
                0x0000000000014570                close
                0x000000000001457c                vfprintf
                0x0000000000014588                strpbrk
                0x0000000000014594                tcsetpgrp
                0x00000000000145a0                sigsuspend
                0x00000000000145ac                raise
                0x00000000000145b8                free
                0x00000000000145c4                sigprocmask
                0x00000000000145d0                __fputc_unlocked
                0x00000000000145dc                getsockname
                0x00000000000145e8                fopen64
                0x00000000000145f4                ftruncate64

.iplt           0x0000000000014600        0x0
 *(SORT(.iplt))
 .iplt          0x0000000000014600        0x0 /home/hardik/Project/TFA9879/buildroot-2018.02.3/output/host/arm-buildroot-linux-uclibcgnueabihf/sysroot/usr/lib/crt1.o

.text           0x0000000000014600    0x7d644
 *(SORT(.text.unlikely) SORT(.text.*_unlikely) SORT(.text.unlikely.*))
 *(SORT(.text.exit) SORT(.text.exit.*))
 *(SORT(.text.startup) SORT(.text.startup.*))
 *(SORT(.text.hot) SORT(.text.hot.*))
 *(SORT(.text) SORT(.stub) SORT(.text.*) SORT(.gnu.linkonce.t.*))
 .text.identify
                0x0000000000014600     0x1238 miscutils/lib.a(hdparm.o)
 .text.parse_args
                0x0000000000015838      0x678 networking/libiproute/lib.a(iptunnel.o)
 .text.showmode
                0x0000000000015eb0      0x18c util-linux/lib.a(fbset.o)
 *fill*         0x000000000001603c        0x4 
 .text.get_boot
                0x0000000000016040      0x84c util-linux/lib.a(fdisk.o)
 *fill*         0x000000000001688c        0x4 
 .text.sleep_main
                0x0000000000016890      0x19c coreutils/lib.a(sleep.o)
                0x0000000000016890                sleep_main
 *fill*         0x0000000000016a2c        0x4 
 .text.evaluate
                0x0000000000016a30      0xe4c editors/lib.a(awk.o)
 *fill*         0x000000000001787c        0x4 
 .text.awk_main
                0x0000000000017880      0x4a0 editors/lib.a(awk.o)
                0x0000000000017880                awk_main
 .text.smart_ulltoa5
                0x0000000000017d20      0x1a0 libbb/lib.a(human_readable.o)
                0x0000000000017d20                smart_ulltoa5
 .text.bb_progress_update
                0x0000000000017ec0      0x37c libbb/lib.a(progress.o)
                0x0000000000017ec0                bb_progress_update
 *fill*         0x000000000001823c        0x4 
 .text          0x0000000000018240       0x50 /home/hardik/Project/TFA9879/buildroot-2018.02.3/output/host/lib/gcc/arm-buildroot-linux-uclibcgnueabihf/6.4.0/libgcc.a(_fixunsdfdi.o)
                0x0000000000018240                __aeabi_d2ulz
                0x0000000000018240                __fixunsdfdi
 .text          0x0000000000018290       0x3c /home/hardik/Project/TFA9879/buildroot-2018.02.3/output/host/arm-buildroot-linux-uclibcgnueabihf/sysroot/usr/lib/crt1.o
                0x0000000000018290                _start
 .text          0x00000000000182cc      0x10c /home/hardik/Project/TFA9879/buildroot-2018.02.3/output/host/lib/gcc/arm-buildroot-linux-uclibcgnueabihf/6.4.0/crtbegin.o
 .text.string_array_len
                0x00000000000183d8       0x28 libbb/lib.a(appletlib.o)
                0x00000000000183d8                string_array_len
 .text.find_applet_by_name
                0x0000000000018400       0xb4 libbb/lib.a(appletlib.o)
                0x0000000000018400                find_applet_by_name
 .text.bb_show_usage
                0x00000000000184b4       0xa4 libbb/lib.a(appletlib.o)
                0x00000000000184b4                bb_show_usage
 .text.lbb_prepare
                0x0000000000018558       0x28 libbb/lib.a(appletlib.o)
                0x0000000000018558                lbb_prepare
 .text.run_applet_no_and_exit
                0x0000000000018580      0x128 libbb/lib.a(appletlib.o)
                0x0000000000018580                run_applet_no_and_exit
 .text.run_applet_and_exit
                0x00000000000186a8      0x360 libbb/lib.a(appletlib.o)
 .text.main     0x0000000000018a08       0x74 libbb/lib.a(appletlib.o)
                0x0000000000018a08                main
 .text.is_prefixed_with
                0x0000000000018a7c       0x30 libbb/lib.a(compare_string_array.o)
                0x0000000000018a7c                is_prefixed_with
 .text.index_in_strings
                0x0000000000018aac       0x54 libbb/lib.a(compare_string_array.o)
                0x0000000000018aac                index_in_strings
 .text.index_in_substrings
                0x0000000000018b00       0x8c libbb/lib.a(compare_string_array.o)
                0x0000000000018b00                index_in_substrings
 .text.nth_string
                0x0000000000018b8c       0x34 libbb/lib.a(compare_string_array.o)
                0x0000000000018b8c                nth_string
 .text.concat_path_file
                0x0000000000018bc0       0x64 libbb/lib.a(concat_path_file.o)
                0x0000000000018bc0                concat_path_file
 .text.bb_basename
                0x0000000000018c24       0x20 libbb/lib.a(get_last_path_component.o)
                0x0000000000018c24                bb_basename
 .text.bb_get_last_path_component_nostrip
                0x0000000000018c44       0x3c libbb/lib.a(get_last_path_component.o)
                0x0000000000018c44                bb_get_last_path_component_nostrip
 .text.bb_get_last_path_component_strip
                0x0000000000018c80       0x50 libbb/lib.a(get_last_path_component.o)
                0x0000000000018c80                bb_get_last_path_component_strip
 .text.last_char_is
                0x0000000000018cd0       0x4c libbb/lib.a(last_char_is.o)
                0x0000000000018cd0                last_char_is
 .text.bb_perror_msg
                0x0000000000018d1c       0x4c libbb/lib.a(perror_msg.o)
                0x0000000000018d1c                bb_perror_msg
 .text.bb_perror_msg_and_die
                0x0000000000018d68       0x40 libbb/lib.a(perror_msg.o)
                0x0000000000018d68                bb_perror_msg_and_die
 .text.bb_simple_perror_msg
                0x0000000000018da8       0x10 libbb/lib.a(perror_msg.o)
                0x0000000000018da8                bb_simple_perror_msg
 .text.bb_simple_perror_msg_and_die
                0x0000000000018db8       0x14 libbb/lib.a(perror_msg.o)
                0x0000000000018db8                bb_simple_perror_msg_and_die
 .text.bb_verror_msg
                0x0000000000018dcc      0x218 libbb/lib.a(verror_msg.o)
                0x0000000000018dcc                bb_verror_msg
 .text.bb_error_msg_and_die
                0x0000000000018fe4       0x20 libbb/lib.a(verror_msg.o)
                0x0000000000018fe4                bb_error_msg_and_die
 .text.bb_error_msg
                0x0000000000019004       0x2c libbb/lib.a(verror_msg.o)
                0x0000000000019004                bb_error_msg
 .text.xfunc_die
                0x0000000000019030       0x2c libbb/lib.a(xfunc_die.o)
                0x0000000000019030                xfunc_die
 .text.ndelay_on
                0x000000000001905c       0x34 libbb/lib.a(xfuncs.o)
                0x000000000001905c                ndelay_on
 .text.ndelay_off
                0x0000000000019090       0x34 libbb/lib.a(xfuncs.o)
                0x0000000000019090                ndelay_off
 .text.close_on_exec_on
                0x00000000000190c4        0xc libbb/lib.a(xfuncs.o)
                0x00000000000190c4                close_on_exec_on
 .text.strncpy_IFNAMSIZ
                0x00000000000190d0        0x8 libbb/lib.a(xfuncs.o)
                0x00000000000190d0                strncpy_IFNAMSIZ
 .text.utoa_to_buf
                0x00000000000190d8       0x80 libbb/lib.a(xfuncs.o)
                0x00000000000190d8                utoa_to_buf
 .text.itoa_to_buf
                0x0000000000019158       0x2c libbb/lib.a(xfuncs.o)
                0x0000000000019158                itoa_to_buf
 .text.utoa     0x0000000000019184       0x28 libbb/lib.a(xfuncs.o)
                0x0000000000019184                utoa
 .text.itoa     0x00000000000191ac       0x28 libbb/lib.a(xfuncs.o)
                0x00000000000191ac                itoa
 .text.bin2hex  0x00000000000191d4       0x4c libbb/lib.a(xfuncs.o)
                0x00000000000191d4                bin2hex
 .text.hex2bin  0x0000000000019220       0xd8 libbb/lib.a(xfuncs.o)
                0x0000000000019220                hex2bin
 .text.bb_putchar_stderr
                0x00000000000192f8       0x20 libbb/lib.a(xfuncs.o)
                0x00000000000192f8                bb_putchar_stderr
 .text.full_write1_str
                0x0000000000019318       0x20 libbb/lib.a(xfuncs.o)
                0x0000000000019318                full_write1_str
 .text.full_write2_str
                0x0000000000019338       0x20 libbb/lib.a(xfuncs.o)
                0x0000000000019338                full_write2_str
 .text.get_terminal_width_height
                0x0000000000019358      0x13c libbb/lib.a(xfuncs.o)
                0x0000000000019358                get_terminal_width_height
 .text.get_terminal_width
                0x0000000000019494       0x1c libbb/lib.a(xfuncs.o)
                0x0000000000019494                get_terminal_width
 .text.tcsetattr_stdin_TCSANOW
                0x00000000000194b0       0x10 libbb/lib.a(xfuncs.o)
                0x00000000000194b0                tcsetattr_stdin_TCSANOW
 .text.set_termios_to_raw
                0x00000000000194c0       0xb0 libbb/lib.a(xfuncs.o)
                0x00000000000194c0                set_termios_to_raw
 .text.safe_waitpid
                0x0000000000019570       0x44 libbb/lib.a(xfuncs.o)
                0x0000000000019570                safe_waitpid
 .text.wait_any_nohang
                0x00000000000195b4       0x10 libbb/lib.a(xfuncs.o)
                0x00000000000195b4                wait_any_nohang
 .text.wait4pid
                0x00000000000195c4       0x54 libbb/lib.a(xfuncs.o)
                0x00000000000195c4                wait4pid
 .text.wait_for_exitstatus
                0x0000000000019618       0x30 libbb/lib.a(xfuncs.o)
                0x0000000000019618                wait_for_exitstatus
 .text.malloc_or_warn
                0x0000000000019648       0x3c libbb/lib.a(xfuncs_printf.o)
                0x0000000000019648                malloc_or_warn
 .text.xmalloc  0x0000000000019684       0x30 libbb/lib.a(xfuncs_printf.o)
                0x0000000000019684                xmalloc
 .text.xrealloc
                0x00000000000196b4       0x30 libbb/lib.a(xfuncs_printf.o)
                0x00000000000196b4                xrealloc
 .text.xzalloc  0x00000000000196e4       0x24 libbb/lib.a(xfuncs_printf.o)
                0x00000000000196e4                xzalloc
 .text.xstrdup  0x0000000000019708       0x2c libbb/lib.a(xfuncs_printf.o)
                0x0000000000019708                xstrdup
 .text.xstrndup
                0x0000000000019734       0x50 libbb/lib.a(xfuncs_printf.o)
                0x0000000000019734                xstrndup
 .text.xmemdup  0x0000000000019784       0x24 libbb/lib.a(xfuncs_printf.o)
                0x0000000000019784                xmemdup
 .text.xfopen   0x00000000000197a8       0x24 libbb/lib.a(xfuncs_printf.o)
                0x00000000000197a8                xfopen
 .text.xopen3   0x00000000000197cc       0x24 libbb/lib.a(xfuncs_printf.o)
                0x00000000000197cc                xopen3
 .text.xopen    0x00000000000197f0        0x8 libbb/lib.a(xfuncs_printf.o)
                0x00000000000197f0                xopen
 .text.open3_or_warn
                0x00000000000197f8       0x2c libbb/lib.a(xfuncs_printf.o)
                0x00000000000197f8                open3_or_warn
 .text.open_or_warn
                0x0000000000019824        0x8 libbb/lib.a(xfuncs_printf.o)
                0x0000000000019824                open_or_warn
 .text.xopen_nonblocking
                0x000000000001982c        0x8 libbb/lib.a(xfuncs_printf.o)
                0x000000000001982c                xopen_nonblocking
 .text.xunlink  0x0000000000019834       0x24 libbb/lib.a(xfuncs_printf.o)
                0x0000000000019834                xunlink
 .text.xrename  0x0000000000019858       0x2c libbb/lib.a(xfuncs_printf.o)
                0x0000000000019858                xrename
 .text.xpipe    0x0000000000019884       0x1c libbb/lib.a(xfuncs_printf.o)
                0x0000000000019884                xpipe
 .text.xdup2    0x00000000000198a0       0x20 libbb/lib.a(xfuncs_printf.o)
                0x00000000000198a0                xdup2
 .text.xmove_fd
                0x00000000000198c0       0x20 libbb/lib.a(xfuncs_printf.o)
                0x00000000000198c0                xmove_fd
 .text.xwrite   0x00000000000198e0       0x38 libbb/lib.a(xfuncs_printf.o)
                0x00000000000198e0                xwrite
 .text.xwrite_str
                0x0000000000019918       0x28 libbb/lib.a(xfuncs_printf.o)
                0x0000000000019918                xwrite_str
 .text.xclose   0x0000000000019940       0x1c libbb/lib.a(xfuncs_printf.o)
                0x0000000000019940                xclose
 .text.xlseek   0x000000000001995c       0x5c libbb/lib.a(xfuncs_printf.o)
                0x000000000001995c                xlseek
 .text.xmkstemp
                0x00000000000199b8       0x24 libbb/lib.a(xfuncs_printf.o)
                0x00000000000199b8                xmkstemp
 .text.die_if_ferror
                0x00000000000199dc       0x20 libbb/lib.a(xfuncs_printf.o)
                0x00000000000199dc                die_if_ferror
 .text.die_if_ferror_stdout
                0x00000000000199fc       0x18 libbb/lib.a(xfuncs_printf.o)
                0x00000000000199fc                die_if_ferror_stdout
 .text.fflush_all
                0x0000000000019a14        0x8 libbb/lib.a(xfuncs_printf.o)
                0x0000000000019a14                fflush_all
 .text.bb_putchar
                0x0000000000019a1c       0x38 libbb/lib.a(xfuncs_printf.o)
                0x0000000000019a1c                bb_putchar
 .text.xasprintf
                0x0000000000019a54       0x44 libbb/lib.a(xfuncs_printf.o)
                0x0000000000019a54                xasprintf
 .text.xsetenv  0x0000000000019a98       0x20 libbb/lib.a(xfuncs_printf.o)
                0x0000000000019a98                xsetenv
 .text.bb_unsetenv
                0x0000000000019ab8       0x44 libbb/lib.a(xfuncs_printf.o)
                0x0000000000019ab8                bb_unsetenv
 .text.bb_unsetenv_and_free
                0x0000000000019afc       0x18 libbb/lib.a(xfuncs_printf.o)
                0x0000000000019afc                bb_unsetenv_and_free
 .text.xsetgid  0x0000000000019b14       0x1c libbb/lib.a(xfuncs_printf.o)
                0x0000000000019b14                xsetgid
 .text.xsetuid  0x0000000000019b30       0x1c libbb/lib.a(xfuncs_printf.o)
                0x0000000000019b30                xsetuid
 .text.xsetegid
                0x0000000000019b4c       0x1c libbb/lib.a(xfuncs_printf.o)
                0x0000000000019b4c                xsetegid
 .text.xseteuid
                0x0000000000019b68       0x1c libbb/lib.a(xfuncs_printf.o)
                0x0000000000019b68                xseteuid
 .text.xopen_as_uid_gid
                0x0000000000019b84       0x5c libbb/lib.a(xfuncs_printf.o)
                0x0000000000019b84                xopen_as_uid_gid
 .text.xchdir   0x0000000000019be0       0x24 libbb/lib.a(xfuncs_printf.o)
                0x0000000000019be0                xchdir
 .text.xchroot  0x0000000000019c04       0x34 libbb/lib.a(xfuncs_printf.o)
                0x0000000000019c04                xchroot
 .text.warn_opendir
                0x0000000000019c38       0x2c libbb/lib.a(xfuncs_printf.o)
                0x0000000000019c38                warn_opendir
 .text.xopendir
                0x0000000000019c64       0x24 libbb/lib.a(xfuncs_printf.o)
                0x0000000000019c64                xopendir
 .text.xsocket  0x0000000000019c88       0x1c libbb/lib.a(xfuncs_printf.o)
                0x0000000000019c88                xsocket
 .text.xbind    0x0000000000019ca4       0x1c libbb/lib.a(xfuncs_printf.o)
                0x0000000000019ca4                xbind
 .text.xsendto  0x0000000000019cc0       0x30 libbb/lib.a(xfuncs_printf.o)
                0x0000000000019cc0                xsendto
 .text.xstat    0x0000000000019cf0       0x24 libbb/lib.a(xfuncs_printf.o)
                0x0000000000019cf0                xstat
 .text.xfstat   0x0000000000019d14       0x1c libbb/lib.a(xfuncs_printf.o)
                0x0000000000019d14                xfstat
 .text.ioctl_or_perror_and_die
                0x0000000000019d30       0x54 libbb/lib.a(xfuncs_printf.o)
                0x0000000000019d30                ioctl_or_perror_and_die
 .text.ioctl_or_perror
                0x0000000000019d84       0x54 libbb/lib.a(xfuncs_printf.o)
                0x0000000000019d84                ioctl_or_perror
 .text.bb_ioctl_or_warn
                0x0000000000019dd8       0x24 libbb/lib.a(xfuncs_printf.o)
                0x0000000000019dd8                bb_ioctl_or_warn
 .text.bb_xioctl
                0x0000000000019dfc       0x1c libbb/lib.a(xfuncs_printf.o)
                0x0000000000019dfc                bb_xioctl
 .text.xmalloc_ttyname
                0x0000000000019e18       0x30 libbb/lib.a(xfuncs_printf.o)
                0x0000000000019e18                xmalloc_ttyname
 .text.generate_uuid
                0x0000000000019e48       0xa4 libbb/lib.a(xfuncs_printf.o)
                0x0000000000019e48                generate_uuid
 .text.xfork    0x0000000000019eec       0x1c libbb/lib.a(xfuncs_printf.o)
                0x0000000000019eec                xfork
 .text.xmalloc_readlink
                0x0000000000019f08       0x64 libbb/lib.a(xreadlink.o)
                0x0000000000019f08                xmalloc_readlink
 .text.xmalloc_follow_symlinks
                0x0000000000019f6c       0xb8 libbb/lib.a(xreadlink.o)
                0x0000000000019f6c                xmalloc_follow_symlinks
 .text.xmalloc_readlink_or_warn
                0x000000000001a024       0x54 libbb/lib.a(xreadlink.o)
                0x000000000001a024                xmalloc_readlink_or_warn
 .text.xmalloc_realpath
                0x000000000001a078        0x8 libbb/lib.a(xreadlink.o)
                0x000000000001a078                xmalloc_realpath
 .text.bb_full_fd_action
                0x000000000001a080      0x174 libbb/lib.a(copyfd.o)
 .text.bb_copyfd_size
                0x000000000001a1f4       0x2c libbb/lib.a(copyfd.o)
                0x000000000001a1f4                bb_copyfd_size
 .text.bb_copyfd_exact_size
                0x000000000001a220       0x58 libbb/lib.a(copyfd.o)
                0x000000000001a220                bb_copyfd_exact_size
 .text.bb_copyfd_eof
                0x000000000001a278        0xc libbb/lib.a(copyfd.o)
                0x000000000001a278                bb_copyfd_eof
 .text.full_write
                0x000000000001a284       0x54 libbb/lib.a(full_write.o)
                0x000000000001a284                full_write
 .text.safe_read
                0x000000000001a2d8       0x44 libbb/lib.a(read.o)
                0x000000000001a2d8                safe_read
 .text.full_read
                0x000000000001a31c       0x58 libbb/lib.a(read.o)
                0x000000000001a31c                full_read
 .text.read_close
                0x000000000001a374       0x20 libbb/lib.a(read.o)
                0x000000000001a374                read_close
 .text.open_read_close
                0x000000000001a394       0x2c libbb/lib.a(read.o)
                0x000000000001a394                open_read_close
 .text.safe_write
                0x000000000001a3c0       0x4c libbb/lib.a(safe_write.o)
                0x000000000001a3c0                safe_write
 .text.record_signo
                0x000000000001a40c       0x10 libbb/lib.a(signals.o)
                0x000000000001a40c                record_signo
 .text.sigaction_set
                0x000000000001a41c        0x8 libbb/lib.a(signals.o)
                0x000000000001a41c                sigaction_set
 .text.sigprocmask_allsigs
                0x000000000001a424       0x24 libbb/lib.a(signals.o)
                0x000000000001a424                sigprocmask_allsigs
 .text.bb_signals
                0x000000000001a448       0x44 libbb/lib.a(signals.o)
                0x000000000001a448                bb_signals
 .text.bb_signals_recursive_norestart
                0x000000000001a48c       0x5c libbb/lib.a(signals.o)
                0x000000000001a48c                bb_signals_recursive_norestart
 .text.sig_unblock
                0x000000000001a4e8       0x34 libbb/lib.a(signals.o)
                0x000000000001a4e8                sig_unblock
 .text.kill_myself_with_sig
                0x000000000001a51c       0x28 libbb/lib.a(signals.o)
                0x000000000001a51c                kill_myself_with_sig
 .text.signal_SA_RESTART_empty_mask
                0x000000000001a544       0x2c libbb/lib.a(signals.o)
                0x000000000001a544                signal_SA_RESTART_empty_mask
 .text.signal_no_SA_RESTART_empty_mask
                0x000000000001a570       0x28 libbb/lib.a(signals.o)
                0x000000000001a570                signal_no_SA_RESTART_empty_mask
 .text.get_mono
                0x000000000001a598       0x28 libbb/lib.a(time.o)
 .text.parse_datestr
                0x000000000001a5c0      0x46c libbb/lib.a(time.o)
                0x000000000001a5c0                parse_datestr
 .text.validate_tm_time
                0x000000000001aa2c       0x28 libbb/lib.a(time.o)
                0x000000000001aa2c                validate_tm_time
 .text.strftime_HHMMSS
                0x000000000001aa54       0x48 libbb/lib.a(time.o)
                0x000000000001aa54                strftime_HHMMSS
 .text.strftime_YYYYMMDDHHMMSS
                0x000000000001aa9c       0x48 libbb/lib.a(time.o)
                0x000000000001aa9c                strftime_YYYYMMDDHHMMSS
 .text.monotonic_us
                0x000000000001aae4       0x34 libbb/lib.a(time.o)
                0x000000000001aae4                monotonic_us
 .text.monotonic_ms
                0x000000000001ab18       0x34 libbb/lib.a(time.o)
                0x000000000001ab18                monotonic_ms
 .text.monotonic_sec
                0x000000000001ab4c       0x18 libbb/lib.a(time.o)
                0x000000000001ab4c                monotonic_sec
 .text.handle_errors.isra.0
                0x000000000001ab64       0x64 libbb/lib.a(bb_strtonum.o)
 .text.bb_strtoull
                0x000000000001abc8       0x78 libbb/lib.a(bb_strtonum.o)
                0x000000000001abc8                bb_strtoull
 .text.bb_strtoll
                0x000000000001ac40       0x84 libbb/lib.a(bb_strtonum.o)
                0x000000000001ac40                bb_strtoll
 .text.bb_strtoul
                0x000000000001acc4       0x74 libbb/lib.a(bb_strtonum.o)
                0x000000000001acc4                bb_strtoul
 .text.bb_strtol
                0x000000000001ad38       0x80 libbb/lib.a(bb_strtonum.o)
                0x000000000001ad38                bb_strtol
 .text.addgroup_main
                0x000000000001adb8      0x180 loginutils/lib.a(addgroup.o)
                0x000000000001adb8                addgroup_main
 .text.addgroup_wrapper
                0x000000000001af38       0x7c loginutils/lib.a(adduser.o)
 .text.adduser_main
                0x000000000001afb4      0x418 loginutils/lib.a(adduser.o)
                0x000000000001afb4                adduser_main
 .text.cryptpw_main
                0x000000000001b3cc      0x13c loginutils/lib.a(cryptpw.o)
                0x000000000001b3cc                cryptpw_main
 .text.deluser_main
                0x000000000001b508      0x178 loginutils/lib.a(deluser.o)
                0x000000000001b508                deluser_main
 .text.sleep10  0x000000000001b680        0x8 loginutils/lib.a(getty.o)
 .text.bcode    0x000000000001b688       0x20 loginutils/lib.a(getty.o)
 .text.set_tty_attrs
                0x000000000001b6a8       0x2c loginutils/lib.a(getty.o)
 .text.finalize_tty_attrs
                0x000000000001b6d4       0x88 loginutils/lib.a(getty.o)
 .text.alarm_handler
                0x000000000001b75c       0x10 loginutils/lib.a(getty.o)
 .text.getty_main
                0x000000000001b76c      0x778 loginutils/lib.a(getty.o)
                0x000000000001b76c                getty_main
 .text.alarm_handler
                0x000000000001bee4       0x3c loginutils/lib.a(login.o)
 .text.login_main
                0x000000000001bf20      0x478 loginutils/lib.a(login.o)
                0x000000000001bf20                login_main
 .text.passwd_main
                0x000000000001c398      0x46c loginutils/lib.a(passwd.o)
                0x000000000001c398                passwd_main
 .text.su_main  0x000000000001c804      0x24c loginutils/lib.a(su.o)
                0x000000000001c804                su_main
 .text.sulogin_main
                0x000000000001ca50      0x14c loginutils/lib.a(sulogin.o)
                0x000000000001ca50                sulogin_main
 .text.acquire_vt
                0x000000000001cb9c       0x10 loginutils/lib.a(vlock.o)
 .text.release_vt
                0x000000000001cbac       0x20 loginutils/lib.a(vlock.o)
 .text.vlock_main
                0x000000000001cbcc      0x1c4 loginutils/lib.a(vlock.o)
                0x000000000001cbcc                vlock_main
 .text.crondlog
                0x000000000001cd90       0x48 miscutils/lib.a(crond.o)
 .text.log8     0x000000000001cdd8       0x2c miscutils/lib.a(crond.o)
 .text.log5     0x000000000001ce04       0x2c miscutils/lib.a(crond.o)
 .text.reopen_logfile_to_stderr
                0x000000000001ce30       0x34 miscutils/lib.a(crond.o)
 .text.delete_cronfile
                0x000000000001ce64       0xac miscutils/lib.a(crond.o)
 .text.ParseField
                0x000000000001cf10      0x1f8 miscutils/lib.a(crond.o)
 .text.safe_setenv
                0x000000000001d108       0x40 miscutils/lib.a(crond.o)
 .text.start_one_job
                0x000000000001d148      0x170 miscutils/lib.a(crond.o)
 .text.log7.constprop.0
                0x000000000001d2b8       0x30 miscutils/lib.a(crond.o)
 .text.load_crontab
                0x000000000001d2e8      0x300 miscutils/lib.a(crond.o)
 .text.rescan_crontab_dir
                0x000000000001d5e8       0xb0 miscutils/lib.a(crond.o)
 .text.crond_main
                0x000000000001d698      0x438 miscutils/lib.a(crond.o)
                0x000000000001d698                crond_main
 .text.edit_file
                0x000000000001dad0       0x9c miscutils/lib.a(crontab.o)
 .text.crontab_main
                0x000000000001db6c      0x2b8 miscutils/lib.a(crontab.o)
                0x000000000001db6c                crontab_main
 .text.pop      0x000000000001de24       0x40 miscutils/lib.a(dc.o)
 .text.push     0x000000000001de64       0x40 miscutils/lib.a(dc.o)
 .text.divide   0x000000000001dea4       0x24 miscutils/lib.a(dc.o)
 .text.mul      0x000000000001dec8       0x24 miscutils/lib.a(dc.o)
 .text.sub      0x000000000001deec       0x24 miscutils/lib.a(dc.o)
 .text.add      0x000000000001df10       0x24 miscutils/lib.a(dc.o)
 .text.eor      0x000000000001df34       0x50 miscutils/lib.a(dc.o)
 .text.not      0x000000000001df84       0x28 miscutils/lib.a(dc.o)
 .text.or       0x000000000001dfac       0x50 miscutils/lib.a(dc.o)
 .text.and      0x000000000001dffc       0x50 miscutils/lib.a(dc.o)
 .text.mod      0x000000000001e04c       0x58 miscutils/lib.a(dc.o)
 .text.stack_machine
                0x000000000001e0a4       0x98 miscutils/lib.a(dc.o)
 .text.set_output_base
                0x000000000001e13c       0x64 miscutils/lib.a(dc.o)
 .text.print_base
                0x000000000001e1a0      0x114 miscutils/lib.a(dc.o)
 .text.print_stack_no_pop
                0x000000000001e2b4       0x40 miscutils/lib.a(dc.o)
 .text.print_no_pop
                0x000000000001e2f4       0x38 miscutils/lib.a(dc.o)
 .text.dc_main  0x000000000001e32c       0x78 miscutils/lib.a(dc.o)
                0x000000000001e32c                dc_main
 .text.devmem_main
                0x000000000001e3a4      0x210 miscutils/lib.a(devmem.o)
                0x000000000001e3a4                devmem_main
 .text.parse_opts
                0x000000000001e5b4       0x34 miscutils/lib.a(hdparm.o)
 .text.parse_opts_0_1
                0x000000000001e5e8        0xc miscutils/lib.a(hdparm.o)
 .text.parse_opts_0_INTMAX
                0x000000000001e5f4        0xc miscutils/lib.a(hdparm.o)
 .text.translate_xfermode
                0x000000000001e600       0x88 miscutils/lib.a(hdparm.o)
 .text.read_big_block
                0x000000000001e688       0x38 miscutils/lib.a(hdparm.o)
 .text.xprint_ascii
                0x000000000001e6c0       0x98 miscutils/lib.a(hdparm.o)
 .text.mode_loop
                0x000000000001e758       0x8c miscutils/lib.a(hdparm.o)
 .text.print_flag
                0x000000000001e7e4       0x14 miscutils/lib.a(hdparm.o)
 .text.print_flag_on_off
                0x000000000001e7f8       0x3c miscutils/lib.a(hdparm.o)
 .text.identify_from_stdin
                0x000000000001e834       0x90 miscutils/lib.a(hdparm.o)
 .text.dump_identity
                0x000000000001e8c4      0x4b0 miscutils/lib.a(hdparm.o)
 .text.seek_to_zero
                0x000000000001ed74       0x24 miscutils/lib.a(hdparm.o)
 .text.flush_buffer_cache
                0x000000000001ed98       0x6c miscutils/lib.a(hdparm.o)
 .text.do_time  0x000000000001ee04      0x1d0 miscutils/lib.a(hdparm.o)
 .text.ioctl_alt_func.constprop.1
                0x000000000001efd4       0x44 miscutils/lib.a(hdparm.o)
 .text.print_value_on_off
                0x000000000001f018       0x3c miscutils/lib.a(hdparm.o)
 .text.process_dev
                0x000000000001f054      0xbd4 miscutils/lib.a(hdparm.o)
 .text.hdparm_main
                0x000000000001fc28      0x3fc miscutils/lib.a(hdparm.o)
                0x000000000001fc28                hdparm_main
 .text.i2c_bus_lookup
                0x0000000000020024       0x14 miscutils/lib.a(i2c_tools.o)
 .text.i2c_dev_open
                0x0000000000020038       0x6c miscutils/lib.a(i2c_tools.o)
 .text.check_funcs_test_end
                0x00000000000200a4       0x3c miscutils/lib.a(i2c_tools.o)
 .text.check_read_funcs
                0x00000000000200e0       0xf4 miscutils/lib.a(i2c_tools.o)
 .text.i2c_set_slave_addr
                0x00000000000201d4       0x34 miscutils/lib.a(i2c_tools.o)
 .text.confirm_or_abort
                0x0000000000020208       0x38 miscutils/lib.a(i2c_tools.o)
 .text.confirm_action
                0x0000000000020240       0x8c miscutils/lib.a(i2c_tools.o)
 .text.i2c_smbus_access
                0x00000000000202cc       0x2c miscutils/lib.a(i2c_tools.o)
 .text.i2c_smbus_read_byte
                0x00000000000202f8       0x30 miscutils/lib.a(i2c_tools.o)
 .text.i2c_smbus_read_word_data
                0x0000000000020328       0x30 miscutils/lib.a(i2c_tools.o)
 .text.i2c_smbus_read_byte_data
                0x0000000000020358       0x30 miscutils/lib.a(i2c_tools.o)
 .text.list_i2c_busses_and_exit
                0x0000000000020388      0x238 miscutils/lib.a(i2c_tools.o)
 .text.i2cget_main
                0x00000000000205c0      0x210 miscutils/lib.a(i2c_tools.o)
                0x00000000000205c0                i2cget_main
 .text.i2cset_main
                0x00000000000207d0      0x5f8 miscutils/lib.a(i2c_tools.o)
                0x00000000000207d0                i2cset_main
 .text.i2cdump_main
                0x0000000000020dc8      0x704 miscutils/lib.a(i2c_tools.o)
                0x0000000000020dc8                i2cdump_main
 .text.i2cdetect_main
                0x00000000000214cc      0x350 miscutils/lib.a(i2c_tools.o)
                0x00000000000214cc                i2cdetect_main
 .text.at_end   0x000000000002181c       0x7c miscutils/lib.a(less.o)
 .text.safe_lineno
                0x0000000000021898       0x34 miscutils/lib.a(less.o)
 .text.opp_bracket
                0x00000000000218cc       0x60 miscutils/lib.a(less.o)
 .text.set_tty_cooked
                0x000000000002192c       0x28 miscutils/lib.a(less.o)
 .text.clear_line
                0x0000000000021954       0x20 miscutils/lib.a(less.o)
 .text.less_exit
                0x0000000000021974       0x48 miscutils/lib.a(less.o)
 .text.sig_catcher
                0x00000000000219bc        0xc miscutils/lib.a(less.o)
 .text.print_statusline
                0x00000000000219c8       0x34 miscutils/lib.a(less.o)
 .text.fill_match_lines
                0x00000000000219fc       0xb0 miscutils/lib.a(less.o)
 .text.read_lines
                0x0000000000021aac      0x37c miscutils/lib.a(less.o)
 .text.goto_lineno
                0x0000000000021e28       0xa8 miscutils/lib.a(less.o)
 .text.cap_cur_fline
                0x0000000000021ed0       0xa0 miscutils/lib.a(less.o)
 .text.update_num_lines
                0x0000000000021f70      0x104 miscutils/lib.a(less.o)
 .text.m_status_print
                0x0000000000022074      0x144 miscutils/lib.a(less.o)
 .text.status_print
                0x00000000000221b8       0xa0 miscutils/lib.a(less.o)
 .text.buffer_print
                0x0000000000022258      0x364 miscutils/lib.a(less.o)
 .text.buffer_fill_and_print
                0x00000000000225bc       0xe8 miscutils/lib.a(less.o)
 .text.reinitialize
                0x00000000000226a4       0xc8 miscutils/lib.a(less.o)
 .text.change_file
                0x000000000002276c       0x88 miscutils/lib.a(less.o)
 .text.buffer_down
                0x00000000000227f4       0x60 miscutils/lib.a(less.o)
 .text.buffer_up
                0x0000000000022854       0x64 miscutils/lib.a(less.o)
 .text.buffer_to_line
                0x00000000000228b8       0x40 miscutils/lib.a(less.o)
 .text.goto_match
                0x00000000000228f8       0x80 miscutils/lib.a(less.o)
 .text.getch_nowait
                0x0000000000022978      0x10c miscutils/lib.a(less.o)
 .text.less_getch
                0x0000000000022a84       0x50 miscutils/lib.a(less.o)
 .text.less_gets
                0x0000000000022ad4       0xd4 miscutils/lib.a(less.o)
 .text.examine_file
                0x0000000000022ba8       0x8c miscutils/lib.a(less.o)
 .text.regex_process
                0x0000000000022c34      0x12c miscutils/lib.a(less.o)
 .text.less_main
                0x0000000000022d60      0x96c miscutils/lib.a(less.o)
                0x0000000000022d60                less_main
 .text.get_line
                0x00000000000236cc       0x54 miscutils/lib.a(lsscsi.o)
 .text.lsscsi_main
                0x0000000000023720      0x18c miscutils/lib.a(lsscsi.o)
                0x0000000000023720                lsscsi_main
 .text.makedevs_main
                0x00000000000238ac      0x458 miscutils/lib.a(makedevs.o)
                0x00000000000238ac                makedevs_main
 .text.microcom_main
                0x0000000000023d04      0x350 miscutils/lib.a(microcom.o)
                0x0000000000023d04                microcom_main
 .text.mt_main  0x0000000000024054      0x130 miscutils/lib.a(mt.o)
                0x0000000000024054                mt_main
 .text.partprobe_main
                0x0000000000024184       0x74 miscutils/lib.a(partprobe.o)
                0x0000000000024184                partprobe_main
 .text.runlevel_main
                0x00000000000241f8       0x7c miscutils/lib.a(runlevel.o)
                0x00000000000241f8                runlevel_main
 .text.index_in_strings_case_insensitive
                0x0000000000024274       0x54 miscutils/lib.a(setserial.o)
 .text.get_numeric
                0x00000000000242c8        0xc miscutils/lib.a(setserial.o)
 .text.serial_ctl
                0x00000000000242d4       0xb0 miscutils/lib.a(setserial.o)
 .text.setserial_main
                0x0000000000024384      0x5ec miscutils/lib.a(setserial.o)
                0x0000000000024384                setserial_main
 .text.strings_main
                0x0000000000024970      0x214 miscutils/lib.a(strings.o)
                0x0000000000024970                strings_main
 .text.ptok     0x0000000000024b84       0x20 miscutils/lib.a(time.o)
 .text.run_command
                0x0000000000024ba4       0xe8 miscutils/lib.a(time.o)
 .text.time_main
                0x0000000000024c8c      0x558 miscutils/lib.a(time.o)
                0x0000000000024c8c                time_main
 .text.ubirename_main
                0x00000000000251e4       0xfc miscutils/lib.a(ubirename.o)
                0x00000000000251e4                ubirename_main
 .text.watchdog_shutdown
                0x00000000000252e0       0x20 miscutils/lib.a(watchdog.o)
 .text.watchdog_main
                0x0000000000025300      0x134 miscutils/lib.a(watchdog.o)
                0x0000000000025300                watchdog_main
 .text.insmod_main
                0x0000000000025434       0x54 modutils/lib.a(insmod.o)
                0x0000000000025434                insmod_main
 .text.lsmod_main
                0x0000000000025488      0x10c modutils/lib.a(lsmod.o)
                0x0000000000025488                lsmod_main
 .text.read_config
                0x0000000000025594       0x28 modutils/lib.a(modprobe.o)
 .text.gather_options_str
                0x00000000000255bc       0x64 modutils/lib.a(modprobe.o)
 .text.load_modules_dep
                0x0000000000025620      0x12c modutils/lib.a(modprobe.o)
 .text.get_or_add_modentry
                0x000000000002574c       0x18 modutils/lib.a(modprobe.o)
 .text.add_probe
                0x0000000000025764       0x80 modutils/lib.a(modprobe.o)
 .text.config_file_action
                0x00000000000257e4      0x1ec modutils/lib.a(modprobe.o)
 .text.do_modprobe
                0x00000000000259d0      0x314 modutils/lib.a(modprobe.o)
 .text.modprobe_main
                0x0000000000025ce4      0x38c modutils/lib.a(modprobe.o)
                0x0000000000025ce4                modprobe_main
 .text.replace  0x0000000000026070       0x20 modutils/lib.a(modutils.o)
                0x0000000000026070                replace
 .text.string_to_llist
                0x0000000000026090       0x64 modutils/lib.a(modutils.o)
                0x0000000000026090                string_to_llist
 .text.filename2modname
                0x00000000000260f4       0x74 modutils/lib.a(modutils.o)
                0x00000000000260f4                filename2modname
 .text.helper_get_module
                0x0000000000026168       0xa0 modutils/lib.a(modutils.o)
 .text.moddb_get
                0x0000000000026208        0x8 modutils/lib.a(modutils.o)
                0x0000000000026208                moddb_get
 .text.moddb_get_or_create
                0x0000000000026210        0x8 modutils/lib.a(modutils.o)
                0x0000000000026210                moddb_get_or_create
 .text.parse_cmdline_module_options
                0x0000000000026218       0xc4 modutils/lib.a(modutils.o)
                0x0000000000026218                parse_cmdline_module_options
 .text.bb_init_module
                0x00000000000262dc       0xcc modutils/lib.a(modutils.o)
                0x00000000000262dc                bb_init_module
 .text.bb_delete_module
                0x00000000000263a8       0x30 modutils/lib.a(modutils.o)
                0x00000000000263a8                bb_delete_module
 .text.moderror
                0x00000000000263d8       0x74 modutils/lib.a(modutils.o)
                0x00000000000263d8                moderror
 .text.rmmod_main
                0x000000000002644c       0xc8 modutils/lib.a(rmmod.o)
                0x000000000002644c                rmmod_main
 .text.arp_show
                0x0000000000026514      0x2dc networking/lib.a(arp.o)
 .text.arp_main
                0x00000000000267f0      0x5ec networking/lib.a(arp.o)
                0x00000000000267f0                arp_main
 .text.finish   0x0000000000026ddc       0x94 networking/lib.a(arping.o)
 .text.catcher  0x0000000000026e70      0x178 networking/lib.a(arping.o)
 .text.arping_main
                0x0000000000026fe8      0x764 networking/lib.a(arping.o)
                0x0000000000026fe8                arping_main
 .text.undot    0x000000000002774c       0x3c networking/lib.a(dnsd.o)
 .text.dnsd_main
                0x0000000000027788      0x59c networking/lib.a(dnsd.o)
                0x0000000000027788                dnsd_main
 .text.ether_wake_main
                0x0000000000027d24      0x2bc networking/lib.a(ether-wake.o)
                0x0000000000027d24                ether_wake_main
 .text.do_sethostname
                0x0000000000027fe0       0x8c networking/lib.a(hostname.o)
 .text.hostname_main
                0x000000000002806c      0x168 networking/lib.a(hostname.o)
                0x000000000002806c                hostname_main
 .text.ifconfig_main
                0x00000000000281d4      0x48c networking/lib.a(ifconfig.o)
                0x00000000000281d4                ifconfig_main
 .text.link_up_down
                0x0000000000028660        0x8 networking/lib.a(ifupdown.o)
 .text.check    0x0000000000028668        0xc networking/lib.a(ifupdown.o)
 .text.doit     0x0000000000028674       0xb0 networking/lib.a(ifupdown.o)
 .text.execute_all
                0x0000000000028724       0x6c networking/lib.a(ifupdown.o)
 .text.setlocalenv
                0x0000000000028790       0x80 networking/lib.a(ifupdown.o)
 .text.set_environ
                0x0000000000028810      0x180 networking/lib.a(ifupdown.o)
 .text.iface_down
                0x0000000000028990       0xb0 networking/lib.a(ifupdown.o)
 .text.iface_up
                0x0000000000028a40       0xb0 networking/lib.a(ifupdown.o)
 .text.next_word
                0x0000000000028af0       0x5c networking/lib.a(ifupdown.o)
 .text.find_iface_state
                0x0000000000028b4c       0x44 networking/lib.a(ifupdown.o)
 .text.strncmpz
                0x0000000000028b90       0x20 networking/lib.a(ifupdown.o)
 .text.get_var  0x0000000000028bb0       0x94 networking/lib.a(ifupdown.o)
 .text.addstr   0x0000000000028c44       0x58 networking/lib.a(ifupdown.o)
 .text.execute  0x0000000000028c9c      0x2b8 networking/lib.a(ifupdown.o)
 .text.loopback_up6
                0x0000000000028f54       0x48 networking/lib.a(ifupdown.o)
 .text.static_down6
                0x0000000000028f9c       0x14 networking/lib.a(ifupdown.o)
 .text.loopback_down6
                0x0000000000028fb0        0x4 networking/lib.a(ifupdown.o)
 .text.static_up6
                0x0000000000028fb4       0x60 networking/lib.a(ifupdown.o)
 .text.v4tunnel_down
                0x0000000000029014       0x14 networking/lib.a(ifupdown.o)
 .text.v4tunnel_up
                0x0000000000029028       0x78 networking/lib.a(ifupdown.o)
 .text.loopback_down
                0x00000000000290a0       0x48 networking/lib.a(ifupdown.o)
 .text.loopback_up
                0x00000000000290e8       0x48 networking/lib.a(ifupdown.o)
 .text.dhcp_up  0x0000000000029130       0x40 networking/lib.a(ifupdown.o)
 .text.bootp_up
                0x0000000000029170       0x14 networking/lib.a(ifupdown.o)
 .text.static_down
                0x0000000000029184       0x48 networking/lib.a(ifupdown.o)
 .text.static_up
                0x00000000000291cc       0x60 networking/lib.a(ifupdown.o)
 .text.ppp_down
                0x000000000002922c       0x14 networking/lib.a(ifupdown.o)
 .text.ppp_up   0x0000000000029240       0x14 networking/lib.a(ifupdown.o)
 .text.wvdial_down
                0x0000000000029254       0x14 networking/lib.a(ifupdown.o)
 .text.wvdial_up
                0x0000000000029268       0x14 networking/lib.a(ifupdown.o)
 .text.dhcp_down
                0x000000000002927c       0x4c networking/lib.a(ifupdown.o)
 .text.popen2   0x00000000000292c8       0xb8 networking/lib.a(ifupdown.o)
 .text.read_iface_state
                0x0000000000029380       0x6c networking/lib.a(ifupdown.o)
 .text.read_interfaces
                0x00000000000293ec      0x52c networking/lib.a(ifupdown.o)
 .text.manual_up_down6
                0x0000000000029918        0x8 networking/lib.a(ifupdown.o)
 .text.manual_up_down
                0x0000000000029920        0x8 networking/lib.a(ifupdown.o)
 .text.ifupdown_main
                0x0000000000029928      0x584 networking/lib.a(ifupdown.o)
                0x0000000000029928                ifupdown_main
 .text.remove_fd_from_set
                0x0000000000029eac       0x44 networking/lib.a(inetd.o)
 .text.init_ring
                0x0000000000029ef0       0x34 networking/lib.a(inetd.o)
 .text.discard_dg
                0x0000000000029f24       0x14 networking/lib.a(inetd.o)
 .text.maybe_close
                0x0000000000029f38        0xc networking/lib.a(inetd.o)
 .text.free_servtab_strings
                0x0000000000029f44       0x5c networking/lib.a(inetd.o)
 .text.bump_nofile
                0x0000000000029fa0       0xb8 networking/lib.a(inetd.o)
 .text.add_fd_to_set
                0x000000000002a058       0x70 networking/lib.a(inetd.o)
 .text.clean_up_and_exit
                0x000000000002a0c8       0x48 networking/lib.a(inetd.o)
 .text.reap_child
                0x000000000002a110       0xb4 networking/lib.a(inetd.o)
 .text.daytime_dg
                0x000000000002a1c4       0xac networking/lib.a(inetd.o)
 .text.daytime_stream
                0x000000000002a270       0x34 networking/lib.a(inetd.o)
 .text.machtime_dg
                0x000000000002a2a4       0x9c networking/lib.a(inetd.o)
 .text.chargen_dg
                0x000000000002a340      0x108 networking/lib.a(inetd.o)
 .text.chargen_stream
                0x000000000002a448       0xa4 networking/lib.a(inetd.o)
 .text.discard_stream
                0x000000000002a4ec       0x2c networking/lib.a(inetd.o)
 .text.echo_stream
                0x000000000002a518       0x38 networking/lib.a(inetd.o)
 .text.echo_dg  0x000000000002a550       0x8c networking/lib.a(inetd.o)
 .text.xzalloc_lsa
                0x000000000002a5dc       0x34 networking/lib.a(inetd.o)
 .text.block_CHLD_HUP_ALRM
                0x000000000002a610       0x48 networking/lib.a(inetd.o)
 .text.restore_sigmask
                0x000000000002a658       0x10 networking/lib.a(inetd.o)
 .text.rearm_alarm
                0x000000000002a668       0x30 networking/lib.a(inetd.o)
 .text.prepare_socket_fd
                0x000000000002a698       0xbc networking/lib.a(inetd.o)
 .text.retry_network_setup
                0x000000000002a754       0x60 networking/lib.a(inetd.o)
 .text.machtime_stream
                0x000000000002a7b4       0x44 networking/lib.a(inetd.o)
 .text.parse_one_line
                0x000000000002a7f8      0x4a4 networking/lib.a(inetd.o)
 .text.reread_config_file
                0x000000000002ac9c      0x3fc networking/lib.a(inetd.o)
 .text.inetd_main
                0x000000000002b098      0x91c networking/lib.a(inetd.o)
                0x000000000002b098                inetd_main
 .text.UNSPEC_print
                0x000000000002b9b4       0x54 networking/lib.a(interface.o)
 .text.UNSPEC_sprint
                0x000000000002ba08       0x2c networking/lib.a(interface.o)
 .text.INET6_input
                0x000000000002ba34        0x4 networking/lib.a(interface.o)
 .text.INET6_sprint
                0x000000000002ba38       0x34 networking/lib.a(interface.o)
 .text.INET_input
                0x000000000002ba6c        0x8 networking/lib.a(interface.o)
 .text.INET_sprint
                0x000000000002ba74       0x38 networking/lib.a(interface.o)
 .text.ether_print
                0x000000000002baac       0x40 networking/lib.a(interface.o)
 .text.in_ib    0x000000000002baec       0x28 networking/lib.a(interface.o)
                0x000000000002baec                in_ib
 .text.add_interface
                0x000000000002bb14       0x90 networking/lib.a(interface.o)
 .text.if_readconf
                0x000000000002bba4       0xd0 networking/lib.a(interface.o)
 .text.if_readlist_proc
                0x000000000002bc74      0x274 networking/lib.a(interface.o)
 .text.do_if_fetch
                0x000000000002bee8      0x2a0 networking/lib.a(interface.o)
 .text.print_bytes_scaled
                0x000000000002c188       0x88 networking/lib.a(interface.o)
 .text.get_aftype
                0x000000000002c210       0x38 networking/lib.a(interface.o)
                0x000000000002c210                get_aftype
 .text.get_hwtype
                0x000000000002c248       0x38 networking/lib.a(interface.o)
                0x000000000002c248                get_hwtype
 .text.get_hwntype
                0x000000000002c280       0x28 networking/lib.a(interface.o)
                0x000000000002c280                get_hwntype
 .text.ife_print
                0x000000000002c2a8      0x5c0 networking/lib.a(interface.o)
 .text.display_interfaces
                0x000000000002c868       0xdc networking/lib.a(interface.o)
                0x000000000002c868                display_interfaces
 .text.ip_do    0x000000000002c944       0x1c networking/lib.a(ip.o)
 .text.ip_print_help
                0x000000000002c960        0x8 networking/lib.a(ip.o)
 .text.ipaddr_main
                0x000000000002c968        0xc networking/lib.a(ip.o)
                0x000000000002c968                ipaddr_main
 .text.iplink_main
                0x000000000002c974        0xc networking/lib.a(ip.o)
                0x000000000002c974                iplink_main
 .text.iproute_main
                0x000000000002c980        0xc networking/lib.a(ip.o)
                0x000000000002c980                iproute_main
 .text.iprule_main
                0x000000000002c98c        0xc networking/lib.a(ip.o)
                0x000000000002c98c                iprule_main
 .text.iptunnel_main
                0x000000000002c998        0xc networking/lib.a(ip.o)
                0x000000000002c998                iptunnel_main
 .text.ipneigh_main
                0x000000000002c9a4        0xc networking/lib.a(ip.o)
                0x000000000002c9a4                ipneigh_main
 .text.ip_main  0x000000000002c9b0       0x4c networking/lib.a(ip.o)
                0x000000000002c9b0                ip_main
 .text.prepend_new_eth_table
                0x000000000002c9fc       0xb8 networking/lib.a(nameif.o)
 .text.nameif_main
                0x000000000002cab4      0x250 networking/lib.a(nameif.o)
                0x000000000002cab4                nameif_main
 .text.unix_do_one
                0x000000000002cd04      0x244 networking/lib.a(netstat.o)
 .text.build_ipv6_addr
                0x000000000002cf48       0x64 networking/lib.a(netstat.o)
 .text.ip_port_str
                0x000000000002cfac       0x88 networking/lib.a(netstat.o)
 .text.print_inet_line
                0x000000000002d034       0xc0 networking/lib.a(netstat.o)
 .text.do_info  0x000000000002d0f4       0x80 networking/lib.a(netstat.o)
 .text.scan_inet_proc_line
                0x000000000002d174       0xd0 networking/lib.a(netstat.o)
 .text.raw_do_one
                0x000000000002d244       0x98 networking/lib.a(netstat.o)
 .text.udp_do_one
                0x000000000002d2dc       0xc8 networking/lib.a(netstat.o)
 .text.tcp_do_one
                0x000000000002d3a4       0x64 networking/lib.a(netstat.o)
 .text.netstat_main
                0x000000000002d408      0x200 networking/lib.a(netstat.o)
                0x000000000002d408                netstat_main
 .text.set_default_dns
                0x000000000002d608       0x60 networking/lib.a(nslookup.o)
 .text.print_host
                0x000000000002d668       0xe8 networking/lib.a(nslookup.o)
 .text.nslookup_main
                0x000000000002d750       0x8c networking/lib.a(nslookup.o)
                0x000000000002d750                nslookup_main
 .text.print_stats_and_exit
                0x000000000002d7dc       0xf8 networking/lib.a(ping.o)
 .text.sendping4
                0x000000000002d8d4      0x16c networking/lib.a(ping.o)
 .text.ping_main
                0x000000000002da40      0x54c networking/lib.a(ping.o)
                0x000000000002da40                ping_main
 .text.set_flags
                0x000000000002df8c       0x40 networking/lib.a(route.o)
 .text.kw_lookup
                0x000000000002dfcc       0x80 networking/lib.a(route.o)
 .text.INET6_displayroutes
                0x000000000002e04c      0x1f0 networking/lib.a(route.o)
 .text.INET6_setroute
                0x000000000002e23c      0x260 networking/lib.a(route.o)
 .text.INET_setroute
                0x000000000002e49c      0x39c networking/lib.a(route.o)
 .text.bb_displayroutes
                0x000000000002e838      0x1e0 networking/lib.a(route.o)
                0x000000000002e838                bb_displayroutes
 .text.route_main
                0x000000000002ea18      0x154 networking/lib.a(route.o)
                0x000000000002ea18                route_main
 .text.put_iac  0x000000000002eb6c       0x1c networking/lib.a(telnet.o)
 .text.iac_flush
                0x000000000002eb88       0x34 networking/lib.a(telnet.o)
 .text.put_iac2_merged
                0x000000000002ebbc       0x3c networking/lib.a(telnet.o)
 .text.rawmode  0x000000000002ebf8       0x24 networking/lib.a(telnet.o)
 .text.cookmode
                0x000000000002ec1c       0x24 networking/lib.a(telnet.o)
 .text.setConMode
                0x000000000002ec40       0x78 networking/lib.a(telnet.o)
 .text.con_escape
                0x000000000002ecb8      0x13c networking/lib.a(telnet.o)
 .text.handle_net_output
                0x000000000002edf4       0x94 networking/lib.a(telnet.o)
 .text.telnet_main
                0x000000000002ee88      0x614 networking/lib.a(telnet.o)
                0x000000000002ee88                telnet_main
 .text.tftp_blksize_check
                0x000000000002f49c       0x54 networking/lib.a(tftp.o)
 .text.tftp_main
                0x000000000002f4f0      0x728 networking/lib.a(tftp.o)
                0x000000000002f4f0                tftp_main
 .text.traceroute_main
                0x000000000002fc18      0x910 networking/lib.a(traceroute.o)
                0x000000000002fc18                traceroute_main
 .text.xfind_str
                0x0000000000030528       0x40 networking/lib.a(vconfig.o)
 .text.vconfig_main
                0x0000000000030568      0x124 networking/lib.a(vconfig.o)
                0x0000000000030568                vconfig_main
 .text.sanitize_string
                0x000000000003068c       0x24 networking/lib.a(wget.o)
 .text.alarm_handler
                0x00000000000306b0       0x2c networking/lib.a(wget.o)
 .text.set_alarm
                0x00000000000306dc       0x2c networking/lib.a(wget.o)
 .text.open_socket
                0x0000000000030708       0x48 networking/lib.a(wget.o)
 .text.base64enc
                0x0000000000030750       0x44 networking/lib.a(wget.o)
 .text.fgets_and_trim
                0x0000000000030794       0xac networking/lib.a(wget.o)
 .text.reset_beg_range_to_zero
                0x0000000000030840       0x40 networking/lib.a(wget.o)
 .text.parse_url
                0x0000000000030880      0x1d4 networking/lib.a(wget.o)
 .text.gethdr   0x0000000000030a54       0xf0 networking/lib.a(wget.o)
 .text.progress_meter
                0x0000000000030b44       0xb4 networking/lib.a(wget.o)
 .text.retrieve_file_data
                0x0000000000030bf8      0x238 networking/lib.a(wget.o)
 .text.ftpcmd   0x0000000000030e30       0xcc networking/lib.a(wget.o)
 .text.wget_main
                0x0000000000030efc      0xbf0 networking/lib.a(wget.o)
                0x0000000000030efc                wget_main
 .text.ip_parse_common_args
                0x0000000000031aec      0x104 networking/libiproute/lib.a(ip_parse_common_args.o)
                0x0000000000031aec                ip_parse_common_args
 .text.store_nlmsg
                0x0000000000031bf0       0x5c networking/libiproute/lib.a(ipaddress.o)
 .text.flush_update
                0x0000000000031c4c       0x50 networking/libiproute/lib.a(ipaddress.o)
 .text.print_addrinfo
                0x0000000000031c9c      0x520 networking/libiproute/lib.a(ipaddress.o)
 .text.print_linkinfo
                0x00000000000321bc      0x3b0 networking/libiproute/lib.a(ipaddress.o)
 .text.ipaddr_modify
                0x000000000003256c      0x4a0 networking/libiproute/lib.a(ipaddress.o)
 .text.ipaddr_list_or_flush
                0x0000000000032a0c      0x584 networking/libiproute/lib.a(ipaddress.o)
                0x0000000000032a0c                ipaddr_list_or_flush
 .text.do_ipaddr
                0x0000000000032f90       0xa8 networking/libiproute/lib.a(ipaddress.o)
                0x0000000000032f90                do_ipaddr
 .text.get_ctl_fd
                0x0000000000033038       0x48 networking/libiproute/lib.a(iplink.o)
 .text.do_add_or_delete
                0x0000000000033080      0x500 networking/libiproute/lib.a(iplink.o)
 .text.do_iplink
                0x0000000000033580      0x564 networking/libiproute/lib.a(iplink.o)
                0x0000000000033580                do_iplink
 .text.flush_update
                0x0000000000033ae4       0x50 networking/libiproute/lib.a(ipneigh.o)
 .text.ipneigh_list_or_flush
                0x0000000000033b34      0x388 networking/libiproute/lib.a(ipneigh.o)
 .text.print_neigh
                0x0000000000033ebc      0x404 networking/libiproute/lib.a(ipneigh.o)
 .text.do_ipneigh
                0x00000000000342c0       0x54 networking/libiproute/lib.a(ipneigh.o)
                0x00000000000342c0                do_ipneigh
 .text.iproute_reset_filter
                0x0000000000034314       0x34 networking/libiproute/lib.a(iproute.o)
 .text.flush_update
                0x0000000000034348       0x50 networking/libiproute/lib.a(iproute.o)
 .text.print_route
                0x0000000000034398      0x780 networking/libiproute/lib.a(iproute.o)
 .text.iproute_get
                0x0000000000034b18      0x37c networking/libiproute/lib.a(iproute.o)
 .text.iproute_list_or_flush
                0x0000000000034e94      0x610 networking/libiproute/lib.a(iproute.o)
 .text.iproute_modify
                0x00000000000354a4      0x510 networking/libiproute/lib.a(iproute.o)
 .text.do_iproute
                0x00000000000359b4       0xf8 networking/libiproute/lib.a(iproute.o)
                0x00000000000359b4                do_iproute
 .text.iprule_modify
                0x0000000000035aac      0x3f4 networking/libiproute/lib.a(iprule.o)
 .text.print_rule
                0x0000000000035ea0      0x304 networking/libiproute/lib.a(iprule.o)
 .text.do_iprule
                0x00000000000361a4       0xcc networking/libiproute/lib.a(iprule.o)
                0x00000000000361a4                do_iprule
 .text.do_get_ioctl
                0x0000000000036270       0x5c networking/libiproute/lib.a(iptunnel.o)
 .text.do_add_ioctl
                0x00000000000362cc       0x88 networking/libiproute/lib.a(iptunnel.o)
 .text.do_del_ioctl
                0x0000000000036354       0x60 networking/libiproute/lib.a(iptunnel.o)
 .text.do_add   0x00000000000363b4       0x9c networking/libiproute/lib.a(iptunnel.o)
 .text.print_tunnel
                0x0000000000036450      0x2cc networking/libiproute/lib.a(iptunnel.o)
 .text.do_tunnels_list
                0x000000000003671c      0x298 networking/libiproute/lib.a(iptunnel.o)
 .text.do_iptunnel
                0x00000000000369b4      0x16c networking/libiproute/lib.a(iptunnel.o)
                0x00000000000369b4                do_iptunnel
 .text.xrtnl_open
                0x0000000000036b20       0x78 networking/libiproute/lib.a(libnetlink.o)
                0x0000000000036b20                xrtnl_open
 .text.rtnl_send
                0x0000000000036b98       0x34 networking/libiproute/lib.a(libnetlink.o)
                0x0000000000036b98                rtnl_send
 .text.xrtnl_wilddump_request
                0x0000000000036bcc       0x4c networking/libiproute/lib.a(libnetlink.o)
                0x0000000000036bcc                xrtnl_wilddump_request
 .text.rtnl_dump_request
                0x0000000000036c18       0x94 networking/libiproute/lib.a(libnetlink.o)
                0x0000000000036c18                rtnl_dump_request
 .text.xrtnl_dump_filter
                0x0000000000036cac      0x1fc networking/libiproute/lib.a(libnetlink.o)
                0x0000000000036cac                xrtnl_dump_filter
 .text.rtnl_talk
                0x0000000000036ea8      0x28c networking/libiproute/lib.a(libnetlink.o)
                0x0000000000036ea8                rtnl_talk
 .text.addattr32
                0x0000000000037134       0x54 networking/libiproute/lib.a(libnetlink.o)
                0x0000000000037134                addattr32
 .text.addattr_l
                0x0000000000037188       0x6c networking/libiproute/lib.a(libnetlink.o)
                0x0000000000037188                addattr_l
 .text.rta_addattr32
                0x00000000000371f4       0x54 networking/libiproute/lib.a(libnetlink.o)
                0x00000000000371f4                rta_addattr32
 .text.parse_rtattr
                0x0000000000037248       0x9c networking/libiproute/lib.a(libnetlink.o)
                0x0000000000037248                parse_rtattr
 .text.ll_addr_n2a
                0x00000000000372e4       0xcc networking/libiproute/lib.a(ll_addr.o)
                0x00000000000372e4                ll_addr_n2a
 .text.ll_addr_a2n
                0x00000000000373b0       0xdc networking/libiproute/lib.a(ll_addr.o)
                0x00000000000373b0                ll_addr_a2n
 .text.find_by_index
                0x000000000003748c       0x44 networking/libiproute/lib.a(ll_map.o)
 .text.ll_remember_index
                0x00000000000374d0      0x134 networking/libiproute/lib.a(ll_map.o)
                0x00000000000374d0                ll_remember_index
 .text.ll_index_to_name
                0x0000000000037604       0x44 networking/libiproute/lib.a(ll_map.o)
                0x0000000000037604                ll_index_to_name
 .text.ll_index_to_flags
                0x0000000000037648       0x24 networking/libiproute/lib.a(ll_map.o)
                0x0000000000037648                ll_index_to_flags
 .text.xll_name_to_index
                0x000000000003766c       0x24 networking/libiproute/lib.a(ll_map.o)
                0x000000000003766c                xll_name_to_index
 .text.ll_init_map
                0x0000000000037690       0x30 networking/libiproute/lib.a(ll_map.o)
                0x0000000000037690                ll_init_map
 .text.ll_type_n2a
                0x00000000000376c0       0x68 networking/libiproute/lib.a(ll_types.o)
                0x00000000000376c0                ll_type_n2a
 .text.rtnl_tab_initialize
                0x0000000000037728       0xb4 networking/libiproute/lib.a(rt_names.o)
 .text.rtnl_rtscope_initialize
                0x00000000000377dc       0x74 networking/libiproute/lib.a(rt_names.o)
 .text.rtnl_rtrealm_initialize
                0x0000000000037850       0x44 networking/libiproute/lib.a(rt_names.o)
 .text.rtnl_rtdsfield_initialize
                0x0000000000037894       0x44 networking/libiproute/lib.a(rt_names.o)
 .text.rtnl_rttable_initialize
                0x00000000000378d8       0x68 networking/libiproute/lib.a(rt_names.o)
 .text.rtnl_a2n
                0x0000000000037940       0xa4 networking/libiproute/lib.a(rt_names.o)
 .text.rtnl_rtprot_a2n
                0x00000000000379e4       0x90 networking/libiproute/lib.a(rt_names.o)
                0x00000000000379e4                rtnl_rtprot_a2n
 .text.rtnl_rtscope_n2a
                0x0000000000037a74       0x40 networking/libiproute/lib.a(rt_names.o)
                0x0000000000037a74                rtnl_rtscope_n2a
 .text.rtnl_rtscope_a2n
                0x0000000000037ab4       0x30 networking/libiproute/lib.a(rt_names.o)
                0x0000000000037ab4                rtnl_rtscope_a2n
 .text.rtnl_rtrealm_a2n
                0x0000000000037ae4       0x30 networking/libiproute/lib.a(rt_names.o)
                0x0000000000037ae4                rtnl_rtrealm_a2n
 .text.rtnl_rtrealm_n2a
                0x0000000000037b14       0x40 networking/libiproute/lib.a(rt_names.o)
                0x0000000000037b14                rtnl_rtrealm_n2a
 .text.rtnl_dsfield_n2a
                0x0000000000037b54       0x40 networking/libiproute/lib.a(rt_names.o)
                0x0000000000037b54                rtnl_dsfield_n2a
 .text.rtnl_dsfield_a2n
                0x0000000000037b94       0x30 networking/libiproute/lib.a(rt_names.o)
                0x0000000000037b94                rtnl_dsfield_a2n
 .text.rtnl_rttable_n2a
                0x0000000000037bc4       0x40 networking/libiproute/lib.a(rt_names.o)
                0x0000000000037bc4                rtnl_rttable_n2a
 .text.rtnl_rttable_a2n
                0x0000000000037c04       0x30 networking/libiproute/lib.a(rt_names.o)
                0x0000000000037c04                rtnl_rttable_a2n
 .text.rtnl_rtntype_n2a
                0x0000000000037c34       0xd0 networking/libiproute/lib.a(rtm_map.o)
                0x0000000000037c34                rtnl_rtntype_n2a
 .text.rtnl_rtntype_a2n
                0x0000000000037d04      0x114 networking/libiproute/lib.a(rtm_map.o)
                0x0000000000037d04                rtnl_rtntype_a2n
 .text.get_rt_realms
                0x0000000000037e18       0xa4 networking/libiproute/lib.a(rtm_map.o)
                0x0000000000037e18                get_rt_realms
 .text.get_hz   0x0000000000037ebc       0x88 networking/libiproute/lib.a(utils.o)
                0x0000000000037ebc                get_hz
 .text.get_addr_1
                0x0000000000037f44      0x164 networking/libiproute/lib.a(utils.o)
                0x0000000000037f44                get_addr_1
 .text.get_addr
                0x00000000000380a8       0x4c networking/libiproute/lib.a(utils.o)
                0x00000000000380a8                get_addr
 .text.get_prefix
                0x00000000000380f4      0x1b0 networking/libiproute/lib.a(utils.o)
                0x00000000000380f4                get_prefix
 .text.get_addr32
                0x00000000000382a4       0x50 networking/libiproute/lib.a(utils.o)
                0x00000000000382a4                get_addr32
 .text.next_arg
                0x00000000000382f4       0x24 networking/libiproute/lib.a(utils.o)
                0x00000000000382f4                next_arg
 .text.invarg_1_to_2
                0x0000000000038318       0x18 networking/libiproute/lib.a(utils.o)
                0x0000000000038318                invarg_1_to_2
 .text.get_u32  0x0000000000038330       0x48 networking/libiproute/lib.a(utils.o)
                0x0000000000038330                get_u32
 .text.get_unsigned
                0x0000000000038378        0x4 networking/libiproute/lib.a(utils.o)
                0x0000000000038378                get_unsigned
 .text.get_u16  0x000000000003837c       0x5c networking/libiproute/lib.a(utils.o)
                0x000000000003837c                get_u16
 .text.duparg   0x00000000000383d8       0x18 networking/libiproute/lib.a(utils.o)
                0x00000000000383d8                duparg
 .text.duparg2  0x00000000000383f0       0x18 networking/libiproute/lib.a(utils.o)
                0x00000000000383f0                duparg2
 .text.inet_addr_match
                0x0000000000038408       0x6c networking/libiproute/lib.a(utils.o)