Archive member included to satisfy reference by file (symbol)

/home/hardik/Project/TFA9879/buildroot-2018.02.3/output/host/lib/gcc/arm-buildroot-linux-uclibcgnueabihf/6.4.0/libgcc.a(_udivsi3.o)
                              arch/arm/mach-sunxi/built-in.o (__aeabi_uidiv)
/home/hardik/Project/TFA9879/buildroot-2018.02.3/output/host/lib/gcc/arm-buildroot-linux-uclibcgnueabihf/6.4.0/libgcc.a(_divsi3.o)
                              arch/arm/mach-sunxi/built-in.o (__aeabi_idiv)
/home/hardik/Project/TFA9879/buildroot-2018.02.3/output/host/lib/gcc/arm-buildroot-linux-uclibcgnueabihf/6.4.0/libgcc.a(_lshrdi3.o)
                              lib/built-in.o (__aeabi_llsr)
/home/hardik/Project/TFA9879/buildroot-2018.02.3/output/host/lib/gcc/arm-buildroot-linux-uclibcgnueabihf/6.4.0/libgcc.a(_ashldi3.o)
                              drivers/built-in.o (__aeabi_llsl)
/home/hardik/Project/TFA9879/buildroot-2018.02.3/output/host/lib/gcc/arm-buildroot-linux-uclibcgnueabihf/6.4.0/libgcc.a(_dvmd_lnx.o)
                              /home/hardik/Project/TFA9879/buildroot-2018.02.3/output/host/lib/gcc/arm-buildroot-linux-uclibcgnueabihf/6.4.0/libgcc.a(_udivsi3.o) (__aeabi_idiv0)

Discarded input sections

 .data          0x0000000000000000        0x0 arch/arm/cpu/armv7/start.o
 .bss           0x0000000000000000        0x0 arch/arm/cpu/armv7/start.o
 .text          0x0000000000000000        0x0 arch/arm/mach-sunxi/built-in.o
 .text.enable_caches
                0x0000000000000000        0x4 arch/arm/mach-sunxi/built-in.o
 .text.print_cpuinfo
                0x0000000000000000       0x10 arch/arm/mach-sunxi/built-in.o
 .text.sunxi_get_sid
                0x0000000000000000       0x2c arch/arm/mach-sunxi/built-in.o
 .text.mctl_mem_matches
                0x0000000000000000       0x24 arch/arm/mach-sunxi/built-in.o
 .text.sunxi_gpio_get_cfgbank
                0x0000000000000000       0x16 arch/arm/mach-sunxi/built-in.o
 .text.sunxi_gpio_get_cfgpin
                0x0000000000000000       0x24 arch/arm/mach-sunxi/built-in.o
 .text.usb_phy_write.isra.0
                0x0000000000000000       0x60 arch/arm/mach-sunxi/built-in.o
 .text.sunxi_usb_phy_enable_squelch_detect
                0x0000000000000000       0x20 arch/arm/mach-sunxi/built-in.o
 .text.sunxi_usb_phy_init
                0x0000000000000000       0x64 arch/arm/mach-sunxi/built-in.o
 .text.sunxi_usb_phy_exit
                0x0000000000000000       0x40 arch/arm/mach-sunxi/built-in.o
 .text.sunxi_usb_phy_power_on
                0x0000000000000000       0x3c arch/arm/mach-sunxi/built-in.o
 .text.sunxi_usb_phy_power_off
                0x0000000000000000       0x20 arch/arm/mach-sunxi/built-in.o
 .text.sunxi_usb_phy_power_is_on
                0x0000000000000000       0x18 arch/arm/mach-sunxi/built-in.o
 .text.sunxi_usb_phy_vbus_detect
                0x0000000000000000       0x30 arch/arm/mach-sunxi/built-in.o
 .text.sunxi_usb_phy_id_detect
                0x0000000000000000       0x18 arch/arm/mach-sunxi/built-in.o
 .text.sunxi_usb_phy_probe
                0x0000000000000000       0xc4 arch/arm/mach-sunxi/built-in.o
 .text.sunxi_usb_phy_remove
                0x0000000000000000       0x44 arch/arm/mach-sunxi/built-in.o
 .text.clock_set_pll3
                0x0000000000000000       0x28 arch/arm/mach-sunxi/built-in.o
 .text.clock_get_pll3
                0x0000000000000000       0x18 arch/arm/mach-sunxi/built-in.o
 .text.clock_set_de_mod_clock
                0x0000000000000000       0x2c arch/arm/mach-sunxi/built-in.o
 .rodata.print_cpuinfo.str1.1
                0x0000000000000000       0x1e arch/arm/mach-sunxi/built-in.o
 .rodata.sunxi_usb_phy_probe.str1.1
                0x0000000000000000       0x2a arch/arm/mach-sunxi/built-in.o
 .data.sunxi_usb_phy
                0x0000000000000000       0x60 arch/arm/mach-sunxi/built-in.o
 .bss           0x0000000000000000        0x0 arch/arm/mach-sunxi/built-in.o
 .bss.initial_usb_scan_delay
                0x0000000000000000        0x4 arch/arm/mach-sunxi/built-in.o
 .text.invalidate_icache_all
                0x0000000000000000       0x14 arch/arm/cpu/armv7/built-in.o
 .text.v7_outer_cache_enable
                0x0000000000000000        0x2 arch/arm/cpu/armv7/built-in.o
 .text.v7_outer_cache_disable
                0x0000000000000000        0x2 arch/arm/cpu/armv7/built-in.o
 .text.v7_outer_cache_flush_all
                0x0000000000000000        0x2 arch/arm/cpu/armv7/built-in.o
 .text.flush_dcache_all
                0x0000000000000000        0xe arch/arm/cpu/armv7/built-in.o
 .text.v7_outer_cache_inval_all
                0x0000000000000000        0x2 arch/arm/cpu/armv7/built-in.o
 .text.invalidate_dcache_all
                0x0000000000000000        0xe arch/arm/cpu/armv7/built-in.o
 .text.arm_init_before_mmu
                0x0000000000000000       0x22 arch/arm/cpu/armv7/built-in.o
 .text.v7_outer_cache_flush_range
                0x0000000000000000        0x2 arch/arm/cpu/armv7/built-in.o
[...]
Memory Configuration

Name             Origin             Length             Attributes
.sram            0x0000000000000020 0x0000000000005fe0
.sdram           0x000000004ff80000 0x0000000000080000
*default*        0x0000000000000000 0xffffffffffffffff

Linker script and memory map


.text           0x0000000000000020     0x3e28
                0x0000000000000020                __start = .
 *(.vectors)
 .vectors       0x0000000000000020       0x44 arch/arm/lib/built-in.o
                0x0000000000000020                _start
                0x0000000000000040                _undefined_instruction
                0x0000000000000044                _software_interrupt
                0x0000000000000048                _prefetch_abort
                0x000000000000004c                _data_abort
                0x0000000000000050                _not_used
                0x0000000000000054                _irq
                0x0000000000000058                _fiq
 arch/arm/cpu/armv7/start.o(.text)
 .text          0x0000000000000064       0xb0 arch/arm/cpu/armv7/start.o
                0x0000000000000064                reset
                0x0000000000000068                save_boot_params_ret
                0x00000000000000a4                c_runtime_cpu_setup
                0x00000000000000b8                cpu_init_cp15
                0x000000000000010c                cpu_init_crit
 *(.text*)
 .text.spl_board_load_image
                0x0000000000000114       0x14 arch/arm/mach-sunxi/built-in.o
                0x0000000000000114                spl_board_load_image
 .text.s_init   0x0000000000000128       0x36 arch/arm/mach-sunxi/built-in.o
                0x0000000000000128                s_init
 *fill*         0x000000000000015e        0x2 
 .text.spl_boot_device
                0x0000000000000160       0x3c arch/arm/mach-sunxi/built-in.o
                0x0000000000000160                spl_boot_device
 .text.spl_boot_mode
                0x000000000000019c        0x4 arch/arm/mach-sunxi/built-in.o
                0x000000000000019c                spl_boot_mode
 .text.board_init_f
                0x00000000000001a0       0x20 arch/arm/mach-sunxi/built-in.o
                0x00000000000001a0                board_init_f
 .text.reset_cpu
                0x00000000000001c0       0x14 arch/arm/mach-sunxi/built-in.o
                0x00000000000001c0                reset_cpu
 .text.clock_init_sec
                0x00000000000001d4        0x2 arch/arm/mach-sunxi/built-in.o
                0x00000000000001d4                clock_init_sec
 .text.clock_init
                0x00000000000001d6       0x12 arch/arm/mach-sunxi/built-in.o
                0x00000000000001d6                clock_init
 .text.mctl_await_completion
                0x00000000000001e8       0x30 arch/arm/mach-sunxi/built-in.o
                0x00000000000001e8                mctl_await_completion
 .text.sunxi_gpio_set_cfgbank
                0x0000000000000218       0x22 arch/arm/mach-sunxi/built-in.o
                0x0000000000000218                sunxi_gpio_set_cfgbank
 *fill*         0x000000000000023a        0x2 
 .text.sunxi_gpio_set_cfgpin
                0x000000000000023c       0x30 arch/arm/mach-sunxi/built-in.o
                0x000000000000023c                sunxi_gpio_set_cfgpin
 .text.sunxi_gpio_set_drv
                0x000000000000026c       0x50 arch/arm/mach-sunxi/built-in.o
                0x000000000000026c                sunxi_gpio_set_drv
 .text.sunxi_gpio_set_pull
                0x00000000000002bc       0x50 arch/arm/mach-sunxi/built-in.o
                0x00000000000002bc                sunxi_gpio_set_pull
 .text.clock_init_safe
                0x000000000000030c       0x58 arch/arm/mach-sunxi/built-in.o
                0x000000000000030c                clock_init_safe
 .text.clock_init_uart
                0x0000000000000364       0x1c arch/arm/mach-sunxi/built-in.o
                0x0000000000000364                clock_init_uart
 .text.clock_twi_onoff
                0x0000000000000380       0x20 arch/arm/mach-sunxi/built-in.o
                0x0000000000000380                clock_twi_onoff
 .text.clock_set_pll1
                0x00000000000003a0       0xe0 arch/arm/mach-sunxi/built-in.o
                0x00000000000003a0                clock_set_pll1
 .text.clock_get_pll5p
                0x0000000000000480       0x24 arch/arm/mach-sunxi/built-in.o
                0x0000000000000480                clock_get_pll5p
 .text.clock_get_pll6
                0x00000000000004a4       0x20 arch/arm/mach-sunxi/built-in.o
                0x00000000000004a4                clock_get_pll6
 .text.pmic_bus_init
                0x00000000000004c4       0x14 arch/arm/mach-sunxi/built-in.o
                0x00000000000004c4                pmic_bus_init
 .text.pmic_bus_read
                0x00000000000004d8       0x16 arch/arm/mach-sunxi/built-in.o
                0x00000000000004d8                pmic_bus_read
 .text.pmic_bus_write
                0x00000000000004ee       0x1a arch/arm/mach-sunxi/built-in.o
                0x00000000000004ee                pmic_bus_write
 .text.pmic_bus_setbits
                0x0000000000000508       0x24 arch/arm/mach-sunxi/built-in.o
                0x0000000000000508                pmic_bus_setbits
 .text.pmic_bus_clrbits
                0x000000000000052c       0x26 arch/arm/mach-sunxi/built-in.o
                0x000000000000052c                pmic_bus_clrbits
 *fill*         0x0000000000000552        0x2 
 .text.dramc_init_helper
                0x0000000000000554      0x5c0 arch/arm/mach-sunxi/built-in.o
 .text.dramc_init
                0x0000000000000b14       0x5e arch/arm/mach-sunxi/built-in.o
                0x0000000000000b14                dramc_init
 *fill*         0x0000000000000b72        0x2 
 .text          0x0000000000000b74      0x1dc arch/arm/cpu/armv7/built-in.o
                0x0000000000000b74                __v7_flush_dcache_all
                0x0000000000000c10                v7_flush_dcache_all
                0x0000000000000c20                __v7_invalidate_dcache_all
                0x0000000000000cbc                v7_invalidate_dcache_all
                0x0000000000000ccc                lowlevel_init
                0x0000000000000cec                save_boot_params
                0x0000000000000d1c                return_to_fel
 .text.sdelay   0x0000000000000d50        0x6 arch/arm/cpu/armv7/built-in.o
                0x0000000000000d50                sdelay
 *fill*         0x0000000000000d56        0x2 
 .text.timer_init
                0x0000000000000d58       0x14 arch/arm/cpu/armv7/built-in.o
                0x0000000000000d58                timer_init
 .text.get_timer_masked
                0x0000000000000d6c       0x54 arch/arm/cpu/armv7/built-in.o
                0x0000000000000d6c                get_timer_masked
 .text.get_timer
                0x0000000000000dc0        0xc arch/arm/cpu/armv7/built-in.o
                0x0000000000000dc0                get_timer
 .text.__udelay
                0x0000000000000dcc       0x2c arch/arm/cpu/armv7/built-in.o
                0x0000000000000dcc                __udelay
 .text.get_ticks
                0x0000000000000df8        0xa arch/arm/cpu/armv7/built-in.o
                0x0000000000000df8                get_ticks
 .text.get_tbclk
                0x0000000000000e02        0x6 arch/arm/cpu/armv7/built-in.o
                0x0000000000000e02                get_tbclk
 .text          0x0000000000000e08       0x6c arch/arm/lib/built-in.o
                0x0000000000000e08                _main
 .text.disable_interrupts
                0x0000000000000e74        0x4 arch/arm/lib/built-in.o
                0x0000000000000e74                disable_interrupts
 .text.reset_misc
                0x0000000000000e78        0x2 arch/arm/lib/built-in.o
                0x0000000000000e78                reset_misc
 *fill*         0x0000000000000e7a        0x2 
 .text.do_reset
                0x0000000000000e7c       0x28 arch/arm/lib/built-in.o
                0x0000000000000e7c                do_reset
 .text.board_mmc_init
                0x0000000000000ea4       0x32 board/sunxi/built-in.o
                0x0000000000000ea4                board_mmc_init
 .text.i2c_init_board
                0x0000000000000ed6       0x1e board/sunxi/built-in.o
                0x0000000000000ed6                i2c_init_board
 .text.sunxi_board_init
                0x0000000000000ef4       0x78 board/sunxi/built-in.o
                0x0000000000000ef4                sunxi_board_init
 .text.sunxi_dram_init
                0x0000000000000f6c        0xc board/sunxi/built-in.o
                0x0000000000000f6c                sunxi_dram_init
 .text.spl_set_header_raw_uboot
                0x0000000000000f78       0x24 common/spl/built-in.o
                0x0000000000000f78                spl_set_header_raw_uboot
 .text.spl_parse_image_header
                0x0000000000000f9c       0x4c common/spl/built-in.o
                0x0000000000000f9c                spl_parse_image_header
 .text.jump_to_image_no_args
                0x0000000000000fe8        0x6 common/spl/built-in.o
                0x0000000000000fe8                jump_to_image_no_args
 .text.spl_init
                0x0000000000000fee       0x1c common/spl/built-in.o
                0x0000000000000fee                spl_init
 .text.board_boot_order
                0x000000000000100a        0xc common/spl/built-in.o
                0x000000000000100a                board_boot_order
 .text.spl_board_announce_boot_device
                0x0000000000001016        0x2 common/spl/built-in.o
                0x0000000000001016                spl_board_announce_boot_device
 .text.board_init_r
                0x0000000000001018       0xdc common/spl/built-in.o
                0x0000000000001018                board_init_r
 .text.preloader_console_init
                0x00000000000010f4       0x2c common/spl/built-in.o
                0x00000000000010f4                preloader_console_init
 .text.spl_relocate_stack_gd
                0x0000000000001120       0x40 common/spl/built-in.o
                0x0000000000001120                spl_relocate_stack_gd
 .text.spl_mmc_get_device_index
                0x0000000000001160       0x24 common/spl/built-in.o
                0x0000000000001160                spl_mmc_get_device_index
 .text.spl_mmc_load_image
                0x0000000000001184      0x118 common/spl/built-in.o
                0x0000000000001184                spl_mmc_load_image
 .text.board_init_f_alloc_reserve
                0x000000000000129c        0xa common/init/built-in.o
                0x000000000000129c                board_init_f_alloc_reserve
 .text.board_init_f_init_reserve
                0x00000000000012a6       0x14 common/init/built-in.o
                0x00000000000012a6                board_init_f_init_reserve
 *fill*         0x00000000000012ba        0x2 
 .text.console_putc
                0x00000000000012bc       0x38 common/built-in.o
 .text.console_puts
                0x00000000000012f4       0x38 common/built-in.o
 .text.putc     0x000000000000132c       0x1c common/built-in.o
                0x000000000000132c                putc
 .text.puts     0x0000000000001348       0x1c common/built-in.o
                0x0000000000001348                puts
 .text.malloc_simple
                0x0000000000001364       0x28 common/built-in.o
                0x0000000000001364                malloc_simple
 .text.calloc   0x000000000000138c       0x18 common/built-in.o
                0x000000000000138c                calloc
 .text.get_ram_size
                0x00000000000013a4       0x8a common/built-in.o
                0x00000000000013a4                get_ram_size
 *fill*         0x000000000000142e        0x2 
 .text.part_init
                0x0000000000001430       0x2c disk/built-in.o
                0x0000000000001430                part_init
 .text.i2c_get_adapter
                0x000000000000145c       0x40 drivers/built-in.o
                0x000000000000145c                i2c_get_adapter
 .text.i2c_init_bus
                0x000000000000149c       0x64 drivers/built-in.o
 .text.i2c_read
                0x0000000000001500       0x34 drivers/built-in.o
                0x0000000000001500                i2c_read
 .text.i2c_write
                0x0000000000001534       0x34 drivers/built-in.o
                0x0000000000001534                i2c_write
 .text.i2c_init
                0x0000000000001568        0xe drivers/built-in.o
                0x0000000000001568                i2c_init
 *fill*         0x0000000000001576        0x2 
 .text.twsi_get_base.isra.0
                0x0000000000001578       0x1c drivers/built-in.o
 .text.twsi_i2c_set_bus_speed
                0x0000000000001594       0x5c drivers/built-in.o
 .text.twsi_wait
                0x00000000000015f0       0x4e drivers/built-in.o
 *fill*         0x000000000000163e        0x2 
 .text.twsi_send
                0x0000000000001640       0x28 drivers/built-in.o
 .text.i2c_begin
                0x0000000000001668       0x4c drivers/built-in.o
 .text.twsi_recv
                0x00000000000016b4       0x30 drivers/built-in.o
 .text.twsi_stop
                0x00000000000016e4       0x3e drivers/built-in.o
 .text.twsi_i2c_write
                0x0000000000001722       0x68 drivers/built-in.o
 *fill*         0x000000000000178a        0x2 
 .text.twsi_i2c_read
                0x000000000000178c       0x90 drivers/built-in.o
 .text.twsi_i2c_probe
                0x000000000000181c       0x30 drivers/built-in.o
 .text.twsi_i2c_init
                0x000000000000184c       0x48 drivers/built-in.o
 .text.gpio_request
                0x0000000000001894        0x4 drivers/built-in.o
                0x0000000000001894                gpio_request
 .text.gpio_direction_input
                0x0000000000001898        0xc drivers/built-in.o
                0x0000000000001898                gpio_direction_input
 .text.gpio_get_value
                0x00000000000018a4       0x30 drivers/built-in.o
                0x00000000000018a4                gpio_get_value
 .text.sunxi_name_to_gpio
                0x00000000000018d4       0x5e drivers/built-in.o
                0x00000000000018d4                sunxi_name_to_gpio
 .text.mmc_berase
                0x0000000000001932        0x4 drivers/built-in.o
 .text.mmc_bwrite
                0x0000000000001936        0x4 drivers/built-in.o
 .text.mmc_set_ios
                0x000000000000193a        0xc drivers/built-in.o
 .text.mmc_set_capacity
                0x0000000000001946       0x6a drivers/built-in.o
 .text.board_mmc_getcd
                0x00000000000019b0        0x6 drivers/built-in.o
                0x00000000000019b0                board_mmc_getcd
 .text.mmc_send_cmd
                0x00000000000019b6        0x8 drivers/built-in.o
                0x00000000000019b6                mmc_send_cmd
 .text.mmc_send_ext_csd
                0x00000000000019be       0x2e drivers/built-in.o
 .text.mmc_go_idle
                0x00000000000019ec       0x32 drivers/built-in.o
 *fill*         0x0000000000001a1e        0x2 
 .text.mmc_send_op_cond_iter
                0x0000000000001a20       0x44 drivers/built-in.o
 .text.mmc_send_status
                0x0000000000001a64       0x90 drivers/built-in.o
                0x0000000000001a64                mmc_send_status
 .text.mmc_switch.isra.0
                0x0000000000001af4       0x34 drivers/built-in.o
 .text.mmc_set_blocklen
                0x0000000000001b28       0x26 drivers/built-in.o
                0x0000000000001b28                mmc_set_blocklen
 *fill*         0x0000000000001b4e        0x2 
 .text.find_mmc_device
                0x0000000000001b50       0x30 drivers/built-in.o
                0x0000000000001b50                find_mmc_device
 .text.mmc_switch_part
                0x0000000000001b80       0x40 drivers/built-in.o
                0x0000000000001b80                mmc_switch_part
 .text.mmc_select_hwpart
                0x0000000000001bc0       0x44 drivers/built-in.o
                0x0000000000001bc0                mmc_select_hwpart
 .text.mmc_bread
                0x0000000000001c04      0x128 drivers/built-in.o
 .text.mmc_getcd
                0x0000000000001d2c       0x20 drivers/built-in.o
                0x0000000000001d2c                mmc_getcd
 .text.mmc_set_clock
                0x0000000000001d4c       0x1c drivers/built-in.o
                0x0000000000001d4c                mmc_set_clock
 .text.mmc_startup
                0x0000000000001d68      0x8bc drivers/built-in.o
 .text.mmc_create
                0x0000000000002624       0x98 drivers/built-in.o
                0x0000000000002624                mmc_create
 .text.board_mmc_power_init
                0x00000000000026bc        0x2 drivers/built-in.o
                0x00000000000026bc                board_mmc_power_init
 *fill*         0x00000000000026be        0x2 
 .text.mmc_start_init
                0x00000000000026c0      0x188 drivers/built-in.o
                0x00000000000026c0                mmc_start_init
 .text.mmc_init
                0x0000000000002848       0x8e drivers/built-in.o
                0x0000000000002848                mmc_init
 .text.cpu_mmc_init
                0x00000000000028d6        0x6 drivers/built-in.o
                0x00000000000028d6                cpu_mmc_init
 .text.mmc_initialize
                0x00000000000028dc       0x4c drivers/built-in.o
                0x00000000000028dc                mmc_initialize
 .text.sunxi_mmc_core_init
                0x0000000000002928       0x16 drivers/built-in.o
 *fill*         0x000000000000293e        0x2 
 .text.sunxi_mmc_getcd_gpio
                0x0000000000002940       0x24 drivers/built-in.o
 .text.sunxi_mmc_getcd
                0x0000000000002964       0x1e drivers/built-in.o
 *fill*         0x0000000000002982        0x2 
 .text.mmc_update_clk.isra.1
                0x0000000000002984       0x3c drivers/built-in.o
 .text.mmc_set_mod_clk
                0x00000000000029c0       0xac drivers/built-in.o
 .text.sunxi_mmc_set_ios
                0x0000000000002a6c       0x66 drivers/built-in.o
 .text.sunxi_mmc_send_cmd
                0x0000000000002ad2      0x1fe drivers/built-in.o
 .text.sunxi_mmc_has_egon_boot_signature
                0x0000000000002cd0       0x68 drivers/built-in.o
                0x0000000000002cd0                sunxi_mmc_has_egon_boot_signature
 .text.sunxi_mmc_init
                0x0000000000002d38      0x114 drivers/built-in.o
                0x0000000000002d38                sunxi_mmc_init
 .text.get_current
                0x0000000000002e4c       0x2c drivers/built-in.o
 .text.serial_init
                0x0000000000002e78       0x1a drivers/built-in.o
                0x0000000000002e78                serial_init
 .text.serial_putc
                0x0000000000002e92       0x12 drivers/built-in.o
                0x0000000000002e92                serial_putc
 .text.serial_puts
                0x0000000000002ea4       0x12 drivers/built-in.o
                0x0000000000002ea4                serial_puts
 *fill*         0x0000000000002eb6        0x2 
 .text._serial_putc
                0x0000000000002eb8       0x2c drivers/built-in.o
 .text.eserial1_putc
                0x0000000000002ee4        0x6 drivers/built-in.o
 .text._serial_puts
                0x0000000000002eea       0x16 drivers/built-in.o
 .text.eserial1_puts
                0x0000000000002f00        0x6 drivers/built-in.o
 *fill*         0x0000000000002f06        0x2 
 .text._serial_setbrg
                0x0000000000002f08       0x2c drivers/built-in.o
 .text.eserial1_setbrg
                0x0000000000002f34        0x6 drivers/built-in.o
 *fill*         0x0000000000002f3a        0x2 
 .text.eserial1_init
                0x0000000000002f3c       0x24 drivers/built-in.o
 .text.eserial1_getc
                0x0000000000002f60       0x10 drivers/built-in.o
 .text.eserial1_tstc
                0x0000000000002f70        0xc drivers/built-in.o
 .text.default_serial_console
                0x0000000000002f7c        0x8 drivers/built-in.o
                0x0000000000002f7c                default_serial_console
 .text.ns16550_calc_divisor
                0x0000000000002f84       0x10 drivers/built-in.o
                0x0000000000002f84                ns16550_calc_divisor
 .text.NS16550_init
                0x0000000000002f94       0x2a drivers/built-in.o
                0x0000000000002f94                NS16550_init
 .text.NS16550_reinit
                0x0000000000002fbe       0x28 drivers/built-in.o
                0x0000000000002fbe                NS16550_reinit
 .text.NS16550_putc
                0x0000000000002fe6        0xc drivers/built-in.o
                0x0000000000002fe6                NS16550_putc
 .text.NS16550_getc
                0x0000000000002ff2        0xe drivers/built-in.o
                0x0000000000002ff2                NS16550_getc
 .text.NS16550_tstc
                0x0000000000003000        0xa drivers/built-in.o
                0x0000000000003000                NS16550_tstc
 .text.axp_set_dcdc2
                0x000000000000300a       0x6e drivers/built-in.o
                0x000000000000300a                axp_set_dcdc2
 .text.axp_set_dcdc3
                0x0000000000003078       0x48 drivers/built-in.o
                0x0000000000003078                axp_set_dcdc3
 .text.axp_set_aldo2
                0x00000000000030c0       0x68 drivers/built-in.o
                0x00000000000030c0                axp_set_aldo2
 .text.axp_set_aldo3
                0x0000000000003128       0x50 drivers/built-in.o
                0x0000000000003128                axp_set_aldo3
 .text.axp_set_aldo4
                0x0000000000003178       0x54 drivers/built-in.o
                0x0000000000003178                axp_set_aldo4
 .text.axp_init
                0x00000000000031cc       0x40 drivers/built-in.o
                0x00000000000031cc                axp_init
 .text.__div64_32
                0x000000000000320c       0x7e lib/built-in.o
                0x000000000000320c                __div64_32
 *fill*         0x000000000000328a        0x2 
 .text.hang     0x000000000000328c       0x10 lib/built-in.o
                0x000000000000328c                hang
 .text.strncmp  0x000000000000329c       0x22 lib/built-in.o
                0x000000000000329c                strncmp
 .text.strnlen  0x00000000000032be       0x18 lib/built-in.o
                0x00000000000032be                strnlen
 .text.memset   0x00000000000032d6       0x42 lib/built-in.o
                0x00000000000032d6                memset
 .text.memcpy   0x0000000000003318       0x48 lib/built-in.o
                0x0000000000003318                memcpy
 .text.memcmp   0x0000000000003360       0x1e lib/built-in.o
                0x0000000000003360                memcmp
 .text.tick_to_time
                0x000000000000337e       0x48 lib/built-in.o
 .text.timer_get_us
                0x00000000000033c6       0x1c lib/built-in.o
                0x00000000000033c6                timer_get_us
 *fill*         0x00000000000033e2        0x2 
 .text.udelay   0x00000000000033e4       0x20 lib/built-in.o
                0x00000000000033e4                udelay
 .text.put_dec_trunc
                0x0000000000003404       0x96 lib/built-in.o
 *fill*         0x000000000000349a        0x2 
 .text.string   0x000000000000349c       0x78 lib/built-in.o
 .text.put_dec  0x0000000000003514       0xec lib/built-in.o
 .text.number   0x0000000000003600      0x1e8 lib/built-in.o
 .text.vsnprintf_internal
                0x00000000000037e8      0x448 lib/built-in.o
 .text.vscnprintf
                0x0000000000003c30       0x16 lib/built-in.o
                0x0000000000003c30                vscnprintf
 .text.vsprintf
                0x0000000000003c46        0xc lib/built-in.o
                0x0000000000003c46                vsprintf
 .text.sprintf  0x0000000000003c52       0x1a lib/built-in.o
                0x0000000000003c52                sprintf
 .text.printf   0x0000000000003c6c       0x32 lib/built-in.o
                0x0000000000003c6c                printf
 .text.vprintf  0x0000000000003c9e       0x24 lib/built-in.o
                0x0000000000003c9e                vprintf
 *fill*         0x0000000000003cc2        0x2 
 .text.panic_finish
                0x0000000000003cc4       0x20 lib/built-in.o
 .text.panic_str
                0x0000000000003ce4        0xa lib/built-in.o
                0x0000000000003ce4                panic_str
 .text.panic    0x0000000000003cee       0x14 lib/built-in.o
                0x0000000000003cee                panic
 *fill*         0x0000000000003d02        0x2 
 .text.simple_strtoul
                0x0000000000003d04       0x70 lib/built-in.o
                0x0000000000003d04                simple_strtoul
 .text.simple_strtol
                0x0000000000003d74       0x1a lib/built-in.o
                0x0000000000003d74                simple_strtol
 .text.raise    0x0000000000003d8e        0x4 arch/arm/lib/eabi_compat.o
                0x0000000000003d8e                raise
 *fill*         0x0000000000003d92        0x2 
 .text          0x0000000000003d94       0x34 /home/hardik/Project/TFA9879/buildroot-2018.02.3/output/host/lib/gcc/arm-buildroot-linux-uclibcgnueabihf/6.4.0/libgcc.a(_udivsi3.o)
                0x0000000000003d94                __udivsi3
                0x0000000000003d94                __aeabi_uidiv
                0x0000000000003db0                __aeabi_uidivmod
 .text          0x0000000000003dc8       0x38 /home/hardik/Project/TFA9879/buildroot-2018.02.3/output/host/lib/gcc/arm-buildroot-linux-uclibcgnueabihf/6.4.0/libgcc.a(_divsi3.o)
                0x0000000000003dc8                __aeabi_idiv
                0x0000000000003dc8                __divsi3
                0x0000000000003de8                __aeabi_idivmod
 .text          0x0000000000003e00       0x1c /home/hardik/Project/TFA9879/buildroot-2018.02.3/output/host/lib/gcc/arm-buildroot-linux-uclibcgnueabihf/6.4.0/libgcc.a(_lshrdi3.o)
                0x0000000000003e00                __aeabi_llsr
                0x0000000000003e00                __lshrdi3
 .text          0x0000000000003e1c       0x1c /home/hardik/Project/TFA9879/buildroot-2018.02.3/output/host/lib/gcc/arm-buildroot-linux-uclibcgnueabihf/6.4.0/libgcc.a(_ashldi3.o)
                0x0000000000003e1c                __ashldi3
                0x0000000000003e1c                __aeabi_llsl
 .text          0x0000000000003e38       0x10 /home/hardik/Project/TFA9879/buildroot-2018.02.3/output/host/lib/gcc/arm-buildroot-linux-uclibcgnueabihf/6.4.0/libgcc.a(_dvmd_lnx.o)
                0x0000000000003e38                __aeabi_ldiv0
                0x0000000000003e38                __aeabi_idiv0

.glue_7         0x0000000000003e48        0x0
 .glue_7        0x0000000000003e48        0x0 linker stubs

.glue_7t        0x0000000000003e48        0x0
 .glue_7t       0x0000000000003e48        0x0 linker stubs

.vfp11_veneer   0x0000000000003e48        0x0
 .vfp11_veneer  0x0000000000003e48        0x0 linker stubs

.v4_bx          0x0000000000003e48        0x0
 .v4_bx         0x0000000000003e48        0x0 linker stubs

.iplt           0x0000000000003e48        0x0
 .iplt          0x0000000000003e48        0x0 arch/arm/cpu/armv7/start.o
                0x0000000000003e48                . = ALIGN (0x4)

.rodata         0x0000000000003e48      0x81c
 *(SORT(.rodata*))
 .rodata.pll1_para
                0x0000000000003e48       0x78 arch/arm/mach-sunxi/built-in.o
 .rodata.hpcr_value
                0x0000000000003ec0       0x80 arch/arm/mach-sunxi/built-in.o
 .rodata.ext_csd_bits.8752
                0x0000000000003f40       0x14 drivers/built-in.o
 .rodata.ext_to_hostcaps.8753
                0x0000000000003f54       0x1c drivers/built-in.o
 .rodata.fbase  0x0000000000003f70       0x10 drivers/built-in.o
 .rodata.multipliers
                0x0000000000003f80       0x40 drivers/built-in.o
 .rodata.widths.8754
                0x0000000000003fc0       0x14 drivers/built-in.o
 .rodata.sunxi_mmc_ops
                0x0000000000003fd4       0x14 drivers/built-in.o
 .rodata.serial_ports
                0x0000000000003fe8       0x18 drivers/built-in.o
 .rodata.vindex.6607
                0x0000000000004000       0x40 drivers/built-in.o
 .rodata.tRFC_DDR3_table
                0x0000000000004040        0xc arch/arm/mach-sunxi/built-in.o
 .rodata.spl_boot_device.str1.1
                0x000000000000404c       0x2a arch/arm/mach-sunxi/built-in.o
 .rodata.mctl_await_completion.str1.1
                0x0000000000004076       0x1b arch/arm/mach-sunxi/built-in.o
 .rodata.clock_set_pll1.str1.1
                0x0000000000004091       0x22 arch/arm/mach-sunxi/built-in.o
 .rodata.dramc_init_helper.str1.1
                0x00000000000040b3        0xe arch/arm/mach-sunxi/built-in.o
 .rodata.do_reset.str1.1
                0x00000000000040c1        0xf arch/arm/lib/built-in.o
 .rodata.sunxi_board_init.str1.1
                0x00000000000040d0       0x45 board/sunxi/built-in.o
 .rodata.board_init_r.str1.1
                0x0000000000004115       0x63 common/spl/built-in.o
                                         0x65 (size before relaxing)
 .rodata.preloader_console_init.str1.1
                0x0000000000004178       0x2e common/spl/built-in.o
 .rodata.spl_relocate_stack_gd.str1.1
                0x00000000000041a6       0x2a common/spl/built-in.o
 .rodata.spl_set_header_raw_uboot.str1.1
                0x00000000000041d0        0x7 common/spl/built-in.o
 .rodata.str1.1
                0x00000000000041d7       0x25 common/spl/built-in.o
 .rodata.spl_mmc_get_device_index.str1.1
                0x00000000000041fc       0x23 common/spl/built-in.o
 .rodata.spl_mmc_load_image.str1.1
                0x000000000000421f       0xe8 common/spl/built-in.o
 .rodata.i2c_get_adapter.str1.1
                0x0000000000004307       0x2d drivers/built-in.o
 .rodata.str1.1
                0x0000000000004334        0x6 drivers/built-in.o
 .rodata.twsi_get_base.isra.0.str1.1
                0x000000000000433a       0x23 drivers/built-in.o
 .rodata.find_mmc_device.str1.1
                0x000000000000435d       0x19 drivers/built-in.o
 .rodata.mmc_bread.str1.1
                0x0000000000004376       0x49 drivers/built-in.o
 .rodata.mmc_select_hwpart.str1.1
                0x00000000000043bf       0x22 drivers/built-in.o
 .rodata.mmc_send_status.str1.1
                0x00000000000043e1       0x32 drivers/built-in.o
 .rodata.mmc_start_init.str1.1
                0x0000000000004413       0x3f drivers/built-in.o
 .rodata.mmc_startup.str1.1
                0x0000000000004452       0x3e drivers/built-in.o
 .rodata.mmc_set_mod_clk.str1.1
                0x0000000000004490       0x25 drivers/built-in.o
 .rodata.sunxi_mmc_getcd_gpio.str1.1
                0x00000000000044b5        0x4 drivers/built-in.o
                                          0x5 (size before relaxing)
 .rodata.sunxi_mmc_has_egon_boot_signature.str1.1
                0x00000000000044b9       0x1b drivers/built-in.o
                                         0x24 (size before relaxing)
 .rodata.sunxi_mmc_init.str1.1
                0x00000000000044d4       0x29 drivers/built-in.o
 .rodata.get_current.str1.1
                0x00000000000044fd       0x15 drivers/built-in.o
 .rodata._ctype
                0x0000000000004512      0x100 lib/built-in.o
                0x0000000000004512                _ctype
 .rodata.hang.str1.1
                0x0000000000004612       0x2a lib/built-in.o
 .rodata.digits.6571
                0x000000000000463c       0x10 lib/built-in.o
 .rodata.hex_asc
                0x000000000000464c       0x11 lib/built-in.o
 .rodata.string.str1.1
                0x000000000000465d        0x7 lib/built-in.o

.rel.dyn        0x0000000000004664        0x0
 .rel.iplt      0x0000000000004664        0x0 arch/arm/cpu/armv7/start.o
                0x0000000000004664                . = ALIGN (0x4)

.data           0x0000000000004668      0x1f5
 *(SORT(.data*))
 .data          0x0000000000004668       0xc8 arch/arm/lib/built-in.o
                0x0000000000004668                gdata
 .data          0x0000000000004730       0x18 arch/arm/mach-sunxi/built-in.o
                0x0000000000004730                fel_stash
 .data.needs_init.6927
                0x0000000000004748        0x4 arch/arm/mach-sunxi/built-in.o
 .data.dram_para
                0x000000000000474c       0x58 board/sunxi/built-in.o
 .data          0x00000000000047a4       0x50 common/spl/built-in.o
 .data.boot_name_table
                0x00000000000047f4       0x20 common/spl/built-in.o
                0x00000000000047f4                boot_name_table
 .data.spl_boot_list
                0x0000000000004814       0x14 common/spl/built-in.o
 .data.cur_dev_num
                0x0000000000004828        0x4 drivers/built-in.o
 .data.eserial1_device
                0x000000000000482c       0x30 drivers/built-in.o
                0x000000000000482c                eserial1_device
 .data.twsi_control_flags
                0x000000000000485c        0x1 drivers/built-in.o

.igot.plt       0x0000000000004860        0x0
 .igot.plt      0x0000000000004860        0x0 arch/arm/cpu/armv7/start.o
                0x0000000000004860                . = ALIGN (0x4)

.u_boot_list    0x0000000000004860       0x2c
 *(SORT(.u_boot_list*))
 .u_boot_list_2_cmd_1
                0x0000000000004860        0x0 common/built-in.o
 .u_boot_list_2_cmd_3
                0x0000000000004860        0x0 common/built-in.o
 .u_boot_list_2_i2c_1
                0x0000000000004860        0x0 drivers/built-in.o
 .u_boot_list_2_i2c_2_twsi0
                0x0000000000004860       0x2c drivers/built-in.o
                0x0000000000004860                _u_boot_list_2_i2c_2_twsi0
 .u_boot_list_2_i2c_3
                0x000000000000488c        0x0 drivers/built-in.o
 .u_boot_list_2_part_driver_1
                0x000000000000488c        0x0 disk/built-in.o
 .u_boot_list_2_part_driver_3
                0x000000000000488c        0x0 disk/built-in.o
                0x000000000000488c                . = ALIGN (0x4)
                0x000000000000488c                __image_copy_end = .
                0x000000000000488c                _end = .

.bss            0x000000004ff80000      0x100
                0x000000004ff80000                . = ALIGN (0x4)
                0x000000004ff80000                __bss_start = .
 *(.bss*)
 .bss.spl_image
                0x000000004ff80000       0x18 common/spl/built-in.o
                0x000000004ff80000                spl_image
 .bss.cd_count  0x000000004ff80018        0xc common/built-in.o
                0x000000004ff80018                cd_count
 .bss.console_devices
                0x000000004ff80024        0xc common/built-in.o
                0x000000004ff80024                console_devices
 .bss.initialized.8843
                0x000000004ff80030        0x4 drivers/built-in.o
 .bss.mmc_devices
                0x000000004ff80034        0x8 drivers/built-in.o
 .bss.mmc_host  0x000000004ff8003c       0xc0 drivers/built-in.o
                0x000000004ff8003c                mmc_host
 .bss.serial_current
                0x000000004ff800fc        0x4 drivers/built-in.o
                0x000000004ff80100                . = ALIGN (0x4)
                0x000000004ff80100                __bss_end = .
Address of section .text set to 0x20
LOAD arch/arm/cpu/armv7/start.o
START GROUP
LOAD arch/arm/mach-sunxi/built-in.o
LOAD arch/arm/cpu/armv7/built-in.o
LOAD arch/arm/cpu/built-in.o
LOAD arch/arm/lib/built-in.o
LOAD board/sunxi/built-in.o
LOAD common/spl/built-in.o
LOAD common/init/built-in.o
LOAD common/built-in.o
LOAD cmd/built-in.o
LOAD disk/built-in.o
LOAD drivers/built-in.o
LOAD dts/built-in.o
LOAD fs/built-in.o
LOAD lib/built-in.o
END GROUP
LOAD arch/arm/lib/eabi_compat.o
LOAD /home/hardik/Project/TFA9879/buildroot-2018.02.3/output/host/lib/gcc/arm-buildroot-linux-uclibcgnueabihf/6.4.0/libgcc.a
OUTPUT(u-boot-spl elf32-littlearm)

.ARM.attributes
                0x0000000000000000       0x33
 .ARM.attributes
                0x0000000000000000       0x21 arch/arm/cpu/armv7/start.o
 .ARM.attributes
                0x0000000000000021       0x2d arch/arm/mach-sunxi/built-in.o
 .ARM.attributes
                0x000000000000004e       0x33 arch/arm/cpu/armv7/built-in.o
 .ARM.attributes
                0x0000000000000081       0x2d arch/arm/lib/built-in.o
 .ARM.attributes
                0x00000000000000ae       0x2d board/sunxi/built-in.o
 .ARM.attributes
                0x00000000000000db       0x2d common/spl/built-in.o
 .ARM.attributes
                0x0000000000000108       0x2d common/init/built-in.o
 .ARM.attributes
                0x0000000000000135       0x2d common/built-in.o
 .ARM.attributes
                0x0000000000000162       0x2d disk/built-in.o
 .ARM.attributes
                0x000000000000018f       0x2d drivers/built-in.o
 .ARM.attributes
                0x00000000000001bc       0x31 lib/built-in.o
 .ARM.attributes
                0x00000000000001ed       0x2d arch/arm/lib/eabi_compat.o
 .ARM.attributes
                0x000000000000021a       0x2f /home/hardik/Project/TFA9879/buildroot-2018.02.3/output/host/lib/gcc/arm-buildroot-linux-uclibcgnueabihf/6.4.0/libgcc.a(_udivsi3.o)
 .ARM.attributes
                0x0000000000000249       0x2f /home/hardik/Project/TFA9879/buildroot-2018.02.3/output/host/lib/gcc/arm-buildroot-linux-uclibcgnueabihf/6.4.0/libgcc.a(_divsi3.o)
 .ARM.attributes
                0x0000000000000278       0x2f /home/hardik/Project/TFA9879/buildroot-2018.02.3/output/host/lib/gcc/arm-buildroot-linux-uclibcgnueabihf/6.4.0/libgcc.a(_lshrdi3.o)
 .ARM.attributes
                0x00000000000002a7       0x2f /home/hardik/Project/TFA9879/buildroot-2018.02.3/output/host/lib/gcc/arm-buildroot-linux-uclibcgnueabihf/6.4.0/libgcc.a(_ashldi3.o)
 .ARM.attributes
                0x00000000000002d6       0x2f /home/hardik/Project/TFA9879/buildroot-2018.02.3/output/host/lib/gcc/arm-buildroot-linux-uclibcgnueabihf/6.4.0/libgcc.a(_dvmd_lnx.o)

.comment        0x0000000000000000       0x21
 .comment       0x0000000000000000       0x21 arch/arm/mach-sunxi/built-in.o
                                        0x132 (size before relaxing)
 .comment       0x0000000000000021       0xee arch/arm/cpu/armv7/built-in.o
 .comment       0x0000000000000021       0xee arch/arm/lib/built-in.o
 .comment       0x0000000000000021       0x88 board/sunxi/built-in.o
 .comment       0x0000000000000021       0x44 common/spl/built-in.o
 .comment       0x0000000000000021       0x22 common/init/built-in.o
 .comment       0x0000000000000021      0x1ba common/built-in.o
 .comment       0x0000000000000021       0x22 disk/built-in.o
 .comment       0x0000000000000021      0x132 drivers/built-in.o
 .comment       0x0000000000000021      0x220 lib/built-in.o
 .comment       0x0000000000000021       0x22 arch/arm/lib/eabi_compat.o

.note.GNU-stack
                0x0000000000000000        0x0
 .note.GNU-stack
                0x0000000000000000        0x0 arch/arm/mach-sunxi/built-in.o
 .note.GNU-stack
                0x0000000000000000        0x0 arch/arm/cpu/armv7/built-in.o
 .note.GNU-stack
                0x0000000000000000        0x0 arch/arm/lib/built-in.o
 .note.GNU-stack
                0x0000000000000000        0x0 board/sunxi/built-in.o
 .note.GNU-stack
                0x0000000000000000        0x0 common/spl/built-in.o
 .note.GNU-stack
                0x0000000000000000        0x0 common/init/built-in.o
 .note.GNU-stack
                0x0000000000000000        0x0 common/built-in.o
 .note.GNU-stack
                0x0000000000000000        0x0 disk/built-in.o
 .note.GNU-stack
                0x0000000000000000        0x0 drivers/built-in.o
 .note.GNU-stack
                0x0000000000000000        0x0 lib/built-in.o
 .note.GNU-stack
                0x0000000000000000        0x0 arch/arm/lib/eabi_compat.o
 .note.GNU-stack
                0x0000000000000000        0x0 /home/hardik/Project/TFA9879/buildroot-2018.02.3/output/host/lib/gcc/arm-buildroot-linux-uclibcgnueabihf/6.4.0/libgcc.a(_udivsi3.o)
 .note.GNU-stack
                0x0000000000000000        0x0 /home/hardik/Project/TFA9879/buildroot-2018.02.3/output/host/lib/gcc/arm-buildroot-linux-uclibcgnueabihf/6.4.0/libgcc.a(_divsi3.o)
 .note.GNU-stack
                0x0000000000000000        0x0 /home/hardik/Project/TFA9879/buildroot-2018.02.3/output/host/lib/gcc/arm-buildroot-linux-uclibcgnueabihf/6.4.0/libgcc.a(_lshrdi3.o)
 .note.GNU-stack
                0x0000000000000000        0x0 /home/hardik/Project/TFA9879/buildroot-2018.02.3/output/host/lib/gcc/arm-buildroot-linux-uclibcgnueabihf/6.4.0/libgcc.a(_ashldi3.o)
 .note.GNU-stack
                0x0000000000000000        0x0 /home/hardik/Project/TFA9879/buildroot-2018.02.3/output/host/lib/gcc/arm-buildroot-linux-uclibcgnueabihf/6.4.0/libgcc.a(_dvmd_lnx.o)

.debug_line     0x0000000000000000     0xbd55
 .debug_line    0x0000000000000000       0x87 arch/arm/cpu/armv7/start.o
 .debug_line    0x0000000000000087     0x139d arch/arm/mach-sunxi/built-in.o
 .debug_line    0x0000000000001424      0xf97 arch/arm/cpu/armv7/built-in.o
 .debug_line    0x00000000000023bb      0xc8e arch/arm/lib/built-in.o
 .debug_line    0x0000000000003049      0x803 board/sunxi/built-in.o
 .debug_line    0x000000000000384c      0x5df common/spl/built-in.o
 .debug_line    0x0000000000003e2b      0x18a common/init/built-in.o
 .debug_line    0x0000000000003fb5     0x2c38 common/built-in.o
 .debug_line    0x0000000000006bed      0x3ab disk/built-in.o
 .debug_line    0x0000000000006f98     0x22e5 drivers/built-in.o
 .debug_line    0x000000000000927d     0x2777 lib/built-in.o
 .debug_line    0x000000000000b9f4      0x181 arch/arm/lib/eabi_compat.o
 .debug_line    0x000000000000bb75       0x65 /home/hardik/Project/TFA9879/buildroot-2018.02.3/output/host/lib/gcc/arm-buildroot-linux-uclibcgnueabihf/6.4.0/libgcc.a(_udivsi3.o)
 .debug_line    0x000000000000bbda       0x65 /home/hardik/Project/TFA9879/buildroot-2018.02.3/output/host/lib/gcc/arm-buildroot-linux-uclibcgnueabihf/6.4.0/libgcc.a(_divsi3.o)
 .debug_line    0x000000000000bc3f       0x5d /home/hardik/Project/TFA9879/buildroot-2018.02.3/output/host/lib/gcc/arm-buildroot-linux-uclibcgnueabihf/6.4.0/libgcc.a(_lshrdi3.o)
 .debug_line    0x000000000000bc9c       0x5d /home/hardik/Project/TFA9879/buildroot-2018.02.3/output/host/lib/gcc/arm-buildroot-linux-uclibcgnueabihf/6.4.0/libgcc.a(_ashldi3.o)
 .debug_line    0x000000000000bcf9       0x5c /home/hardik/Project/TFA9879/buildroot-2018.02.3/output/host/lib/gcc/arm-buildroot-linux-uclibcgnueabihf/6.4.0/libgcc.a(_dvmd_lnx.o)

.debug_info     0x0000000000000000    0x5524b
 .debug_info    0x0000000000000000       0x26 arch/arm/cpu/armv7/start.o
 .debug_info    0x0000000000000026     0xaadf arch/arm/mach-sunxi/built-in.o
 .debug_info    0x000000000000ab05     0x6d39 arch/arm/cpu/armv7/built-in.o
 .debug_info    0x000000000001183e     0x5fb9 arch/arm/lib/built-in.o
 .debug_info    0x00000000000177f7     0x4c10 board/sunxi/built-in.o
 .debug_info    0x000000000001c407     0x4011 common/spl/built-in.o
 .debug_info    0x0000000000020418      0xe87 common/init/built-in.o
 .debug_info    0x000000000002129f    0x12d47 common/built-in.o
 .debug_info    0x0000000000033fe6     0x1b2a disk/built-in.o
 .debug_info    0x0000000000035b10    0x1030c drivers/built-in.o
 .debug_info    0x0000000000045e1c     0xe6e2 lib/built-in.o
 .debug_info    0x00000000000544fe      0xc8f arch/arm/lib/eabi_compat.o
 .debug_info    0x000000000005518d       0x26 /home/hardik/Project/TFA9879/buildroot-2018.02.3/output/host/lib/gcc/arm-buildroot-linux-uclibcgnueabihf/6.4.0/libgcc.a(_udivsi3.o)
 .debug_info    0x00000000000551b3       0x26 /home/hardik/Project/TFA9879/buildroot-2018.02.3/output/host/lib/gcc/arm-buildroot-linux-uclibcgnueabihf/6.4.0/libgcc.a(_divsi3.o)
 .debug_info    0x00000000000551d9       0x26 /home/hardik/Project/TFA9879/buildroot-2018.02.3/output/host/lib/gcc/arm-buildroot-linux-uclibcgnueabihf/6.4.0/libgcc.a(_lshrdi3.o)
 .debug_info    0x00000000000551ff       0x26 /home/hardik/Project/TFA9879/buildroot-2018.02.3/output/host/lib/gcc/arm-buildroot-linux-uclibcgnueabihf/6.4.0/libgcc.a(_ashldi3.o)
 .debug_info    0x0000000000055225       0x26 /home/hardik/Project/TFA9879/buildroot-2018.02.3/output/host/lib/gcc/arm-buildroot-linux-uclibcgnueabihf/6.4.0/libgcc.a(_dvmd_lnx.o)

.debug_abbrev   0x0000000000000000     0xdac3
 .debug_abbrev  0x0000000000000000       0x14 arch/arm/cpu/armv7/start.o
 .debug_abbrev  0x0000000000000014     0x1a9f arch/arm/mach-sunxi/built-in.o
 .debug_abbrev  0x0000000000001ab3     0x146f arch/arm/cpu/armv7/built-in.o
 .debug_abbrev  0x0000000000002f22      0xfdd arch/arm/lib/built-in.o
 .debug_abbrev  0x0000000000003eff      0xb0a board/sunxi/built-in.o
 .debug_abbrev  0x0000000000004a09      0x8f7 common/spl/built-in.o
 .debug_abbrev  0x0000000000005300      0x281 common/init/built-in.o
 .debug_abbrev  0x0000000000005581     0x2ead common/built-in.o
 .debug_abbrev  0x000000000000842e      0x51c disk/built-in.o
 .debug_abbrev  0x000000000000894a     0x25a6 drivers/built-in.o
 .debug_abbrev  0x000000000000aef0     0x2915 lib/built-in.o
 .debug_abbrev  0x000000000000d805      0x25a arch/arm/lib/eabi_compat.o
 .debug_abbrev  0x000000000000da5f       0x14 /home/hardik/Project/TFA9879/buildroot-2018.02.3/output/host/lib/gcc/arm-buildroot-linux-uclibcgnueabihf/6.4.0/libgcc.a(_udivsi3.o)
 .debug_abbrev  0x000000000000da73       0x14 /home/hardik/Project/TFA9879/buildroot-2018.02.3/output/host/lib/gcc/arm-buildroot-linux-uclibcgnueabihf/6.4.0/libgcc.a(_divsi3.o)
 .debug_abbrev  0x000000000000da87       0x14 /home/hardik/Project/TFA9879/buildroot-2018.02.3/output/host/lib/gcc/arm-buildroot-linux-uclibcgnueabihf/6.4.0/libgcc.a(_lshrdi3.o)
 .debug_abbrev  0x000000000000da9b       0x14 /home/hardik/Project/TFA9879/buildroot-2018.02.3/output/host/lib/gcc/arm-buildroot-linux-uclibcgnueabihf/6.4.0/libgcc.a(_ashldi3.o)
 .debug_abbrev  0x000000000000daaf       0x14 /home/hardik/Project/TFA9879/buildroot-2018.02.3/output/host/lib/gcc/arm-buildroot-linux-uclibcgnueabihf/6.4.0/libgcc.a(_dvmd_lnx.o)

.debug_aranges  0x0000000000000000     0x1948
 .debug_aranges
                0x0000000000000000       0x20 arch/arm/cpu/armv7/start.o
 .debug_aranges
                0x0000000000000020      0x248 arch/arm/mach-sunxi/built-in.o
 .debug_aranges
                0x0000000000000268      0x228 arch/arm/cpu/armv7/built-in.o
 .debug_aranges
                0x0000000000000490      0x1f0 arch/arm/lib/built-in.o
 .debug_aranges
                0x0000000000000680       0xb8 board/sunxi/built-in.o
 .debug_aranges
                0x0000000000000738       0x98 common/spl/built-in.o
 .debug_aranges
                0x00000000000007d0       0x28 common/init/built-in.o
 .debug_aranges
                0x00000000000007f8      0x588 common/built-in.o
 .debug_aranges
                0x0000000000000d80       0x58 disk/built-in.o
 .debug_aranges
                0x0000000000000dd8      0x560 drivers/built-in.o
 .debug_aranges
                0x0000000000001338      0x538 lib/built-in.o
 .debug_aranges
                0x0000000000001870       0x38 arch/arm/lib/eabi_compat.o
 .debug_aranges
                0x00000000000018a8       0x20 /home/hardik/Project/TFA9879/buildroot-2018.02.3/output/host/lib/gcc/arm-buildroot-linux-uclibcgnueabihf/6.4.0/libgcc.a(_udivsi3.o)
 .debug_aranges
                0x00000000000018c8       0x20 /home/hardik/Project/TFA9879/buildroot-2018.02.3/output/host/lib/gcc/arm-buildroot-linux-uclibcgnueabihf/6.4.0/libgcc.a(_divsi3.o)
 .debug_aranges
                0x00000000000018e8       0x20 /home/hardik/Project/TFA9879/buildroot-2018.02.3/output/host/lib/gcc/arm-buildroot-linux-uclibcgnueabihf/6.4.0/libgcc.a(_lshrdi3.o)
 .debug_aranges
                0x0000000000001908       0x20 /home/hardik/Project/TFA9879/buildroot-2018.02.3/output/host/lib/gcc/arm-buildroot-linux-uclibcgnueabihf/6.4.0/libgcc.a(_ashldi3.o)
 .debug_aranges
                0x0000000000001928       0x20 /home/hardik/Project/TFA9879/buildroot-2018.02.3/output/host/lib/gcc/arm-buildroot-linux-uclibcgnueabihf/6.4.0/libgcc.a(_dvmd_lnx.o)

.debug_str      0x0000000000000000     0x71b2
 .debug_str     0x0000000000000000       0x75 arch/arm/cpu/armv7/start.o
 .debug_str     0x0000000000000075     0x1c85 arch/arm/mach-sunxi/built-in.o
                                       0x7351 (size before relaxing)
 .debug_str     0x0000000000001cfa      0x77e arch/arm/cpu/armv7/built-in.o
                                       0x51bd (size before relaxing)
 .debug_str     0x0000000000002478      0x467 arch/arm/lib/built-in.o
                                       0x4896 (size before relaxing)
 .debug_str     0x00000000000028df      0x5bf board/sunxi/built-in.o
                                       0x383b (size before relaxing)
 .debug_str     0x0000000000002e9e      0x85d common/spl/built-in.o
                                       0x30e5 (size before relaxing)
 .debug_str     0x00000000000036fb       0x55 common/init/built-in.o
                                        0xb92 (size before relaxing)
 .debug_str     0x0000000000003750     0x1e57 common/built-in.o
                                       0xbcf5 (size before relaxing)
 .debug_str     0x00000000000055a7      0x1de disk/built-in.o
                                        0xde1 (size before relaxing)
 .debug_str     0x0000000000005785     0x1087 drivers/built-in.o
                                       0x9012 (size before relaxing)
 .debug_str     0x000000000000680c      0x887 lib/built-in.o
                                       0x951d (size before relaxing)
 .debug_str     0x0000000000007093       0x74 arch/arm/lib/eabi_compat.o
                                        0xa1e (size before relaxing)
 .debug_str     0x0000000000007107       0xab /home/hardik/Project/TFA9879/buildroot-2018.02.3/output/host/lib/gcc/arm-buildroot-linux-uclibcgnueabihf/6.4.0/libgcc.a(_udivsi3.o)
                                         0xb9 (size before relaxing)
 .debug_str     0x00000000000071b2       0xb9 /home/hardik/Project/TFA9879/buildroot-2018.02.3/output/host/lib/gcc/arm-buildroot-linux-uclibcgnueabihf/6.4.0/libgcc.a(_divsi3.o)
 .debug_str     0x00000000000071b2       0xb9 /home/hardik/Project/TFA9879/buildroot-2018.02.3/output/host/lib/gcc/arm-buildroot-linux-uclibcgnueabihf/6.4.0/libgcc.a(_lshrdi3.o)
 .debug_str     0x00000000000071b2       0xb9 /home/hardik/Project/TFA9879/buildroot-2018.02.3/output/host/lib/gcc/arm-buildroot-linux-uclibcgnueabihf/6.4.0/libgcc.a(_ashldi3.o)
 .debug_str     0x00000000000071b2       0xb9 /home/hardik/Project/TFA9879/buildroot-2018.02.3/output/host/lib/gcc/arm-buildroot-linux-uclibcgnueabihf/6.4.0/libgcc.a(_dvmd_lnx.o)

.debug_frame    0x0000000000000000     0x3cc0
 .debug_frame   0x0000000000000000      0x4f4 arch/arm/mach-sunxi/built-in.o
 .debug_frame   0x00000000000004f4      0x320 arch/arm/cpu/armv7/built-in.o
 .debug_frame   0x0000000000000814      0x344 arch/arm/lib/built-in.o
 .debug_frame   0x0000000000000b58      0x16c board/sunxi/built-in.o
 .debug_frame   0x0000000000000cc4      0x150 common/spl/built-in.o
 .debug_frame   0x0000000000000e14       0x38 common/init/built-in.o
 .debug_frame   0x0000000000000e4c      0xec4 common/built-in.o
 .debug_frame   0x0000000000001d10      0x138 disk/built-in.o
 .debug_frame   0x0000000000001e48      0xf40 drivers/built-in.o
 .debug_frame   0x0000000000002d88      0xe70 lib/built-in.o
 .debug_frame   0x0000000000003bf8       0x60 arch/arm/lib/eabi_compat.o
 .debug_frame   0x0000000000003c58       0x20 /home/hardik/Project/TFA9879/buildroot-2018.02.3/output/host/lib/gcc/arm-buildroot-linux-uclibcgnueabihf/6.4.0/libgcc.a(_udivsi3.o)
 .debug_frame   0x0000000000003c78       0x20 /home/hardik/Project/TFA9879/buildroot-2018.02.3/output/host/lib/gcc/arm-buildroot-linux-uclibcgnueabihf/6.4.0/libgcc.a(_divsi3.o)
 .debug_frame   0x0000000000003c98       0x28 /home/hardik/Project/TFA9879/buildroot-2018.02.3/output/host/lib/gcc/arm-buildroot-linux-uclibcgnueabihf/6.4.0/libgcc.a(_dvmd_lnx.o)

.debug_loc      0x0000000000000000    0x15a49
 .debug_loc     0x0000000000000000     0x2024 arch/arm/mach-sunxi/built-in.o
 .debug_loc     0x0000000000002024      0x970 arch/arm/cpu/armv7/built-in.o
 .debug_loc     0x0000000000002994      0x4ca arch/arm/lib/built-in.o
 .debug_loc     0x0000000000002e5e      0x2f6 board/sunxi/built-in.o
 .debug_loc     0x0000000000003154      0x547 common/spl/built-in.o
 .debug_loc     0x000000000000369b       0xca common/init/built-in.o
 .debug_loc     0x0000000000003765     0x64a9 common/built-in.o
 .debug_loc     0x0000000000009c0e      0xa43 disk/built-in.o
 .debug_loc     0x000000000000a651     0x4b79 drivers/built-in.o
 .debug_loc     0x000000000000f1ca     0x6782 lib/built-in.o
 .debug_loc     0x000000000001594c       0xfd arch/arm/lib/eabi_compat.o

.debug_ranges   0x0000000000000000     0x25b0
 .debug_ranges  0x0000000000000000      0x558 arch/arm/mach-sunxi/built-in.o
 .debug_ranges  0x0000000000000558      0x240 arch/arm/cpu/armv7/built-in.o
 .debug_ranges  0x0000000000000798      0x138 arch/arm/lib/built-in.o
 .debug_ranges  0x00000000000008d0       0xe0 board/sunxi/built-in.o
 .debug_ranges  0x00000000000009b0       0xc8 common/spl/built-in.o
 .debug_ranges  0x0000000000000a78       0x18 common/init/built-in.o
 .debug_ranges  0x0000000000000a90      0x870 common/built-in.o
 .debug_ranges  0x0000000000001300       0xb0 disk/built-in.o
 .debug_ranges  0x00000000000013b0      0x968 drivers/built-in.o
 .debug_ranges  0x0000000000001d18      0x870 lib/built-in.o
 .debug_ranges  0x0000000000002588       0x28 arch/arm/lib/eabi_compat.o
